Component: ARM Compiler 5.05 update 2 (build 169) Tool: armlink [4d0f33]

==============================================================================

Section Cross References

    stm32f4xx_it.o(i.SysTick_Handler) refers to stm32f4xx_hal.o(i.HAL_IncTick) for HAL_IncTick
    stm32f4xx_it.o(i.SysTick_Handler) refers to stm32f4xx_hal_cortex.o(i.HAL_SYSTICK_IRQHandler) for HAL_SYSTICK_IRQHandler
    stm32f4xx_hal_msp.o(i.HAL_MspInit) refers to stm32f4xx_hal_cortex.o(i.HAL_NVIC_SetPriorityGrouping) for HAL_NVIC_SetPriorityGrouping
    stm32f4xx_hal_msp.o(i.HAL_MspInit) refers to stm32f4xx_hal_cortex.o(i.HAL_NVIC_SetPriority) for HAL_NVIC_SetPriority
    main.o(i.MyTask) refers to gpio.o(i.BSP_LED_Toggle) for BSP_LED_Toggle
    main.o(i.MyTask) refers to os_time.o(i.OSTimeDly) for OSTimeDly
    main.o(i.MyTask) refers to system_stm32f4xx.o(.data) for SystemCoreClock
    main.o(i.SystemClock_Config) refers to stm32f4xx_hal_rcc.o(i.HAL_RCC_OscConfig) for HAL_RCC_OscConfig
    main.o(i.SystemClock_Config) refers to stm32f4xx_hal_pwr_ex.o(i.HAL_PWREx_EnableOverDrive) for HAL_PWREx_EnableOverDrive
    main.o(i.SystemClock_Config) refers to stm32f4xx_hal_rcc.o(i.HAL_RCC_ClockConfig) for HAL_RCC_ClockConfig
    main.o(i.SystemClock_Config) refers to stm32f4xx_hal_rcc.o(i.HAL_RCC_GetHCLKFreq) for HAL_RCC_GetHCLKFreq
    main.o(i.SystemClock_Config) refers to stm32f4xx_hal_cortex.o(i.HAL_SYSTICK_Config) for HAL_SYSTICK_Config
    main.o(i.SystemClock_Config) refers to stm32f4xx_hal_cortex.o(i.HAL_SYSTICK_CLKSourceConfig) for HAL_SYSTICK_CLKSourceConfig
    main.o(i.SystemClock_Config) refers to stm32f4xx_hal_cortex.o(i.HAL_NVIC_SetPriority) for HAL_NVIC_SetPriority
    main.o(i.main) refers to stm32f4xx_hal.o(i.HAL_Init) for HAL_Init
    main.o(i.main) refers to main.o(i.SystemClock_Config) for SystemClock_Config
    main.o(i.main) refers to gpio.o(i.MX_GPIO_Init) for MX_GPIO_Init
    main.o(i.main) refers to cpu_core.o(i.CPU_Init) for CPU_Init
    main.o(i.main) refers to os_core.o(i.OSInit) for OSInit
    main.o(i.main) refers to os_task.o(i.OSTaskCreate) for OSTaskCreate
    main.o(i.main) refers to os_core.o(i.OSStart) for OSStart
    main.o(i.main) refers to main.o(.bss) for .bss
    main.o(i.main) refers to main.o(i.MyTask) for MyTask
    gpio.o(i.BSP_LED_Off) refers to stm32f4xx_hal_gpio.o(i.HAL_GPIO_WritePin) for HAL_GPIO_WritePin
    gpio.o(i.BSP_LED_Off) refers to gpio.o(.constdata) for .constdata
    gpio.o(i.BSP_LED_Off) refers to gpio.o(.data) for .data
    gpio.o(i.BSP_LED_On) refers to stm32f4xx_hal_gpio.o(i.HAL_GPIO_WritePin) for HAL_GPIO_WritePin
    gpio.o(i.BSP_LED_On) refers to gpio.o(.constdata) for .constdata
    gpio.o(i.BSP_LED_On) refers to gpio.o(.data) for .data
    gpio.o(i.BSP_LED_Toggle) refers to stm32f4xx_hal_gpio.o(i.HAL_GPIO_TogglePin) for HAL_GPIO_TogglePin
    gpio.o(i.BSP_LED_Toggle) refers to gpio.o(.constdata) for .constdata
    gpio.o(i.BSP_LED_Toggle) refers to gpio.o(.data) for .data
    gpio.o(i.MX_GPIO_Init) refers to stm32f4xx_hal_gpio.o(i.HAL_GPIO_Init) for HAL_GPIO_Init
    startup_stm32f439xx.o(RESET) refers to startup_stm32f439xx.o(STACK) for __initial_sp
    startup_stm32f439xx.o(RESET) refers to startup_stm32f439xx.o(.text) for Reset_Handler
    startup_stm32f439xx.o(RESET) refers to os_cpu_a.o(CODE) for OS_CPU_PendSVHandler
    startup_stm32f439xx.o(RESET) refers to os_cpu_c.o(i.OS_CPU_SysTickHandler) for OS_CPU_SysTickHandler
    startup_stm32f439xx.o(.text) refers to system_stm32f4xx.o(i.SystemInit) for SystemInit
    startup_stm32f439xx.o(.text) refers to entry.o(.ARM.Collect$$$$00000000) for __main
    system_stm32f4xx.o(i.SystemCoreClockUpdate) refers to system_stm32f4xx.o(.data) for .data
    system_stm32f4xx.o(i.SystemCoreClockUpdate) refers to system_stm32f4xx.o(.constdata) for .constdata
    stm32f4xx_hal_pwr_ex.o(i.HAL_PWREx_ControlVoltageScaling) refers to stm32f4xx_hal.o(i.HAL_GetTick) for HAL_GetTick
    stm32f4xx_hal_pwr_ex.o(i.HAL_PWREx_DisableBkUpReg) refers to stm32f4xx_hal.o(i.HAL_GetTick) for HAL_GetTick
    stm32f4xx_hal_pwr_ex.o(i.HAL_PWREx_DisableOverDrive) refers to stm32f4xx_hal.o(i.HAL_GetTick) for HAL_GetTick
    stm32f4xx_hal_pwr_ex.o(i.HAL_PWREx_EnableBkUpReg) refers to stm32f4xx_hal.o(i.HAL_GetTick) for HAL_GetTick
    stm32f4xx_hal_pwr_ex.o(i.HAL_PWREx_EnableOverDrive) refers to stm32f4xx_hal.o(i.HAL_GetTick) for HAL_GetTick
    stm32f4xx_hal_pwr_ex.o(i.HAL_PWREx_EnterUnderDriveSTOPMode) refers to stm32f4xx_hal.o(i.HAL_GetTick) for HAL_GetTick
    stm32f4xx_hal_dma.o(i.DMA_CalcBaseAndBitshift) refers to stm32f4xx_hal_dma.o(.constdata) for .constdata
    stm32f4xx_hal_dma.o(i.HAL_DMA_Abort) refers to stm32f4xx_hal.o(i.HAL_GetTick) for HAL_GetTick
    stm32f4xx_hal_dma.o(i.HAL_DMA_DeInit) refers to stm32f4xx_hal_dma.o(i.DMA_CalcBaseAndBitshift) for DMA_CalcBaseAndBitshift
    stm32f4xx_hal_dma.o(i.HAL_DMA_Init) refers to stm32f4xx_hal_dma.o(i.DMA_CalcBaseAndBitshift) for DMA_CalcBaseAndBitshift
[...]
    Removing os_sem.o(i.OS_SemDbgListRemove), (40 bytes).
    Removing os_stat.o(i.OSStatTaskCPUUsageInit), (156 bytes).
    Removing os_task.o(i.OSTaskChangePrio), (260 bytes).
    Removing os_task.o(i.OSTaskQFlush), (124 bytes).
    Removing os_task.o(i.OSTaskQPend), (340 bytes).
    Removing os_task.o(i.OSTaskQPost), (104 bytes).
    Removing os_task.o(i.OSTaskRegGet), (48 bytes).
    Removing os_task.o(i.OSTaskRegGetID), (48 bytes).
    Removing os_task.o(i.OSTaskRegSet), (44 bytes).
    Removing os_task.o(i.OSTaskResume), (92 bytes).
    Removing os_task.o(i.OSTaskSemPendAbort), (164 bytes).
    Removing os_task.o(i.OSTaskSemPost), (88 bytes).
    Removing os_task.o(i.OSTaskSemSet), (64 bytes).
    Removing os_task.o(i.OSTaskSuspend), (84 bytes).
    Removing os_task.o(i.OSTaskTimeQuantaSet), (76 bytes).
    Removing os_time.o(i.OSTimeDlyHMSM), (324 bytes).
    Removing os_time.o(i.OSTimeGet), (28 bytes).
    Removing os_time.o(i.OSTimeSet), (28 bytes).
    Removing os_tmr.o(i.OSTmrCreate), (184 bytes).
    Removing os_tmr.o(i.OSTmrRemainGet), (152 bytes).
    Removing os_tmr.o(i.OSTmrStart), (132 bytes).
    Removing os_tmr.o(i.OSTmrStateGet), (96 bytes).
    Removing os_tmr.o(i.OSTmrStop), (196 bytes).
    Removing os_tmr.o(i.OS_TmrClr), (48 bytes).
    Removing os_tmr.o(i.OS_TmrDbgListAdd), (28 bytes).
    Removing os_tmr.o(i.OS_TmrDbgListRemove), (40 bytes).
    Removing os_var.o(.data), (2 bytes).

363 unused section(s) (total 26696 bytes) removed from the image.

==============================================================================

Image Symbol Table

    Local Symbols

    Symbol Name                              Value     Ov Type        Size  Object(Section)

    ../Drivers/CMSIS/Device/ST/STM32F4xx/Source/Templates/arm/startup_stm32f439xx.s 0x00000000   Number         0  startup_stm32f439xx.o ABSOLUTE
    ../Drivers/CMSIS/Device/ST/STM32F4xx/Source/Templates/system_stm32f4xx.c 0x00000000   Number         0  system_stm32f4xx.o ABSOLUTE
    ../Drivers/STM32F4xx_HAL_Driver/Src/stm32f4xx_hal.c 0x00000000   Number         0  stm32f4xx_hal.o ABSOLUTE
    ../Drivers/STM32F4xx_HAL_Driver/Src/stm32f4xx_hal_cortex.c 0x00000000   Number         0  stm32f4xx_hal_cortex.o ABSOLUTE
    ../Drivers/STM32F4xx_HAL_Driver/Src/stm32f4xx_hal_dma.c 0x00000000   Number         0  stm32f4xx_hal_dma.o ABSOLUTE
    ../Drivers/STM32F4xx_HAL_Driver/Src/stm32f4xx_hal_dma_ex.c 0x00000000   Number         0  stm32f4xx_hal_dma_ex.o ABSOLUTE
    ../Drivers/STM32F4xx_HAL_Driver/Src/stm32f4xx_hal_flash.c 0x00000000   Number         0  stm32f4xx_hal_flash.o ABSOLUTE
    ../Drivers/STM32F4xx_HAL_Driver/Src/stm32f4xx_hal_flash_ex.c 0x00000000   Number         0  stm32f4xx_hal_flash_ex.o ABSOLUTE
    ../Drivers/STM32F4xx_HAL_Driver/Src/stm32f4xx_hal_flash_ramfunc.c 0x00000000   Number         0  stm32f4xx_hal_flash_ramfunc.o ABSOLUTE
    ../Drivers/STM32F4xx_HAL_Driver/Src/stm32f4xx_hal_gpio.c 0x00000000   Number         0  stm32f4xx_hal_gpio.o ABSOLUTE
    ../Drivers/STM32F4xx_HAL_Driver/Src/stm32f4xx_hal_pwr.c 0x00000000   Number         0  stm32f4xx_hal_pwr.o ABSOLUTE
    ../Drivers/STM32F4xx_HAL_Driver/Src/stm32f4xx_hal_pwr_ex.c 0x00000000   Number         0  stm32f4xx_hal_pwr_ex.o ABSOLUTE
    ../Drivers/STM32F4xx_HAL_Driver/Src/stm32f4xx_hal_rcc.c 0x00000000   Number         0  stm32f4xx_hal_rcc.o ABSOLUTE
    ../Drivers/STM32F4xx_HAL_Driver/Src/stm32f4xx_hal_rcc_ex.c 0x00000000   Number         0  stm32f4xx_hal_rcc_ex.o ABSOLUTE
    ../Src/gpio.c                            0x00000000   Number         0  gpio.o ABSOLUTE
    ../Src/main.c                            0x00000000   Number         0  main.o ABSOLUTE
    ../Src/stm32f4xx_hal_msp.c               0x00000000   Number         0  stm32f4xx_hal_msp.o ABSOLUTE
    ../Src/stm32f4xx_it.c                    0x00000000   Number         0  stm32f4xx_it.o ABSOLUTE
    ../clib/microlib/init/entry.s            0x00000000   Number         0  entry8b.o ABSOLUTE
    ../clib/microlib/init/entry.s            0x00000000   Number         0  entry8a.o ABSOLUTE
    ../clib/microlib/init/entry.s            0x00000000   Number         0  entry11a.o ABSOLUTE
    ../clib/microlib/init/entry.s            0x00000000   Number         0  entry7a.o ABSOLUTE
    ../clib/microlib/init/entry.s            0x00000000   Number         0  entry.o ABSOLUTE
    ../clib/microlib/init/entry.s            0x00000000   Number         0  entry7b.o ABSOLUTE
    ../clib/microlib/init/entry.s            0x00000000   Number         0  entry9a.o ABSOLUTE
    ../clib/microlib/init/entry.s            0x00000000   Number         0  entry10a.o ABSOLUTE
    ../clib/microlib/init/entry.s            0x00000000   Number         0  entry9b.o ABSOLUTE
    ../clib/microlib/init/entry.s            0x00000000   Number         0  entry10b.o ABSOLUTE
    ../clib/microlib/init/entry.s            0x00000000   Number         0  entry5.o ABSOLUTE
    ../clib/microlib/init/entry.s            0x00000000   Number         0  entry2.o ABSOLUTE
    ../clib/microlib/init/entry.s            0x00000000   Number         0  entry11b.o ABSOLUTE
    ..\Drivers\CMSIS\Device\ST\STM32F4xx\Source\Templates\system_stm32f4xx.c 0x00000000   Number         0  system_stm32f4xx.o ABSOLUTE
    ..\Drivers\STM32F4xx_HAL_Driver\Src\stm32f4xx_hal.c 0x00000000   Number         0  stm32f4xx_hal.o ABSOLUTE
    ..\Drivers\STM32F4xx_HAL_Driver\Src\stm32f4xx_hal_cortex.c 0x00000000   Number         0  stm32f4xx_hal_cortex.o ABSOLUTE
    ..\Drivers\STM32F4xx_HAL_Driver\Src\stm32f4xx_hal_dma.c 0x00000000   Number         0  stm32f4xx_hal_dma.o ABSOLUTE
    ..\Drivers\STM32F4xx_HAL_Driver\Src\stm32f4xx_hal_dma_ex.c 0x00000000   Number         0  stm32f4xx_hal_dma_ex.o ABSOLUTE
    ..\Drivers\STM32F4xx_HAL_Driver\Src\stm32f4xx_hal_flash.c 0x00000000   Number         0  stm32f4xx_hal_flash.o ABSOLUTE
    ..\Drivers\STM32F4xx_HAL_Driver\Src\stm32f4xx_hal_flash_ex.c 0x00000000   Number         0  stm32f4xx_hal_flash_ex.o ABSOLUTE
    ..\Drivers\STM32F4xx_HAL_Driver\Src\stm32f4xx_hal_flash_ramfunc.c 0x00000000   Number         0  stm32f4xx_hal_flash_ramfunc.o ABSOLUTE
    ..\Drivers\STM32F4xx_HAL_Driver\Src\stm32f4xx_hal_gpio.c 0x00000000   Number         0  stm32f4xx_hal_gpio.o ABSOLUTE
    ..\Drivers\STM32F4xx_HAL_Driver\Src\stm32f4xx_hal_pwr.c 0x00000000   Number         0  stm32f4xx_hal_pwr.o ABSOLUTE
    ..\Drivers\STM32F4xx_HAL_Driver\Src\stm32f4xx_hal_pwr_ex.c 0x00000000   Number         0  stm32f4xx_hal_pwr_ex.o ABSOLUTE
    ..\Drivers\STM32F4xx_HAL_Driver\Src\stm32f4xx_hal_rcc.c 0x00000000   Number         0  stm32f4xx_hal_rcc.o ABSOLUTE
    ..\Drivers\STM32F4xx_HAL_Driver\Src\stm32f4xx_hal_rcc_ex.c 0x00000000   Number         0  stm32f4xx_hal_rcc_ex.o ABSOLUTE
    ..\Src\gpio.c                            0x00000000   Number         0  gpio.o ABSOLUTE
    ..\Src\main.c                            0x00000000   Number         0  main.o ABSOLUTE
    ..\Src\stm32f4xx_hal_msp.c               0x00000000   Number         0  stm32f4xx_hal_msp.o ABSOLUTE
    ..\Src\stm32f4xx_it.c                    0x00000000   Number         0  stm32f4xx_it.o ABSOLUTE
    ..\\uCOS-III\\uCOS-III\\Cfg\\os_app_hooks.c 0x00000000   Number         0  os_app_hooks.o ABSOLUTE
    ..\uCOS-III\uC-CPU\cpu_a.asm             0x00000000   Number         0  cpu_a.o ABSOLUTE
    ..\uCOS-III\uC-CPU\cpu_c.c               0x00000000   Number         0  cpu_c.o ABSOLUTE
    ..\uCOS-III\uC-CPU\cpu_core.c            0x00000000   Number         0  cpu_core.o ABSOLUTE
    ..\uCOS-III\uC-LIB\lib_ascii.c           0x00000000   Number         0  lib_ascii.o ABSOLUTE
    ..\uCOS-III\uC-LIB\lib_math.c            0x00000000   Number         0  lib_math.o ABSOLUTE
    ..\uCOS-III\uC-LIB\lib_mem.c             0x00000000   Number         0  lib_mem.o ABSOLUTE
    ..\uCOS-III\uC-LIB\lib_mem_a.asm         0x00000000   Number         0  lib_mem_a.o ABSOLUTE
    ..\uCOS-III\uC-LIB\lib_str.c             0x00000000   Number         0  lib_str.o ABSOLUTE
    ..\uCOS-III\uCOS-III\Cfg\os_app_hooks.c  0x00000000   Number         0  os_app_hooks.o ABSOLUTE
    ..\uCOS-III\uCOS-III\Ports\os_cpu_a.asm  0x00000000   Number         0  os_cpu_a.o ABSOLUTE
    ..\uCOS-III\uCOS-III\Ports\os_cpu_c.c    0x00000000   Number         0  os_cpu_c.o ABSOLUTE
    ..\uCOS-III\uCOS-III\Source\os_cfg_app.c 0x00000000   Number         0  os_cfg_app.o ABSOLUTE
    ..\uCOS-III\uCOS-III\Source\os_core.c    0x00000000   Number         0  os_core.o ABSOLUTE
    ..\uCOS-III\uCOS-III\Source\os_dbg.c     0x00000000   Number         0  os_dbg.o ABSOLUTE
    ..\uCOS-III\uCOS-III\Source\os_flag.c    0x00000000   Number         0  os_flag.o ABSOLUTE
    ..\uCOS-III\uCOS-III\Source\os_int.c     0x00000000   Number         0  os_int.o ABSOLUTE
    ..\uCOS-III\uCOS-III\Source\os_mem.c     0x00000000   Number         0  os_mem.o ABSOLUTE
    ..\uCOS-III\uCOS-III\Source\os_msg.c     0x00000000   Number         0  os_msg.o ABSOLUTE
    ..\uCOS-III\uCOS-III\Source\os_mutex.c   0x00000000   Number         0  os_mutex.o ABSOLUTE
    ..\uCOS-III\uCOS-III\Source\os_pend_multi.c 0x00000000   Number         0  os_pend_multi.o ABSOLUTE
    ..\uCOS-III\uCOS-III\Source\os_prio.c    0x00000000   Number         0  os_prio.o ABSOLUTE
    ..\uCOS-III\uCOS-III\Source\os_q.c       0x00000000   Number         0  os_q.o ABSOLUTE
    ..\uCOS-III\uCOS-III\Source\os_sem.c     0x00000000   Number         0  os_sem.o ABSOLUTE
    ..\uCOS-III\uCOS-III\Source\os_stat.c    0x00000000   Number         0  os_stat.o ABSOLUTE
    ..\uCOS-III\uCOS-III\Source\os_task.c    0x00000000   Number         0  os_task.o ABSOLUTE
    ..\uCOS-III\uCOS-III\Source\os_tick.c    0x00000000   Number         0  os_tick.o ABSOLUTE
    ..\uCOS-III\uCOS-III\Source\os_time.c    0x00000000   Number         0  os_time.o ABSOLUTE
    ..\uCOS-III\uCOS-III\Source\os_tmr.c     0x00000000   Number         0  os_tmr.o ABSOLUTE
    ..\uCOS-III\uCOS-III\Source\os_var.c     0x00000000   Number         0  os_var.o ABSOLUTE
    dc.s                                     0x00000000   Number         0  dc.o ABSOLUTE
    handlers.s                               0x00000000   Number         0  handlers.o ABSOLUTE
    init.s                                   0x00000000   Number         0  init.o ABSOLUTE
    RESET                                    0x08000000   Section      428  startup_stm32f439xx.o(RESET)
    .ARM.Collect$$$$00000000                 0x080001ac   Section        0  entry.o(.ARM.Collect$$$$00000000)
    .ARM.Collect$$$$00000001                 0x080001ac   Section        4  entry2.o(.ARM.Collect$$$$00000001)
    .ARM.Collect$$$$00000004                 0x080001b0   Section        4  entry5.o(.ARM.Collect$$$$00000004)
    .ARM.Collect$$$$00000008                 0x080001b4   Section        0  entry7b.o(.ARM.Collect$$$$00000008)
    .ARM.Collect$$$$0000000A                 0x080001b4   Section        0  entry8b.o(.ARM.Collect$$$$0000000A)
    .ARM.Collect$$$$0000000B                 0x080001b4   Section        8  entry9a.o(.ARM.Collect$$$$0000000B)
    .ARM.Collect$$$$0000000D                 0x080001bc   Section        0  entry10a.o(.ARM.Collect$$$$0000000D)
    .ARM.Collect$$$$0000000F                 0x080001bc   Section        0  entry11a.o(.ARM.Collect$$$$0000000F)
    .ARM.Collect$$$$00002712                 0x080001bc   Section        4  entry2.o(.ARM.Collect$$$$00002712)
    __lit__00000000                          0x080001bc   Data           4  entry2.o(.ARM.Collect$$$$00002712)
    .text                                    0x080001c0   Section       36  startup_stm32f439xx.o(.text)
    $v0                                      0x080001c0   Number         0  startup_stm32f439xx.o(.text)
    .text                                    0x080001e4   Section       52  cpu_a.o(.text)
    $v0                                      0x080001e4   Number         0  cpu_a.o(.text)
    .text                                    0x08000218   Section       36  init.o(.text)
    CODE                                     0x0800023c   Section      132  os_cpu_a.o(CODE)
    $v0                                      0x0800023c   Number         0  os_cpu_a.o(CODE)
    i.BSP_LED_Toggle                         0x080002c0   Section        0  gpio.o(i.BSP_LED_Toggle)
    i.CPU_Init                               0x080002d8   Section        0  cpu_core.o(i.CPU_Init)
    i.CPU_NameClr                            0x080002f0   Section        0  cpu_core.o(i.CPU_NameClr)
    i.CPU_TS_TmrInit                         0x08000310   Section        0  stm32f4xx_hal_msp.o(i.CPU_TS_TmrInit)
    i.CPU_TS_TmrRd                           0x08000312   Section        0  stm32f4xx_hal_msp.o(i.CPU_TS_TmrRd)
    i.HAL_GPIO_Init                          0x0800031c   Section        0  stm32f4xx_hal_gpio.o(i.HAL_GPIO_Init)
    i.HAL_GPIO_TogglePin                     0x08000534   Section        0  stm32f4xx_hal_gpio.o(i.HAL_GPIO_TogglePin)
    i.HAL_GetTick                            0x0800053c   Section        0  stm32f4xx_hal.o(i.HAL_GetTick)
    i.HAL_Init                               0x08000548   Section        0  stm32f4xx_hal.o(i.HAL_Init)
    i.HAL_InitTick                           0x0800057c   Section        0  stm32f4xx_hal.o(i.HAL_InitTick)
    i.HAL_MspInit                            0x0800059e   Section        0  stm32f4xx_hal_msp.o(i.HAL_MspInit)
    i.HAL_NVIC_SetPriority                   0x080005b4   Section        0  stm32f4xx_hal_cortex.o(i.HAL_NVIC_SetPriority)
    i.HAL_NVIC_SetPriorityGrouping           0x0800061c   Section        0  stm32f4xx_hal_cortex.o(i.HAL_NVIC_SetPriorityGrouping)
    i.HAL_PWREx_EnableOverDrive              0x08000640   Section        0  stm32f4xx_hal_pwr_ex.o(i.HAL_PWREx_EnableOverDrive)
    i.HAL_RCC_ClockConfig                    0x080006e0   Section        0  stm32f4xx_hal_rcc.o(i.HAL_RCC_ClockConfig)
    i.HAL_RCC_GetHCLKFreq                    0x08000960   Section        0  stm32f4xx_hal_rcc.o(i.HAL_RCC_GetHCLKFreq)
    i.HAL_RCC_GetSysClockFreq                0x08000994   Section        0  stm32f4xx_hal_rcc.o(i.HAL_RCC_GetSysClockFreq)
    i.HAL_RCC_OscConfig                      0x08000a20   Section        0  stm32f4xx_hal_rcc.o(i.HAL_RCC_OscConfig)
    i.HAL_SYSTICK_CLKSourceConfig            0x08000e38   Section        0  stm32f4xx_hal_cortex.o(i.HAL_SYSTICK_CLKSourceConfig)
    i.HAL_SYSTICK_Config                     0x08000e54   Section        0  stm32f4xx_hal_cortex.o(i.HAL_SYSTICK_Config)
    i.MX_GPIO_Init                           0x08000e7c   Section        0  gpio.o(i.MX_GPIO_Init)
    i.Mem_Clr                                0x08000ec8   Section        0  lib_mem.o(i.Mem_Clr)
    i.Mem_Set                                0x08000ed0   Section        0  lib_mem.o(i.Mem_Set)
    i.MyTask                                 0x08000f1c   Section        0  main.o(i.MyTask)
    MyTask                                   0x08000f1d   Thumb Code    62  main.o(i.MyTask)
    i.OSCfg_Init                             0x08000f64   Section        0  os_cfg_app.o(i.OSCfg_Init)
    i.OSIdleTaskHook                         0x08000f66   Section        0  os_cpu_c.o(i.OSIdleTaskHook)
    i.OSInit                                 0x08000f68   Section        0  os_core.o(i.OSInit)
    i.OSInitHook                             0x0800109c   Section        0  os_cpu_c.o(i.OSInitHook)
    i.OSIntExit                              0x080010d0   Section        0  os_core.o(i.OSIntExit)
    i.OSSched                                0x08001160   Section        0  os_core.o(i.OSSched)
    i.OSSchedLock                            0x080011dc   Section        0  os_core.o(i.OSSchedLock)
    i.OSSchedUnlock                          0x08001228   Section        0  os_core.o(i.OSSchedUnlock)
    i.OSStart                                0x08001288   Section        0  os_core.o(i.OSStart)
    i.OSStatReset                            0x080012e0   Section        0  os_stat.o(i.OSStatReset)
    i.OSStatTaskHook                         0x08001398   Section        0  os_cpu_c.o(i.OSStatTaskHook)
    i.OSTaskCreate                           0x0800139c   Section        0  os_task.o(i.OSTaskCreate)
    i.OSTaskCreateHook                       0x08001550   Section        0  os_cpu_c.o(i.OSTaskCreateHook)
    i.OSTaskDel                              0x08001554   Section        0  os_task.o(i.OSTaskDel)
    i.OSTaskDelHook                          0x0800166c   Section        0  os_cpu_c.o(i.OSTaskDelHook)
    i.OSTaskReturnHook                       0x0800166e   Section        0  os_cpu_c.o(i.OSTaskReturnHook)
    i.OSTaskSemPend                          0x08001670   Section        0  os_task.o(i.OSTaskSemPend)
    i.OSTaskStkChk                           0x080017ac   Section        0  os_task.o(i.OSTaskStkChk)
    i.OSTaskStkInit                          0x08001840   Section        0  os_cpu_c.o(i.OSTaskStkInit)
    i.OSTaskSwHook                           0x080018b0   Section        0  os_cpu_c.o(i.OSTaskSwHook)
    i.OSTimeDly                              0x080018e0   Section        0  os_time.o(i.OSTimeDly)
    i.OSTimeTick                             0x0800198c   Section        0  os_time.o(i.OSTimeTick)
    i.OSTimeTickHook                         0x080019cc   Section        0  os_cpu_c.o(i.OSTimeTickHook)
    i.OS_CPU_SysTickHandler                  0x080019d0   Section        0  os_cpu_c.o(i.OS_CPU_SysTickHandler)
    i.OS_Dbg_Init                            0x080019f4   Section        0  os_dbg.o(i.OS_Dbg_Init)
    i.OS_FlagInit                            0x080019f8   Section        0  os_flag.o(i.OS_FlagInit)
    i.OS_FlagPost                            0x08001a10   Section        0  os_flag.o(i.OS_FlagPost)
    i.OS_FlagTaskRdy                         0x08001b24   Section        0  os_flag.o(i.OS_FlagTaskRdy)
    i.OS_IdleTask                            0x08001b68   Section        0  os_core.o(i.OS_IdleTask)
    i.OS_IdleTaskInit                        0x08001b90   Section        0  os_core.o(i.OS_IdleTaskInit)
    i.OS_IntQPost                            0x08001bf8   Section        0  os_int.o(i.OS_IntQPost)
    i.OS_IntQRePost                          0x08001ca8   Section        0  os_int.o(i.OS_IntQRePost)
    i.OS_IntQTask                            0x08001dc4   Section        0  os_int.o(i.OS_IntQTask)
    i.OS_IntQTaskInit                        0x08001e34   Section        0  os_int.o(i.OS_IntQTaskInit)
    i.OS_MemInit                             0x08001f4c   Section        0  os_mem.o(i.OS_MemInit)
    i.OS_MsgPoolCreate                       0x08001f64   Section        0  os_msg.o(i.OS_MsgPoolCreate)
    i.OS_MsgPoolInit                         0x08001f94   Section        0  os_msg.o(i.OS_MsgPoolInit)
    i.OS_MsgQFreeAll                         0x08001fdc   Section        0  os_msg.o(i.OS_MsgQFreeAll)
    i.OS_MsgQInit                            0x08002010   Section        0  os_msg.o(i.OS_MsgQInit)
    i.OS_MsgQPut                             0x08002020   Section        0  os_msg.o(i.OS_MsgQPut)
    i.OS_MutexInit                           0x080020a4   Section        0  os_mutex.o(i.OS_MutexInit)
    i.OS_Pend                                0x080020bc   Section        0  os_core.o(i.OS_Pend)
    i.OS_PendDataInit                        0x0800210c   Section        0  os_core.o(i.OS_PendDataInit)
    i.OS_PendDbgNameAdd                      0x0800213c   Section        0  os_core.o(i.OS_PendDbgNameAdd)
    i.OS_PendDbgNameRemove                   0x08002184   Section        0  os_core.o(i.OS_PendDbgNameRemove)
    i.OS_PendListInsertPrio                  0x080021a0   Section        0  os_core.o(i.OS_PendListInsertPrio)
    i.OS_PendListRemove                      0x080021fa   Section        0  os_core.o(i.OS_PendListRemove)
    i.OS_PendListRemove1                     0x08002220   Section        0  os_core.o(i.OS_PendListRemove1)
    i.OS_Post                                0x08002256   Section        0  os_core.o(i.OS_Post)
    i.OS_Post1                               0x080022ee   Section        0  os_core.o(i.OS_Post1)
    i.OS_PrioGetHighest                      0x08002314   Section        0  os_prio.o(i.OS_PrioGetHighest)
    i.OS_PrioInit                            0x08002338   Section        0  os_prio.o(i.OS_PrioInit)
    i.OS_PrioInsert                          0x08002344   Section        0  os_prio.o(i.OS_PrioInsert)
    i.OS_PrioRemove                          0x08002364   Section        0  os_prio.o(i.OS_PrioRemove)
    i.OS_QInit                               0x08002384   Section        0  os_q.o(i.OS_QInit)
    i.OS_QPost                               0x0800239c   Section        0  os_q.o(i.OS_QPost)
    i.OS_RdyListInit                         0x08002460   Section        0  os_core.o(i.OS_RdyListInit)
    i.OS_RdyListInsert                       0x08002484   Section        0  os_core.o(i.OS_RdyListInsert)
    i.OS_RdyListInsertHead                   0x080024b4   Section        0  os_core.o(i.OS_RdyListInsertHead)
    i.OS_RdyListInsertTail                   0x080024ec   Section        0  os_core.o(i.OS_RdyListInsertTail)
    i.OS_RdyListMoveHeadToTail               0x08002520   Section        0  os_core.o(i.OS_RdyListMoveHeadToTail)
    i.OS_RdyListRemove                       0x08002554   Section        0  os_core.o(i.OS_RdyListRemove)
    i.OS_Sched0                              0x080025a8   Section        0  os_core.o(i.OS_Sched0)
    i.OS_SchedRoundRobin                     0x080025f0   Section        0  os_core.o(i.OS_SchedRoundRobin)
    i.OS_SemInit                             0x08002654   Section        0  os_sem.o(i.OS_SemInit)
    i.OS_SemPost                             0x0800266c   Section        0  os_sem.o(i.OS_SemPost)
    i.OS_StatTask                            0x08002720   Section        0  os_stat.o(i.OS_StatTask)
    i.OS_StatTaskInit                        0x08002950   Section        0  os_stat.o(i.OS_StatTaskInit)
    i.OS_TaskBlock                           0x08002a0c   Section        0  os_core.o(i.OS_TaskBlock)
    i.OS_TaskDbgListAdd                      0x08002a38   Section        0  os_task.o(i.OS_TaskDbgListAdd)
    i.OS_TaskDbgListRemove                   0x08002a5c   Section        0  os_task.o(i.OS_TaskDbgListRemove)
    i.OS_TaskInit                            0x08002a94   Section        0  os_task.o(i.OS_TaskInit)
    i.OS_TaskInitTCB                         0x08002ab4   Section        0  os_task.o(i.OS_TaskInitTCB)
    i.OS_TaskQPost                           0x08002b74   Section        0  os_task.o(i.OS_TaskQPost)
    i.OS_TaskRdy                             0x08002c60   Section        0  os_core.o(i.OS_TaskRdy)
    i.OS_TaskResume                          0x08002c7c   Section        0  os_task.o(i.OS_TaskResume)
    i.OS_TaskReturn                          0x08002d38   Section        0  os_task.o(i.OS_TaskReturn)
    i.OS_TaskSemPost                         0x08002d50   Section        0  os_task.o(i.OS_TaskSemPost)
    i.OS_TaskSuspend                         0x08002e64   Section        0  os_task.o(i.OS_TaskSuspend)
    i.OS_TickListInit                        0x08002f0c   Section        0  os_tick.o(i.OS_TickListInit)
    i.OS_TickListInsert                      0x08002f38   Section        0  os_tick.o(i.OS_TickListInsert)
    i.OS_TickListRemove                      0x08003010   Section        0  os_tick.o(i.OS_TickListRemove)
    i.OS_TickListResetPeak                   0x08003048   Section        0  os_tick.o(i.OS_TickListResetPeak)
    i.OS_TickListUpdate                      0x08003070   Section        0  os_tick.o(i.OS_TickListUpdate)
    i.OS_TickTask                            0x080031c0   Section        0  os_tick.o(i.OS_TickTask)
    i.OS_TickTaskInit                        0x080031e8   Section        0  os_tick.o(i.OS_TickTaskInit)
    i.OS_TmrInit                             0x08003290   Section        0  os_tmr.o(i.OS_TmrInit)
    i.OS_TmrLink                             0x08003394   Section        0  os_tmr.o(i.OS_TmrLink)
    i.OS_TmrResetPeak                        0x0800342c   Section        0  os_tmr.o(i.OS_TmrResetPeak)
    i.OS_TmrTask                             0x08003454   Section        0  os_tmr.o(i.OS_TmrTask)
    i.OS_TmrUnlink                           0x080034f8   Section        0  os_tmr.o(i.OS_TmrUnlink)
    i.SystemClock_Config                     0x08003544   Section        0  main.o(i.SystemClock_Config)
    i.SystemInit                             0x080035dc   Section        0  system_stm32f4xx.o(i.SystemInit)
    i.__scatterload_copy                     0x08003634   Section       14  handlers.o(i.__scatterload_copy)
    i.__scatterload_null                     0x08003642   Section        2  handlers.o(i.__scatterload_null)
    i.__scatterload_zeroinit                 0x08003644   Section       14  handlers.o(i.__scatterload_zeroinit)
    i.main                                   0x08003654   Section        0  main.o(i.main)
    .constdata                               0x080036b4   Section        8  gpio.o(.constdata)
    .constdata                               0x080036bc   Section       16  stm32f4xx_hal_rcc.o(.constdata)
    .constdata                               0x080036cc   Section      148  os_cfg_app.o(.constdata)
    .data                                    0x20000000   Section       16  gpio.o(.data)
    .data                                    0x20000010   Section        4  system_stm32f4xx.o(.data)
    .data                                    0x20000014   Section        4  stm32f4xx_hal.o(.data)
    uwTick                                   0x20000014   Data           4  stm32f4xx_hal.o(.data)
    .data                                    0x20000018   Section        4  cpu_core.o(.data)
    .data                                    0x2000001c   Section        4  os_cpu_c.o(.data)
    .data                                    0x20000020   Section        4  os_prio.o(.data)
    .data                                    0x20000024   Section        4  os_var.o(.data)
    .data                                    0x20000028   Section        1  os_var.o(.data)
    .data                                    0x20000029   Section        1  os_var.o(.data)
    .data                                    0x2000002c   Section        4  os_var.o(.data)
    .data                                    0x20000030   Section        4  os_var.o(.data)
    .data                                    0x20000034   Section        2  os_var.o(.data)
    .data                                    0x20000036   Section        2  os_var.o(.data)
    .data                                    0x20000038   Section        2  os_var.o(.data)
    .data                                    0x2000003c   Section        4  os_var.o(.data)
    .data                                    0x20000040   Section        4  os_var.o(.data)
    .data                                    0x20000044   Section        2  os_var.o(.data)
    .data                                    0x20000048   Section        4  os_var.o(.data)
    .data                                    0x2000004c   Section        2  os_var.o(.data)
    .data                                    0x20000050   Section        4  os_var.o(.data)
    .data                                    0x20000054   Section        2  os_var.o(.data)
    .data                                    0x20000056   Section        1  os_var.o(.data)
    .data                                    0x20000057   Section        1  os_var.o(.data)
    .data                                    0x20000058   Section        1  os_var.o(.data)
    .data                                    0x2000005c   Section        4  os_var.o(.data)
    .data                                    0x20000060   Section        2  os_var.o(.data)
    .data                                    0x20000062   Section        1  os_var.o(.data)
    .data                                    0x20000064   Section        4  os_var.o(.data)
    .data                                    0x20000068   Section        1  os_var.o(.data)
    .data                                    0x2000006c   Section        4  os_var.o(.data)
    .data                                    0x20000070   Section        2  os_var.o(.data)
    .data                                    0x20000072   Section        1  os_var.o(.data)
    .data                                    0x20000074   Section        2  os_var.o(.data)
    .data                                    0x20000076   Section        2  os_var.o(.data)
    .data                                    0x20000078   Section        4  os_var.o(.data)
    .data                                    0x2000007c   Section        4  os_var.o(.data)
    .data                                    0x20000080   Section        4  os_var.o(.data)
    .data                                    0x20000084   Section        1  os_var.o(.data)
    .data                                    0x20000088   Section        4  os_var.o(.data)
    .data                                    0x2000008c   Section        4  os_var.o(.data)
    .data                                    0x20000090   Section        4  os_var.o(.data)
    .data                                    0x20000094   Section        2  os_var.o(.data)
    .data                                    0x20000096   Section        1  os_var.o(.data)
    .data                                    0x20000098   Section        4  os_var.o(.data)
    .data                                    0x2000009c   Section        4  os_var.o(.data)
    .data                                    0x200000a0   Section        4  os_var.o(.data)
    .data                                    0x200000a4   Section        4  os_var.o(.data)
    .data                                    0x200000a8   Section        4  os_var.o(.data)
    .data                                    0x200000ac   Section        4  os_var.o(.data)
    .data                                    0x200000b0   Section        4  os_var.o(.data)
    .data                                    0x200000b4   Section        4  os_var.o(.data)
    .data                                    0x200000b8   Section        4  os_var.o(.data)
    .bss                                     0x200000bc   Section      512  main.o(.bss)
    MyTaskTCB                                0x200000bc   Data         192  main.o(.bss)
    MyTaskStk                                0x2000017c   Data         320  main.o(.bss)
    .bss                                     0x200002bc   Section       16  cpu_core.o(.bss)
    .bss                                     0x200002cc   Section      256  os_cfg_app.o(.bss)
    .bss                                     0x200003cc   Section      320  os_cfg_app.o(.bss)
    .bss                                     0x2000050c   Section      512  os_cfg_app.o(.bss)
    .bss                                     0x2000070c   Section      512  os_cfg_app.o(.bss)
    .bss                                     0x2000090c   Section     1600  os_cfg_app.o(.bss)
    .bss                                     0x20000f4c   Section      512  os_cfg_app.o(.bss)
    .bss                                     0x2000114c   Section      512  os_cfg_app.o(.bss)
    .bss                                     0x2000134c   Section      136  os_cfg_app.o(.bss)
    .bss                                     0x200013d4   Section      512  os_cfg_app.o(.bss)
    .bss                                     0x200015d4   Section      136  os_cfg_app.o(.bss)
    .bss                                     0x2000165c   Section      192  os_var.o(.bss)
    .bss                                     0x2000171c   Section      192  os_var.o(.bss)
    .bss                                     0x200017dc   Section       12  os_var.o(.bss)
    .bss                                     0x200017e8   Section      384  os_var.o(.bss)
    .bss                                     0x20001968   Section      192  os_var.o(.bss)
    .bss                                     0x20001a28   Section      192  os_var.o(.bss)
    .bss                                     0x20001ae8   Section      192  os_var.o(.bss)
    STACK                                    0x20001ba8   Section     1024  startup_stm32f439xx.o(STACK)

    Global Symbols

    Symbol Name                              Value     Ov Type        Size  Object(Section)

    BuildAttributes$$THM_ISAv4$E$P$D$K$B$S$7EM$VFPi3$EXTD16$VFPS$VFMA$PE$A:L22UL41UL21$X:L11$S22US41US21$IEEE1$IW$USESV6$~STKCKD$USESV7$~SHL$OTIME$EBA8$MICROLIB$REQ8$PRES8$EABIv2 0x00000000   Number         0  anon$$obj.o ABSOLUTE
    __ARM_use_no_argv                        0x00000000   Number         0  main.o ABSOLUTE
    __cpp_initialize__aeabi_                  - Undefined Weak Reference
    __cxa_finalize                            - Undefined Weak Reference
    __decompress                              - Undefined Weak Reference
    _clock_init                               - Undefined Weak Reference
    _microlib_exit                            - Undefined Weak Reference
    __Vectors_Size                           0x000001ac   Number         0  startup_stm32f439xx.o ABSOLUTE
    __Vectors                                0x08000000   Data           4  startup_stm32f439xx.o(RESET)
    __Vectors_End                            0x080001ac   Data           0  startup_stm32f439xx.o(RESET)
    __main                                   0x080001ad   Thumb Code     0  entry.o(.ARM.Collect$$$$00000000)
    _main_stk                                0x080001ad   Thumb Code     0  entry2.o(.ARM.Collect$$$$00000001)
    _main_scatterload                        0x080001b1   Thumb Code     0  entry5.o(.ARM.Collect$$$$00000004)
    __main_after_scatterload                 0x080001b5   Thumb Code     0  entry5.o(.ARM.Collect$$$$00000004)
    _main_clock                              0x080001b5   Thumb Code     0  entry7b.o(.ARM.Collect$$$$00000008)
    _main_cpp_init                           0x080001b5   Thumb Code     0  entry8b.o(.ARM.Collect$$$$0000000A)
    _main_init                               0x080001b5   Thumb Code     0  entry9a.o(.ARM.Collect$$$$0000000B)
    __rt_final_cpp                           0x080001bd   Thumb Code     0  entry10a.o(.ARM.Collect$$$$0000000D)
    __rt_final_exit                          0x080001bd   Thumb Code     0  entry11a.o(.ARM.Collect$$$$0000000F)
    Reset_Handler                            0x080001c1   Thumb Code     8  startup_stm32f439xx.o(.text)
    NMI_Handler                              0x080001c9   Thumb Code     2  startup_stm32f439xx.o(.text)
    HardFault_Handler                        0x080001cb   Thumb Code     2  startup_stm32f439xx.o(.text)
    MemManage_Handler                        0x080001cd   Thumb Code     2  startup_stm32f439xx.o(.text)
    BusFault_Handler                         0x080001cf   Thumb Code     2  startup_stm32f439xx.o(.text)
    UsageFault_Handler                       0x080001d1   Thumb Code     2  startup_stm32f439xx.o(.text)
    SVC_Handler                              0x080001d3   Thumb Code     2  startup_stm32f439xx.o(.text)
    DebugMon_Handler                         0x080001d5   Thumb Code     2  startup_stm32f439xx.o(.text)
    ADC_IRQHandler                           0x080001db   Thumb Code     0  startup_stm32f439xx.o(.text)
    CAN1_RX0_IRQHandler                      0x080001db   Thumb Code     0  startup_stm32f439xx.o(.text)
    CAN1_RX1_IRQHandler                      0x080001db   Thumb Code     0  startup_stm32f439xx.o(.text)
    CAN1_SCE_IRQHandler                      0x080001db   Thumb Code     0  startup_stm32f439xx.o(.text)
    CAN1_TX_IRQHandler                       0x080001db   Thumb Code     0  startup_stm32f439xx.o(.text)
    CAN2_RX0_IRQHandler                      0x080001db   Thumb Code     0  startup_stm32f439xx.o(.text)
    CAN2_RX1_IRQHandler                      0x080001db   Thumb Code     0  startup_stm32f439xx.o(.text)
    CAN2_SCE_IRQHandler                      0x080001db   Thumb Code     0  startup_stm32f439xx.o(.text)
    CAN2_TX_IRQHandler                       0x080001db   Thumb Code     0  startup_stm32f439xx.o(.text)
    CRYP_IRQHandler                          0x080001db   Thumb Code     0  startup_stm32f439xx.o(.text)
    DCMI_IRQHandler                          0x080001db   Thumb Code     0  startup_stm32f439xx.o(.text)
    DMA1_Stream0_IRQHandler                  0x080001db   Thumb Code     0  startup_stm32f439xx.o(.text)
    DMA1_Stream1_IRQHandler                  0x080001db   Thumb Code     0  startup_stm32f439xx.o(.text)
    DMA1_Stream2_IRQHandler                  0x080001db   Thumb Code     0  startup_stm32f439xx.o(.text)
    DMA1_Stream3_IRQHandler                  0x080001db   Thumb Code     0  startup_stm32f439xx.o(.text)
    DMA1_Stream4_IRQHandler                  0x080001db   Thumb Code     0  startup_stm32f439xx.o(.text)
    DMA1_Stream5_IRQHandler                  0x080001db   Thumb Code     0  startup_stm32f439xx.o(.text)
    DMA1_Stream6_IRQHandler                  0x080001db   Thumb Code     0  startup_stm32f439xx.o(.text)
    DMA1_Stream7_IRQHandler                  0x080001db   Thumb Code     0  startup_stm32f439xx.o(.text)
    DMA2D_IRQHandler                         0x080001db   Thumb Code     0  startup_stm32f439xx.o(.text)
    DMA2_Stream0_IRQHandler                  0x080001db   Thumb Code     0  startup_stm32f439xx.o(.text)
    DMA2_Stream1_IRQHandler                  0x080001db   Thumb Code     0  startup_stm32f439xx.o(.text)
    DMA2_Stream2_IRQHandler                  0x080001db   Thumb Code     0  startup_stm32f439xx.o(.text)
    DMA2_Stream3_IRQHandler                  0x080001db   Thumb Code     0  startup_stm32f439xx.o(.text)
    DMA2_Stream4_IRQHandler                  0x080001db   Thumb Code     0  startup_stm32f439xx.o(.text)
    DMA2_Stream5_IRQHandler                  0x080001db   Thumb Code     0  startup_stm32f439xx.o(.text)
    DMA2_Stream6_IRQHandler                  0x080001db   Thumb Code     0  startup_stm32f439xx.o(.text)
    DMA2_Stream7_IRQHandler                  0x080001db   Thumb Code     0  startup_stm32f439xx.o(.text)
    ETH_IRQHandler                           0x080001db   Thumb Code     0  startup_stm32f439xx.o(.text)
    ETH_WKUP_IRQHandler                      0x080001db   Thumb Code     0  startup_stm32f439xx.o(.text)
    EXTI0_IRQHandler                         0x080001db   Thumb Code     0  startup_stm32f439xx.o(.text)
    EXTI15_10_IRQHandler                     0x080001db   Thumb Code     0  startup_stm32f439xx.o(.text)
    EXTI1_IRQHandler                         0x080001db   Thumb Code     0  startup_stm32f439xx.o(.text)
    EXTI2_IRQHandler                         0x080001db   Thumb Code     0  startup_stm32f439xx.o(.text)
    EXTI3_IRQHandler                         0x080001db   Thumb Code     0  startup_stm32f439xx.o(.text)
    EXTI4_IRQHandler                         0x080001db   Thumb Code     0  startup_stm32f439xx.o(.text)
    EXTI9_5_IRQHandler                       0x080001db   Thumb Code     0  startup_stm32f439xx.o(.text)
    FLASH_IRQHandler                         0x080001db   Thumb Code     0  startup_stm32f439xx.o(.text)
    FMC_IRQHandler                           0x080001db   Thumb Code     0  startup_stm32f439xx.o(.text)
    FPU_IRQHandler                           0x080001db   Thumb Code     0  startup_stm32f439xx.o(.text)
    HASH_RNG_IRQHandler                      0x080001db   Thumb Code     0  startup_stm32f439xx.o(.text)
    I2C1_ER_IRQHandler                       0x080001db   Thumb Code     0  startup_stm32f439xx.o(.text)
    I2C1_EV_IRQHandler                       0x080001db   Thumb Code     0  startup_stm32f439xx.o(.text)
    I2C2_ER_IRQHandler                       0x080001db   Thumb Code     0  startup_stm32f439xx.o(.text)
    I2C2_EV_IRQHandler                       0x080001db   Thumb Code     0  startup_stm32f439xx.o(.text)
    I2C3_ER_IRQHandler                       0x080001db   Thumb Code     0  startup_stm32f439xx.o(.text)
    I2C3_EV_IRQHandler                       0x080001db   Thumb Code     0  startup_stm32f439xx.o(.text)
    LTDC_ER_IRQHandler                       0x080001db   Thumb Code     0  startup_stm32f439xx.o(.text)
    LTDC_IRQHandler                          0x080001db   Thumb Code     0  startup_stm32f439xx.o(.text)
    OTG_FS_IRQHandler                        0x080001db   Thumb Code     0  startup_stm32f439xx.o(.text)
    OTG_FS_WKUP_IRQHandler                   0x080001db   Thumb Code     0  startup_stm32f439xx.o(.text)
    OTG_HS_EP1_IN_IRQHandler                 0x080001db   Thumb Code     0  startup_stm32f439xx.o(.text)
    OTG_HS_EP1_OUT_IRQHandler                0x080001db   Thumb Code     0  startup_stm32f439xx.o(.text)
    OTG_HS_IRQHandler                        0x080001db   Thumb Code     0  startup_stm32f439xx.o(.text)
    OTG_HS_WKUP_IRQHandler                   0x080001db   Thumb Code     0  startup_stm32f439xx.o(.text)
    PVD_IRQHandler                           0x080001db   Thumb Code     0  startup_stm32f439xx.o(.text)
    RCC_IRQHandler                           0x080001db   Thumb Code     0  startup_stm32f439xx.o(.text)
    RTC_Alarm_IRQHandler                     0x080001db   Thumb Code     0  startup_stm32f439xx.o(.text)
    RTC_WKUP_IRQHandler                      0x080001db   Thumb Code     0  startup_stm32f439xx.o(.text)
    SAI1_IRQHandler                          0x080001db   Thumb Code     0  startup_stm32f439xx.o(.text)
    SDIO_IRQHandler                          0x080001db   Thumb Code     0  startup_stm32f439xx.o(.text)
    SPI1_IRQHandler                          0x080001db   Thumb Code     0  startup_stm32f439xx.o(.text)
    SPI2_IRQHandler                          0x080001db   Thumb Code     0  startup_stm32f439xx.o(.text)
    SPI3_IRQHandler                          0x080001db   Thumb Code     0  startup_stm32f439xx.o(.text)
    SPI4_IRQHandler                          0x080001db   Thumb Code     0  startup_stm32f439xx.o(.text)
    SPI5_IRQHandler                          0x080001db   Thumb Code     0  startup_stm32f439xx.o(.text)
    SPI6_IRQHandler                          0x080001db   Thumb Code     0  startup_stm32f439xx.o(.text)
    TAMP_STAMP_IRQHandler                    0x080001db   Thumb Code     0  startup_stm32f439xx.o(.text)
    TIM1_BRK_TIM9_IRQHandler                 0x080001db   Thumb Code     0  startup_stm32f439xx.o(.text)
    TIM1_CC_IRQHandler                       0x080001db   Thumb Code     0  startup_stm32f439xx.o(.text)
    TIM1_TRG_COM_TIM11_IRQHandler            0x080001db   Thumb Code     0  startup_stm32f439xx.o(.text)
    TIM1_UP_TIM10_IRQHandler                 0x080001db   Thumb Code     0  startup_stm32f439xx.o(.text)
    TIM2_IRQHandler                          0x080001db   Thumb Code     0  startup_stm32f439xx.o(.text)
    TIM3_IRQHandler                          0x080001db   Thumb Code     0  startup_stm32f439xx.o(.text)
    TIM4_IRQHandler                          0x080001db   Thumb Code     0  startup_stm32f439xx.o(.text)
    TIM5_IRQHandler                          0x080001db   Thumb Code     0  startup_stm32f439xx.o(.text)
    TIM6_DAC_IRQHandler                      0x080001db   Thumb Code     0  startup_stm32f439xx.o(.text)
    TIM7_IRQHandler                          0x080001db   Thumb Code     0  startup_stm32f439xx.o(.text)
    TIM8_BRK_TIM12_IRQHandler                0x080001db   Thumb Code     0  startup_stm32f439xx.o(.text)
    TIM8_CC_IRQHandler                       0x080001db   Thumb Code     0  startup_stm32f439xx.o(.text)
    TIM8_TRG_COM_TIM14_IRQHandler            0x080001db   Thumb Code     0  startup_stm32f439xx.o(.text)
    TIM8_UP_TIM13_IRQHandler                 0x080001db   Thumb Code     0  startup_stm32f439xx.o(.text)
    UART4_IRQHandler                         0x080001db   Thumb Code     0  startup_stm32f439xx.o(.text)
    UART5_IRQHandler                         0x080001db   Thumb Code     0  startup_stm32f439xx.o(.text)
    UART7_IRQHandler                         0x080001db   Thumb Code     0  startup_stm32f439xx.o(.text)
    UART8_IRQHandler                         0x080001db   Thumb Code     0  startup_stm32f439xx.o(.text)
    USART1_IRQHandler                        0x080001db   Thumb Code     0  startup_stm32f439xx.o(.text)
    USART2_IRQHandler                        0x080001db   Thumb Code     0  startup_stm32f439xx.o(.text)
    USART3_IRQHandler                        0x080001db   Thumb Code     0  startup_stm32f439xx.o(.text)
    USART6_IRQHandler                        0x080001db   Thumb Code     0  startup_stm32f439xx.o(.text)
    WWDG_IRQHandler                          0x080001db   Thumb Code     0  startup_stm32f439xx.o(.text)
    CPU_IntDis                               0x080001e5   Thumb Code     0  cpu_a.o(.text)
    CPU_IntEn                                0x080001e9   Thumb Code     0  cpu_a.o(.text)
    CPU_SR_Save                              0x080001ed   Thumb Code     0  cpu_a.o(.text)
    CPU_SR_Restore                           0x080001f5   Thumb Code     0  cpu_a.o(.text)
    CPU_WaitForInt                           0x080001fb   Thumb Code     0  cpu_a.o(.text)
    CPU_WaitForExcept                        0x080001ff   Thumb Code     0  cpu_a.o(.text)
    CPU_CntLeadZeros                         0x08000203   Thumb Code     0  cpu_a.o(.text)
    CPU_CntTrailZeros                        0x08000209   Thumb Code     0  cpu_a.o(.text)
    CPU_RevBits                              0x08000213   Thumb Code     0  cpu_a.o(.text)
    __scatterload                            0x08000219   Thumb Code    28  init.o(.text)
    __scatterload_rt2                        0x08000219   Thumb Code     0  init.o(.text)
    OSStartHighRdy                           0x0800023d   Thumb Code     0  os_cpu_a.o(CODE)
    OS_CPU_PendSVHandler                     0x0800025f   Thumb Code     0  os_cpu_a.o(CODE)
    BSP_LED_Toggle                           0x080002c1   Thumb Code    16  gpio.o(i.BSP_LED_Toggle)
    CPU_Init                                 0x080002d9   Thumb Code    20  cpu_core.o(i.CPU_Init)
    CPU_NameClr                              0x080002f1   Thumb Code    26  cpu_core.o(i.CPU_NameClr)
    CPU_TS_TmrInit                           0x08000311   Thumb Code     2  stm32f4xx_hal_msp.o(i.CPU_TS_TmrInit)
    CPU_TS_TmrRd                             0x08000313   Thumb Code     8  stm32f4xx_hal_msp.o(i.CPU_TS_TmrRd)
    HAL_GPIO_Init                            0x0800031d   Thumb Code   514  stm32f4xx_hal_gpio.o(i.HAL_GPIO_Init)
    HAL_GPIO_TogglePin                       0x08000535   Thumb Code     8  stm32f4xx_hal_gpio.o(i.HAL_GPIO_TogglePin)
    HAL_GetTick                              0x0800053d   Thumb Code     6  stm32f4xx_hal.o(i.HAL_GetTick)
    HAL_Init                                 0x08000549   Thumb Code    48  stm32f4xx_hal.o(i.HAL_Init)
    HAL_InitTick                             0x0800057d   Thumb Code    34  stm32f4xx_hal.o(i.HAL_InitTick)
    HAL_MspInit                              0x0800059f   Thumb Code    22  stm32f4xx_hal_msp.o(i.HAL_MspInit)
    HAL_NVIC_SetPriority                     0x080005b5   Thumb Code    98  stm32f4xx_hal_cortex.o(i.HAL_NVIC_SetPriority)
    HAL_NVIC_SetPriorityGrouping             0x0800061d   Thumb Code    30  stm32f4xx_hal_cortex.o(i.HAL_NVIC_SetPriorityGrouping)
    HAL_PWREx_EnableOverDrive                0x08000641   Thumb Code   150  stm32f4xx_hal_pwr_ex.o(i.HAL_PWREx_EnableOverDrive)
    HAL_RCC_ClockConfig                      0x080006e1   Thumb Code   628  stm32f4xx_hal_rcc.o(i.HAL_RCC_ClockConfig)
    HAL_RCC_GetHCLKFreq                      0x08000961   Thumb Code    38  stm32f4xx_hal_rcc.o(i.HAL_RCC_GetHCLKFreq)
    HAL_RCC_GetSysClockFreq                  0x08000995   Thumb Code   126  stm32f4xx_hal_rcc.o(i.HAL_RCC_GetSysClockFreq)
    HAL_RCC_OscConfig                        0x08000a21   Thumb Code  1048  stm32f4xx_hal_rcc.o(i.HAL_RCC_OscConfig)
    HAL_SYSTICK_CLKSourceConfig              0x08000e39   Thumb Code    28  stm32f4xx_hal_cortex.o(i.HAL_SYSTICK_CLKSourceConfig)
    HAL_SYSTICK_Config                       0x08000e55   Thumb Code    36  stm32f4xx_hal_cortex.o(i.HAL_SYSTICK_Config)
    MX_GPIO_Init                             0x08000e7d   Thumb Code    66  gpio.o(i.MX_GPIO_Init)
    Mem_Clr                                  0x08000ec9   Thumb Code     8  lib_mem.o(i.Mem_Clr)
    Mem_Set                                  0x08000ed1   Thumb Code    76  lib_mem.o(i.Mem_Set)
    OSCfg_Init                               0x08000f65   Thumb Code     2  os_cfg_app.o(i.OSCfg_Init)
    OSIdleTaskHook                           0x08000f67   Thumb Code     2  os_cpu_c.o(i.OSIdleTaskHook)
    OSInit                                   0x08000f69   Thumb Code   250  os_core.o(i.OSInit)
    OSInitHook                               0x0800109d   Thumb Code    38  os_cpu_c.o(i.OSInitHook)
    OSIntExit                                0x080010d1   Thumb Code   108  os_core.o(i.OSIntExit)
    OSSched                                  0x08001161   Thumb Code    90  os_core.o(i.OSSched)
    OSSchedLock                              0x080011dd   Thumb Code    64  os_core.o(i.OSSchedLock)
    OSSchedUnlock                            0x08001229   Thumb Code    82  os_core.o(i.OSSchedUnlock)
    OSStart                                  0x08001289   Thumb Code    62  os_core.o(i.OSStart)
    OSStatReset                              0x080012e1   Thumb Code   146  os_stat.o(i.OSStatReset)
    OSStatTaskHook                           0x08001399   Thumb Code     2  os_cpu_c.o(i.OSStatTaskHook)
    OSTaskCreate                             0x0800139d   Thumb Code   400  os_task.o(i.OSTaskCreate)
    OSTaskCreateHook                         0x08001551   Thumb Code     2  os_cpu_c.o(i.OSTaskCreateHook)
    OSTaskDel                                0x08001555   Thumb Code   252  os_task.o(i.OSTaskDel)
    OSTaskDelHook                            0x0800166d   Thumb Code     2  os_cpu_c.o(i.OSTaskDelHook)
    OSTaskReturnHook                         0x0800166f   Thumb Code     2  os_cpu_c.o(i.OSTaskReturnHook)
    OSTaskSemPend                            0x08001671   Thumb Code   302  os_task.o(i.OSTaskSemPend)
    OSTaskStkChk                             0x080017ad   Thumb Code   138  os_task.o(i.OSTaskStkChk)
    OSTaskStkInit                            0x08001841   Thumb Code   108  os_cpu_c.o(i.OSTaskStkInit)
    OSTaskSwHook                             0x080018b1   Thumb Code    40  os_cpu_c.o(i.OSTaskSwHook)
    OSTimeDly                                0x080018e1   Thumb Code   158  os_time.o(i.OSTimeDly)
    OSTimeTick                               0x0800198d   Thumb Code    52  os_time.o(i.OSTimeTick)
    OSTimeTickHook                           0x080019cd   Thumb Code     2  os_cpu_c.o(i.OSTimeTickHook)
    OS_CPU_SysTickHandler                    0x080019d1   Thumb Code    30  os_cpu_c.o(i.OS_CPU_SysTickHandler)
    OS_Dbg_Init                              0x080019f5   Thumb Code     2  os_dbg.o(i.OS_Dbg_Init)
    OS_FlagInit                              0x080019f9   Thumb Code    14  os_flag.o(i.OS_FlagInit)
    OS_FlagPost                              0x08001a11   Thumb Code   266  os_flag.o(i.OS_FlagPost)
    OS_FlagTaskRdy                           0x08001b25   Thumb Code    68  os_flag.o(i.OS_FlagTaskRdy)
    OS_IdleTask                              0x08001b69   Thumb Code    30  os_core.o(i.OS_IdleTask)
    OS_IdleTaskInit                          0x08001b91   Thumb Code    60  os_core.o(i.OS_IdleTaskInit)
    OS_IntQPost                              0x08001bf9   Thumb Code   138  os_int.o(i.OS_IntQPost)
    OS_IntQRePost                            0x08001ca9   Thumb Code   224  os_int.o(i.OS_IntQRePost)
    OS_IntQTask                              0x08001dc5   Thumb Code    96  os_int.o(i.OS_IntQTask)
    OS_IntQTaskInit                          0x08001e35   Thumb Code   192  os_int.o(i.OS_IntQTaskInit)
    OS_MemInit                               0x08001f4d   Thumb Code    14  os_mem.o(i.OS_MemInit)
    OS_MsgPoolCreate                         0x08001f65   Thumb Code    48  os_msg.o(i.OS_MsgPoolCreate)
    OS_MsgPoolInit                           0x08001f95   Thumb Code    58  os_msg.o(i.OS_MsgPoolInit)
    OS_MsgQFreeAll                           0x08001fdd   Thumb Code    48  os_msg.o(i.OS_MsgQFreeAll)
    OS_MsgQInit                              0x08002011   Thumb Code    14  os_msg.o(i.OS_MsgQInit)
    OS_MsgQPut                               0x08002021   Thumb Code   128  os_msg.o(i.OS_MsgQPut)
    OS_MutexInit                             0x080020a5   Thumb Code    14  os_mutex.o(i.OS_MutexInit)
    OS_Pend                                  0x080020bd   Thumb Code    74  os_core.o(i.OS_Pend)
    OS_PendDataInit                          0x0800210d   Thumb Code    48  os_core.o(i.OS_PendDataInit)
    OS_PendDbgNameAdd                        0x0800213d   Thumb Code    46  os_core.o(i.OS_PendDbgNameAdd)
    OS_PendDbgNameRemove                     0x08002185   Thumb Code    22  os_core.o(i.OS_PendDbgNameRemove)
    OS_PendListInsertPrio                    0x080021a1   Thumb Code    90  os_core.o(i.OS_PendListInsertPrio)
    OS_PendListRemove                        0x080021fb   Thumb Code    38  os_core.o(i.OS_PendListRemove)
    OS_PendListRemove1                       0x08002221   Thumb Code    54  os_core.o(i.OS_PendListRemove1)
    OS_Post                                  0x08002257   Thumb Code   152  os_core.o(i.OS_Post)
    OS_Post1                                 0x080022ef   Thumb Code    38  os_core.o(i.OS_Post1)
    OS_PrioGetHighest                        0x08002315   Thumb Code    32  os_prio.o(i.OS_PrioGetHighest)
    OS_PrioInit                              0x08002339   Thumb Code     8  os_prio.o(i.OS_PrioInit)
    OS_PrioInsert                            0x08002345   Thumb Code    28  os_prio.o(i.OS_PrioInsert)
    OS_PrioRemove                            0x08002365   Thumb Code    28  os_prio.o(i.OS_PrioRemove)
    OS_QInit                                 0x08002385   Thumb Code    14  os_q.o(i.OS_QInit)
    OS_QPost                                 0x0800239d   Thumb Code   186  os_q.o(i.OS_QPost)
    OS_RdyListInit                           0x08002461   Thumb Code    32  os_core.o(i.OS_RdyListInit)
    OS_RdyListInsert                         0x08002485   Thumb Code    42  os_core.o(i.OS_RdyListInsert)
    OS_RdyListInsertHead                     0x080024b5   Thumb Code    52  os_core.o(i.OS_RdyListInsertHead)
    OS_RdyListInsertTail                     0x080024ed   Thumb Code    48  os_core.o(i.OS_RdyListInsertTail)
    OS_RdyListMoveHeadToTail                 0x08002521   Thumb Code    52  os_core.o(i.OS_RdyListMoveHeadToTail)
    OS_RdyListRemove                         0x08002555   Thumb Code    78  os_core.o(i.OS_RdyListRemove)
    OS_Sched0                                0x080025a9   Thumb Code    50  os_core.o(i.OS_Sched0)
    OS_SchedRoundRobin                       0x080025f1   Thumb Code    84  os_core.o(i.OS_SchedRoundRobin)
    OS_SemInit                               0x08002655   Thumb Code    14  os_sem.o(i.OS_SemInit)
    OS_SemPost                               0x0800266d   Thumb Code   174  os_sem.o(i.OS_SemPost)
    OS_StatTask                              0x08002721   Thumb Code   490  os_stat.o(i.OS_StatTask)
    OS_StatTaskInit                          0x08002951   Thumb Code   118  os_stat.o(i.OS_StatTaskInit)
    OS_TaskBlock                             0x08002a0d   Thumb Code    42  os_core.o(i.OS_TaskBlock)
    OS_TaskDbgListAdd                        0x08002a39   Thumb Code    30  os_task.o(i.OS_TaskDbgListAdd)
    OS_TaskDbgListRemove                     0x08002a5d   Thumb Code    50  os_task.o(i.OS_TaskDbgListRemove)
    OS_TaskInit                              0x08002a95   Thumb Code    18  os_task.o(i.OS_TaskInit)
    OS_TaskInitTCB                           0x08002ab5   Thumb Code   180  os_task.o(i.OS_TaskInitTCB)
    OS_TaskQPost                             0x08002b75   Thumb Code   222  os_task.o(i.OS_TaskQPost)
    OS_TaskRdy                               0x08002c61   Thumb Code    28  os_core.o(i.OS_TaskRdy)
    OS_TaskResume                            0x08002c7d   Thumb Code   184  os_task.o(i.OS_TaskResume)
    OS_TaskReturn                            0x08002d39   Thumb Code    20  os_task.o(i.OS_TaskReturn)
    OS_TaskSemPost                           0x08002d51   Thumb Code   262  os_task.o(i.OS_TaskSemPost)
    OS_TaskSuspend                           0x08002e65   Thumb Code   160  os_task.o(i.OS_TaskSuspend)
    OS_TickListInit                          0x08002f0d   Thumb Code    34  os_tick.o(i.OS_TickListInit)
    OS_TickListInsert                        0x08002f39   Thumb Code   202  os_tick.o(i.OS_TickListInsert)
    OS_TickListRemove                        0x08003011   Thumb Code    54  os_tick.o(i.OS_TickListRemove)
    OS_TickListResetPeak                     0x08003049   Thumb Code    30  os_tick.o(i.OS_TickListResetPeak)
    OS_TickListUpdate                        0x08003071   Thumb Code   310  os_tick.o(i.OS_TickListUpdate)
    OS_TickTask                              0x080031c1   Thumb Code    36  os_tick.o(i.OS_TickTask)
    OS_TickTaskInit                          0x080031e9   Thumb Code   112  os_tick.o(i.OS_TickTaskInit)
    OS_TmrInit                               0x08003291   Thumb Code   172  os_tmr.o(i.OS_TmrInit)
    OS_TmrLink                               0x08003395   Thumb Code   140  os_tmr.o(i.OS_TmrLink)
    OS_TmrResetPeak                          0x0800342d   Thumb Code    30  os_tmr.o(i.OS_TmrResetPeak)
    OS_TmrTask                               0x08003455   Thumb Code   146  os_tmr.o(i.OS_TmrTask)
    OS_TmrUnlink                             0x080034f9   Thumb Code    68  os_tmr.o(i.OS_TmrUnlink)
    SystemClock_Config                       0x08003545   Thumb Code   144  main.o(i.SystemClock_Config)
    SystemInit                               0x080035dd   Thumb Code    64  system_stm32f4xx.o(i.SystemInit)
    __scatterload_copy                       0x08003635   Thumb Code    14  handlers.o(i.__scatterload_copy)
    __scatterload_null                       0x08003643   Thumb Code     2  handlers.o(i.__scatterload_null)
    __scatterload_zeroinit                   0x08003645   Thumb Code    14  handlers.o(i.__scatterload_zeroinit)
    main                                     0x08003655   Thumb Code    76  main.o(i.main)
    LED_PIN                                  0x080036b4   Data           8  gpio.o(.constdata)
    APBAHBPrescTable                         0x080036bc   Data          16  stm32f4xx_hal_rcc.o(.constdata)
    OSCfg_StatTaskPrio                       0x080036cc   Data           1  os_cfg_app.o(.constdata)
    OSCfg_TickTaskPrio                       0x080036cd   Data           1  os_cfg_app.o(.constdata)
    OSCfg_TmrTaskPrio                        0x080036ce   Data           1  os_cfg_app.o(.constdata)
    OSCfg_IntQSize                           0x080036d0   Data           2  os_cfg_app.o(.constdata)
    OSCfg_MsgPoolSize                        0x080036d2   Data           2  os_cfg_app.o(.constdata)
    OSCfg_TickWheelSize                      0x080036d4   Data           2  os_cfg_app.o(.constdata)
    OSCfg_TmrWheelSize                       0x080036d6   Data           2  os_cfg_app.o(.constdata)
    OSCfg_IdleTaskStkBasePtr                 0x080036d8   Data           4  os_cfg_app.o(.constdata)
    OSCfg_IdleTaskStkLimit                   0x080036dc   Data           4  os_cfg_app.o(.constdata)
    OSCfg_IdleTaskStkSize                    0x080036e0   Data           4  os_cfg_app.o(.constdata)
    OSCfg_IdleTaskStkSizeRAM                 0x080036e4   Data           4  os_cfg_app.o(.constdata)
    OSCfg_IntQBasePtr                        0x080036e8   Data           4  os_cfg_app.o(.constdata)
    OSCfg_IntQSizeRAM                        0x080036ec   Data           4  os_cfg_app.o(.constdata)
    OSCfg_IntQTaskStkBasePtr                 0x080036f0   Data           4  os_cfg_app.o(.constdata)
    OSCfg_IntQTaskStkLimit                   0x080036f4   Data           4  os_cfg_app.o(.constdata)
    OSCfg_IntQTaskStkSize                    0x080036f8   Data           4  os_cfg_app.o(.constdata)
    OSCfg_IntQTaskStkSizeRAM                 0x080036fc   Data           4  os_cfg_app.o(.constdata)
    OSCfg_ISRStkBasePtr                      0x08003700   Data           4  os_cfg_app.o(.constdata)
    OSCfg_ISRStkSize                         0x08003704   Data           4  os_cfg_app.o(.constdata)
    OSCfg_ISRStkSizeRAM                      0x08003708   Data           4  os_cfg_app.o(.constdata)
    OSCfg_MsgPoolSizeRAM                     0x0800370c   Data           4  os_cfg_app.o(.constdata)
    OSCfg_MsgPoolBasePtr                     0x08003710   Data           4  os_cfg_app.o(.constdata)
    OSCfg_StatTaskRate_Hz                    0x08003714   Data           4  os_cfg_app.o(.constdata)
    OSCfg_StatTaskStkBasePtr                 0x08003718   Data           4  os_cfg_app.o(.constdata)
    OSCfg_StatTaskStkLimit                   0x0800371c   Data           4  os_cfg_app.o(.constdata)
    OSCfg_StatTaskStkSize                    0x08003720   Data           4  os_cfg_app.o(.constdata)
    OSCfg_StatTaskStkSizeRAM                 0x08003724   Data           4  os_cfg_app.o(.constdata)
    OSCfg_StkSizeMin                         0x08003728   Data           4  os_cfg_app.o(.constdata)
    OSCfg_TickRate_Hz                        0x0800372c   Data           4  os_cfg_app.o(.constdata)
    OSCfg_TickTaskStkBasePtr                 0x08003730   Data           4  os_cfg_app.o(.constdata)
    OSCfg_TickTaskStkLimit                   0x08003734   Data           4  os_cfg_app.o(.constdata)
    OSCfg_TickTaskStkSize                    0x08003738   Data           4  os_cfg_app.o(.constdata)
    OSCfg_TickTaskStkSizeRAM                 0x0800373c   Data           4  os_cfg_app.o(.constdata)
    OSCfg_TickWheelSizeRAM                   0x08003740   Data           4  os_cfg_app.o(.constdata)
    OSCfg_TmrTaskRate_Hz                     0x08003744   Data           4  os_cfg_app.o(.constdata)
    OSCfg_TmrTaskStkBasePtr                  0x08003748   Data           4  os_cfg_app.o(.constdata)
    OSCfg_TmrTaskStkLimit                    0x0800374c   Data           4  os_cfg_app.o(.constdata)
    OSCfg_TmrTaskStkSize                     0x08003750   Data           4  os_cfg_app.o(.constdata)
    OSCfg_TmrTaskStkSizeRAM                  0x08003754   Data           4  os_cfg_app.o(.constdata)
    OSCfg_TmrWheelSizeRAM                    0x08003758   Data           4  os_cfg_app.o(.constdata)
    OSCfg_DataSizeRAM                        0x0800375c   Data           4  os_cfg_app.o(.constdata)
    Region$$Table$$Base                      0x08003760   Number         0  anon$$obj.o(Region$$Table)
    Region$$Table$$Limit                     0x08003780   Number         0  anon$$obj.o(Region$$Table)
    LED_PORT                                 0x20000000   Data          16  gpio.o(.data)
    SystemCoreClock                          0x20000010   Data           4  system_stm32f4xx.o(.data)
    CPU_TS_TmrFreq_Hz                        0x20000018   Data           4  cpu_core.o(.data)
    OS_CPU_ExceptStkBase                     0x2000001c   Data           4  os_cpu_c.o(.data)
    OSPrioTbl                                0x20000020   Data           4  os_prio.o(.data)
    OSIdleTaskCtr                            0x20000024   Data           4  os_var.o(.data)
    OSIntNestingCtr                          0x20000028   Data           1  os_var.o(.data)
    OSRunning                                0x20000029   Data           1  os_var.o(.data)
    OSIntQInPtr                              0x2000002c   Data           4  os_var.o(.data)
    OSIntQOutPtr                             0x20000030   Data           4  os_var.o(.data)
    OSIntQNbrEntries                         0x20000034   Data           2  os_var.o(.data)
    OSIntQNbrEntriesMax                      0x20000036   Data           2  os_var.o(.data)
    OSIntQOvfCtr                             0x20000038   Data           2  os_var.o(.data)
    OSIntQTaskTimeMax                        0x2000003c   Data           4  os_var.o(.data)
    OSFlagDbgListPtr                         0x20000040   Data           4  os_var.o(.data)
    OSFlagQty                                0x20000044   Data           2  os_var.o(.data)
    OSMemDbgListPtr                          0x20000048   Data           4  os_var.o(.data)
    OSMemQty                                 0x2000004c   Data           2  os_var.o(.data)
    OSMutexDbgListPtr                        0x20000050   Data           4  os_var.o(.data)
    OSMutexQty                               0x20000054   Data           2  os_var.o(.data)
    OSPrioCur                                0x20000056   Data           1  os_var.o(.data)
    OSPrioHighRdy                            0x20000057   Data           1  os_var.o(.data)
    OSPrioSaved                              0x20000058   Data           1  os_var.o(.data)
    OSQDbgListPtr                            0x2000005c   Data           4  os_var.o(.data)
    OSQQty                                   0x20000060   Data           2  os_var.o(.data)
    OSSchedLockNestingCtr                    0x20000062   Data           1  os_var.o(.data)
    OSSchedRoundRobinDfltTimeQuanta          0x20000064   Data           4  os_var.o(.data)
    OSSchedRoundRobinEn                      0x20000068   Data           1  os_var.o(.data)
    OSSemDbgListPtr                          0x2000006c   Data           4  os_var.o(.data)
    OSSemQty                                 0x20000070   Data           2  os_var.o(.data)
    OSStatResetFlag                          0x20000072   Data           1  os_var.o(.data)
    OSStatTaskCPUUsage                       0x20000074   Data           2  os_var.o(.data)
    OSStatTaskCPUUsageMax                    0x20000076   Data           2  os_var.o(.data)
    OSStatTaskCtr                            0x20000078   Data           4  os_var.o(.data)
    OSStatTaskCtrMax                         0x2000007c   Data           4  os_var.o(.data)
    OSStatTaskCtrRun                         0x20000080   Data           4  os_var.o(.data)
    OSStatTaskRdy                            0x20000084   Data           1  os_var.o(.data)
    OSStatTaskTimeMax                        0x20000088   Data           4  os_var.o(.data)
    OSTaskCtxSwCtr                           0x2000008c   Data           4  os_var.o(.data)
    OSTaskDbgListPtr                         0x20000090   Data           4  os_var.o(.data)
    OSTaskQty                                0x20000094   Data           2  os_var.o(.data)
    OSTaskRegNextAvailID                     0x20000096   Data           1  os_var.o(.data)
    OSTickCtr                                0x20000098   Data           4  os_var.o(.data)
    OSTickTaskTimeMax                        0x2000009c   Data           4  os_var.o(.data)
    OSTmrDbgListPtr                          0x200000a0   Data           4  os_var.o(.data)
    OSTmrTaskTimeMax                         0x200000a4   Data           4  os_var.o(.data)
    OSTmrTickCtr                             0x200000a8   Data           4  os_var.o(.data)
    OSTmrUpdateCnt                           0x200000ac   Data           4  os_var.o(.data)
    OSTmrUpdateCtr                           0x200000b0   Data           4  os_var.o(.data)
    OSTCBCurPtr                              0x200000b4   Data           4  os_var.o(.data)
    OSTCBHighRdyPtr                          0x200000b8   Data           4  os_var.o(.data)
    CPU_Name                                 0x200002bc   Data          16  cpu_core.o(.bss)
    OSCfg_IdleTaskStk                        0x200002cc   Data         256  os_cfg_app.o(.bss)
    OSCfg_IntQ                               0x200003cc   Data         320  os_cfg_app.o(.bss)
    OSCfg_IntQTaskStk                        0x2000050c   Data         512  os_cfg_app.o(.bss)
    OSCfg_ISRStk                             0x2000070c   Data         512  os_cfg_app.o(.bss)
    OSCfg_MsgPool                            0x2000090c   Data        1600  os_cfg_app.o(.bss)
    OSCfg_StatTaskStk                        0x20000f4c   Data         512  os_cfg_app.o(.bss)
    OSCfg_TickTaskStk                        0x2000114c   Data         512  os_cfg_app.o(.bss)
    OSCfg_TickWheel                          0x2000134c   Data         136  os_cfg_app.o(.bss)
    OSCfg_TmrTaskStk                         0x200013d4   Data         512  os_cfg_app.o(.bss)
    OSCfg_TmrWheel                           0x200015d4   Data         136  os_cfg_app.o(.bss)
    OSIdleTaskTCB                            0x2000165c   Data         192  os_var.o(.bss)
    OSIntQTaskTCB                            0x2000171c   Data         192  os_var.o(.bss)
    OSMsgPool                                0x200017dc   Data          12  os_var.o(.bss)
    OSRdyList                                0x200017e8   Data         384  os_var.o(.bss)
    OSStatTaskTCB                            0x20001968   Data         192  os_var.o(.bss)
    OSTickTaskTCB                            0x20001a28   Data         192  os_var.o(.bss)
    OSTmrTaskTCB                             0x20001ae8   Data         192  os_var.o(.bss)
    __initial_sp                             0x20001fa8   Data           0  startup_stm32f439xx.o(STACK)



==============================================================================

Memory Map of the image

  Image Entry point : 0x080001ad

  Load Region LR_IROM1 (Base: 0x08000000, Size: 0x0000383c, Max: 0x00100000, ABSOLUTE)

    Execution Region ER_IROM1 (Base: 0x08000000, Size: 0x00003780, Max: 0x00100000, ABSOLUTE)

    Base Addr    Size         Type   Attr      Idx    E Section Name        Object

    0x08000000   0x000001ac   Data   RO          285    RESET               startup_stm32f439xx.o
    0x080001ac   0x00000000   Code   RO         3235  * .ARM.Collect$$$$00000000  mc_w.l(entry.o)
    0x080001ac   0x00000004   Code   RO         3238    .ARM.Collect$$$$00000001  mc_w.l(entry2.o)
    0x080001b0   0x00000004   Code   RO         3241    .ARM.Collect$$$$00000004  mc_w.l(entry5.o)
    0x080001b4   0x00000000   Code   RO         3243    .ARM.Collect$$$$00000008  mc_w.l(entry7b.o)
    0x080001b4   0x00000000   Code   RO         3245    .ARM.Collect$$$$0000000A  mc_w.l(entry8b.o)
    0x080001b4   0x00000008   Code   RO         3246    .ARM.Collect$$$$0000000B  mc_w.l(entry9a.o)
    0x080001bc   0x00000000   Code   RO         3248    .ARM.Collect$$$$0000000D  mc_w.l(entry10a.o)
    0x080001bc   0x00000000   Code   RO         3250    .ARM.Collect$$$$0000000F  mc_w.l(entry11a.o)
    0x080001bc   0x00000004   Code   RO         3239    .ARM.Collect$$$$00002712  mc_w.l(entry2.o)
    0x080001c0   0x00000024   Code   RO          286    .text               startup_stm32f439xx.o
    0x080001e4   0x00000034   Code   RO         1575    .text               cpu_a.o
    0x08000218   0x00000024   Code   RO         3252    .text               mc_w.l(init.o)
    0x0800023c   0x00000084   Code   RO         2110    CODE                os_cpu_a.o
    0x080002c0   0x00000018   Code   RO          242    i.BSP_LED_Toggle    gpio.o
    0x080002d8   0x00000018   Code   RO         1468    i.CPU_Init          cpu_core.o
    0x080002f0   0x00000020   Code   RO         1469    i.CPU_NameClr       cpu_core.o
    0x08000310   0x00000002   Code   RO          118    i.CPU_TS_TmrInit    stm32f4xx_hal_msp.o
    0x08000312   0x00000008   Code   RO          119    i.CPU_TS_TmrRd      stm32f4xx_hal_msp.o
    0x0800031a   0x00000002   PAD
    0x0800031c   0x00000218   Code   RO         1055    i.HAL_GPIO_Init     stm32f4xx_hal_gpio.o
    0x08000534   0x00000008   Code   RO         1058    i.HAL_GPIO_TogglePin  stm32f4xx_hal_gpio.o
    0x0800053c   0x0000000c   Code   RO          536    i.HAL_GetTick       stm32f4xx_hal.o
    0x08000548   0x00000034   Code   RO          538    i.HAL_Init          stm32f4xx_hal.o
    0x0800057c   0x00000022   Code   RO          539    i.HAL_InitTick      stm32f4xx_hal.o
    0x0800059e   0x00000016   Code   RO          120    i.HAL_MspInit       stm32f4xx_hal_msp.o
    0x080005b4   0x00000068   Code   RO          688    i.HAL_NVIC_SetPriority  stm32f4xx_hal_cortex.o
    0x0800061c   0x00000024   Code   RO          689    i.HAL_NVIC_SetPriorityGrouping  stm32f4xx_hal_cortex.o
    0x08000640   0x000000a0   Code   RO          336    i.HAL_PWREx_EnableOverDrive  stm32f4xx_hal_pwr_ex.o
    0x080006e0   0x00000280   Code   RO          948    i.HAL_RCC_ClockConfig  stm32f4xx_hal_rcc.o
    0x08000960   0x00000034   Code   RO          953    i.HAL_RCC_GetHCLKFreq  stm32f4xx_hal_rcc.o
    0x08000994   0x0000008c   Code   RO          957    i.HAL_RCC_GetSysClockFreq  stm32f4xx_hal_rcc.o
    0x08000a20   0x00000418   Code   RO          960    i.HAL_RCC_OscConfig  stm32f4xx_hal_rcc.o
    0x08000e38   0x0000001c   Code   RO          691    i.HAL_SYSTICK_CLKSourceConfig  stm32f4xx_hal_cortex.o
    0x08000e54   0x00000028   Code   RO          693    i.HAL_SYSTICK_Config  stm32f4xx_hal_cortex.o
    0x08000e7c   0x0000004c   Code   RO          243    i.MX_GPIO_Init      gpio.o
    0x08000ec8   0x00000008   Code   RO         1718    i.Mem_Clr           lib_mem.o
    0x08000ed0   0x0000004c   Code   RO         1730    i.Mem_Set           lib_mem.o
    0x08000f1c   0x00000048   Code   RO          196    i.MyTask            main.o
    0x08000f64   0x00000002   Code   RO         2113    i.OSCfg_Init        os_cfg_app.o
    0x08000f66   0x00000002   Code   RO         2032    i.OSIdleTaskHook    os_cpu_c.o
    0x08000f68   0x00000134   Code   RO         2145    i.OSInit            os_core.o
    0x0800109c   0x00000034   Code   RO         2033    i.OSInitHook        os_cpu_c.o
    0x080010d0   0x00000090   Code   RO         2147    i.OSIntExit         os_core.o
    0x08001160   0x0000007c   Code   RO         2148    i.OSSched           os_core.o
    0x080011dc   0x0000004c   Code   RO         2149    i.OSSchedLock       os_core.o
    0x08001228   0x00000060   Code   RO         2152    i.OSSchedUnlock     os_core.o
    0x08001288   0x00000058   Code   RO         2153    i.OSStart           os_core.o
    0x080012e0   0x000000b8   Code   RO         2809    i.OSStatReset       os_stat.o
    0x08001398   0x00000002   Code   RO         2034    i.OSStatTaskHook    os_cpu_c.o
    0x0800139a   0x00000002   PAD
    0x0800139c   0x000001b4   Code   RO         2840    i.OSTaskCreate      os_task.o
    0x08001550   0x00000002   Code   RO         2035    i.OSTaskCreateHook  os_cpu_c.o
    0x08001552   0x00000002   PAD
    0x08001554   0x00000118   Code   RO         2841    i.OSTaskDel         os_task.o
    0x0800166c   0x00000002   Code   RO         2036    i.OSTaskDelHook     os_cpu_c.o
    0x0800166e   0x00000002   Code   RO         2037    i.OSTaskReturnHook  os_cpu_c.o
    0x08001670   0x0000013c   Code   RO         2849    i.OSTaskSemPend     os_task.o
    0x080017ac   0x00000094   Code   RO         2853    i.OSTaskStkChk      os_task.o
    0x08001840   0x00000070   Code   RO         2038    i.OSTaskStkInit     os_cpu_c.o
    0x080018b0   0x00000030   Code   RO         2039    i.OSTaskSwHook      os_cpu_c.o
    0x080018e0   0x000000ac   Code   RO         3049    i.OSTimeDly         os_time.o
    0x0800198c   0x00000040   Code   RO         3053    i.OSTimeTick        os_time.o
    0x080019cc   0x00000002   Code   RO         2040    i.OSTimeTickHook    os_cpu_c.o
    0x080019ce   0x00000002   PAD
    0x080019d0   0x00000024   Code   RO         2041    i.OS_CPU_SysTickHandler  os_cpu_c.o
    0x080019f4   0x00000002   Code   RO         2372    i.OS_Dbg_Init       os_dbg.o
    0x080019f6   0x00000002   PAD
    0x080019f8   0x00000018   Code   RO         2396    i.OS_FlagInit       os_flag.o
    0x08001a10   0x00000114   Code   RO         2397    i.OS_FlagPost       os_flag.o
    0x08001b24   0x00000044   Code   RO         2398    i.OS_FlagTaskRdy    os_flag.o
    0x08001b68   0x00000028   Code   RO         2155    i.OS_IdleTask       os_core.o
    0x08001b90   0x00000068   Code   RO         2156    i.OS_IdleTaskInit   os_core.o
    0x08001bf8   0x000000b0   Code   RO         2460    i.OS_IntQPost       os_int.o
    0x08001ca8   0x0000011c   Code   RO         2461    i.OS_IntQRePost     os_int.o
    0x08001dc4   0x00000070   Code   RO         2462    i.OS_IntQTask       os_int.o
    0x08001e34   0x00000118   Code   RO         2463    i.OS_IntQTaskInit   os_int.o
    0x08001f4c   0x00000018   Code   RO         2494    i.OS_MemInit        os_mem.o
    0x08001f64   0x00000030   Code   RO         2526    i.OS_MsgPoolCreate  os_msg.o
    0x08001f94   0x00000048   Code   RO         2527    i.OS_MsgPoolInit    os_msg.o
    0x08001fdc   0x00000034   Code   RO         2528    i.OS_MsgQFreeAll    os_msg.o
    0x08002010   0x0000000e   Code   RO         2530    i.OS_MsgQInit       os_msg.o
    0x0800201e   0x00000002   PAD
    0x08002020   0x00000084   Code   RO         2531    i.OS_MsgQPut        os_msg.o
    0x080020a4   0x00000018   Code   RO         2574    i.OS_MutexInit      os_mutex.o
    0x080020bc   0x00000050   Code   RO         2157    i.OS_Pend           os_core.o
    0x0800210c   0x00000030   Code   RO         2160    i.OS_PendDataInit   os_core.o
    0x0800213c   0x00000048   Code   RO         2161    i.OS_PendDbgNameAdd  os_core.o
    0x08002184   0x0000001c   Code   RO         2162    i.OS_PendDbgNameRemove  os_core.o
    0x080021a0   0x0000005a   Code   RO         2166    i.OS_PendListInsertPrio  os_core.o
    0x080021fa   0x00000026   Code   RO         2167    i.OS_PendListRemove  os_core.o
    0x08002220   0x00000036   Code   RO         2168    i.OS_PendListRemove1  os_core.o
    0x08002256   0x00000098   Code   RO         2171    i.OS_Post           os_core.o
    0x080022ee   0x00000026   Code   RO         2172    i.OS_Post1          os_core.o
    0x08002314   0x00000024   Code   RO         2646    i.OS_PrioGetHighest  os_prio.o
    0x08002338   0x0000000c   Code   RO         2647    i.OS_PrioInit       os_prio.o
    0x08002344   0x00000020   Code   RO         2648    i.OS_PrioInsert     os_prio.o
    0x08002364   0x00000020   Code   RO         2649    i.OS_PrioRemove     os_prio.o
    0x08002384   0x00000018   Code   RO         2690    i.OS_QInit          os_q.o
    0x0800239c   0x000000c4   Code   RO         2691    i.OS_QPost          os_q.o
    0x08002460   0x00000024   Code   RO         2173    i.OS_RdyListInit    os_core.o
    0x08002484   0x00000030   Code   RO         2174    i.OS_RdyListInsert  os_core.o
    0x080024b4   0x00000038   Code   RO         2175    i.OS_RdyListInsertHead  os_core.o
    0x080024ec   0x00000034   Code   RO         2176    i.OS_RdyListInsertTail  os_core.o
    0x08002520   0x00000034   Code   RO         2177    i.OS_RdyListMoveHeadToTail  os_core.o
    0x08002554   0x00000054   Code   RO         2178    i.OS_RdyListRemove  os_core.o
    0x080025a8   0x00000048   Code   RO         2179    i.OS_Sched0         os_core.o
    0x080025f0   0x00000064   Code   RO         2180    i.OS_SchedRoundRobin  os_core.o
    0x08002654   0x00000018   Code   RO         2751    i.OS_SemInit        os_sem.o
    0x0800266c   0x000000b4   Code   RO         2752    i.OS_SemPost        os_sem.o
    0x08002720   0x00000230   Code   RO         2811    i.OS_StatTask       os_stat.o
    0x08002950   0x000000bc   Code   RO         2812    i.OS_StatTaskInit   os_stat.o
    0x08002a0c   0x0000002a   Code   RO         2181    i.OS_TaskBlock      os_core.o
    0x08002a36   0x00000002   PAD
    0x08002a38   0x00000024   Code   RO         2856    i.OS_TaskDbgListAdd  os_task.o
    0x08002a5c   0x00000038   Code   RO         2857    i.OS_TaskDbgListRemove  os_task.o
    0x08002a94   0x00000020   Code   RO         2858    i.OS_TaskInit       os_task.o
    0x08002ab4   0x000000c0   Code   RO         2859    i.OS_TaskInitTCB    os_task.o
    0x08002b74   0x000000ec   Code   RO         2860    i.OS_TaskQPost      os_task.o
    0x08002c60   0x0000001c   Code   RO         2182    i.OS_TaskRdy        os_core.o
    0x08002c7c   0x000000bc   Code   RO         2861    i.OS_TaskResume     os_task.o
    0x08002d38   0x00000018   Code   RO         2862    i.OS_TaskReturn     os_task.o
    0x08002d50   0x00000114   Code   RO         2863    i.OS_TaskSemPost    os_task.o
    0x08002e64   0x000000a8   Code   RO         2864    i.OS_TaskSuspend    os_task.o
    0x08002f0c   0x0000002c   Code   RO         3001    i.OS_TickListInit   os_tick.o
    0x08002f38   0x000000d8   Code   RO         3002    i.OS_TickListInsert  os_tick.o
    0x08003010   0x00000036   Code   RO         3003    i.OS_TickListRemove  os_tick.o
    0x08003046   0x00000002   PAD
    0x08003048   0x00000028   Code   RO         3004    i.OS_TickListResetPeak  os_tick.o
    0x08003070   0x00000150   Code   RO         3005    i.OS_TickListUpdate  os_tick.o
    0x080031c0   0x00000028   Code   RO         3006    i.OS_TickTask       os_tick.o
    0x080031e8   0x000000a8   Code   RO         3007    i.OS_TickTaskInit   os_tick.o
    0x08003290   0x00000104   Code   RO         3093    i.OS_TmrInit        os_tmr.o
    0x08003394   0x00000098   Code   RO         3094    i.OS_TmrLink        os_tmr.o
    0x0800342c   0x00000028   Code   RO         3095    i.OS_TmrResetPeak   os_tmr.o
    0x08003454   0x000000a4   Code   RO         3096    i.OS_TmrTask        os_tmr.o
    0x080034f8   0x0000004c   Code   RO         3097    i.OS_TmrUnlink      os_tmr.o
    0x08003544   0x00000098   Code   RO          197    i.SystemClock_Config  main.o
    0x080035dc   0x00000058   Code   RO          294    i.SystemInit        system_stm32f4xx.o
    0x08003634   0x0000000e   Code   RO         3256    i.__scatterload_copy  mc_w.l(handlers.o)
    0x08003642   0x00000002   Code   RO         3257    i.__scatterload_null  mc_w.l(handlers.o)
    0x08003644   0x0000000e   Code   RO         3258    i.__scatterload_zeroinit  mc_w.l(handlers.o)
    0x08003652   0x00000002   PAD
    0x08003654   0x00000060   Code   RO          198    i.main              main.o
    0x080036b4   0x00000008   Data   RO          244    .constdata          gpio.o
    0x080036bc   0x00000010   Data   RO          961    .constdata          stm32f4xx_hal_rcc.o
    0x080036cc   0x00000094   Data   RO         2124    .constdata          os_cfg_app.o
    0x08003760   0x00000020   Data   RO         3254    Region$$Table       anon$$obj.o


    Execution Region RW_IRAM1 (Base: 0x20000000, Size: 0x00001fa8, Max: 0x00030000, ABSOLUTE)

    Base Addr    Size         Type   Attr      Idx    E Section Name        Object

    0x20000000   0x00000010   Data   RW          245    .data               gpio.o
    0x20000010   0x00000004   Data   RW          296    .data               system_stm32f4xx.o
    0x20000014   0x00000004   Data   RW          544    .data               stm32f4xx_hal.o
    0x20000018   0x00000004   Data   RW         1479    .data               cpu_core.o
    0x2000001c   0x00000004   Data   RW         2043    .data               os_cpu_c.o
    0x20000020   0x00000004   Data   RW         2650    .data               os_prio.o
    0x20000024   0x00000004   Data   RW         3176    .data               os_var.o
    0x20000028   0x00000001   Data   RW         3177    .data               os_var.o
    0x20000029   0x00000001   Data   RW         3178    .data               os_var.o
    0x2000002a   0x00000002   PAD
    0x2000002c   0x00000004   Data   RW         3179    .data               os_var.o
    0x20000030   0x00000004   Data   RW         3180    .data               os_var.o
    0x20000034   0x00000002   Data   RW         3181    .data               os_var.o
    0x20000036   0x00000002   Data   RW         3182    .data               os_var.o
    0x20000038   0x00000002   Data   RW         3183    .data               os_var.o
    0x2000003a   0x00000002   PAD
    0x2000003c   0x00000004   Data   RW         3184    .data               os_var.o
    0x20000040   0x00000004   Data   RW         3185    .data               os_var.o
    0x20000044   0x00000002   Data   RW         3186    .data               os_var.o
    0x20000046   0x00000002   PAD
    0x20000048   0x00000004   Data   RW         3187    .data               os_var.o
    0x2000004c   0x00000002   Data   RW         3188    .data               os_var.o
    0x2000004e   0x00000002   PAD
    0x20000050   0x00000004   Data   RW         3189    .data               os_var.o
    0x20000054   0x00000002   Data   RW         3190    .data               os_var.o
    0x20000056   0x00000001   Data   RW         3191    .data               os_var.o
    0x20000057   0x00000001   Data   RW         3192    .data               os_var.o
    0x20000058   0x00000001   Data   RW         3193    .data               os_var.o
    0x20000059   0x00000003   PAD
    0x2000005c   0x00000004   Data   RW         3194    .data               os_var.o
    0x20000060   0x00000002   Data   RW         3195    .data               os_var.o
    0x20000062   0x00000001   Data   RW         3196    .data               os_var.o
    0x20000063   0x00000001   PAD
    0x20000064   0x00000004   Data   RW         3197    .data               os_var.o
    0x20000068   0x00000001   Data   RW         3198    .data               os_var.o
    0x20000069   0x00000003   PAD
    0x2000006c   0x00000004   Data   RW         3199    .data               os_var.o
    0x20000070   0x00000002   Data   RW         3200    .data               os_var.o
    0x20000072   0x00000001   Data   RW         3201    .data               os_var.o
    0x20000073   0x00000001   PAD
    0x20000074   0x00000002   Data   RW         3202    .data               os_var.o
    0x20000076   0x00000002   Data   RW         3203    .data               os_var.o
    0x20000078   0x00000004   Data   RW         3204    .data               os_var.o
    0x2000007c   0x00000004   Data   RW         3205    .data               os_var.o
    0x20000080   0x00000004   Data   RW         3206    .data               os_var.o
    0x20000084   0x00000001   Data   RW         3207    .data               os_var.o
    0x20000085   0x00000003   PAD
    0x20000088   0x00000004   Data   RW         3208    .data               os_var.o
    0x2000008c   0x00000004   Data   RW         3209    .data               os_var.o
    0x20000090   0x00000004   Data   RW         3210    .data               os_var.o
    0x20000094   0x00000002   Data   RW         3211    .data               os_var.o
    0x20000096   0x00000001   Data   RW         3212    .data               os_var.o
    0x20000097   0x00000001   PAD
    0x20000098   0x00000004   Data   RW         3213    .data               os_var.o
    0x2000009c   0x00000004   Data   RW         3214    .data               os_var.o
    0x200000a0   0x00000004   Data   RW         3215    .data               os_var.o
    0x200000a4   0x00000004   Data   RW         3217    .data               os_var.o
    0x200000a8   0x00000004   Data   RW         3218    .data               os_var.o
    0x200000ac   0x00000004   Data   RW         3219    .data               os_var.o
    0x200000b0   0x00000004   Data   RW         3220    .data               os_var.o
    0x200000b4   0x00000004   Data   RW         3221    .data               os_var.o
    0x200000b8   0x00000004   Data   RW         3222    .data               os_var.o
    0x200000bc   0x00000200   Zero   RW          199    .bss                main.o
    0x200002bc   0x00000010   Zero   RW         1477    .bss                cpu_core.o
    0x200002cc   0x00000100   Zero   RW         2114    .bss                os_cfg_app.o
    0x200003cc   0x00000140   Zero   RW         2115    .bss                os_cfg_app.o
    0x2000050c   0x00000200   Zero   RW         2116    .bss                os_cfg_app.o
    0x2000070c   0x00000200   Zero   RW         2117    .bss                os_cfg_app.o
    0x2000090c   0x00000640   Zero   RW         2118    .bss                os_cfg_app.o
    0x20000f4c   0x00000200   Zero   RW         2119    .bss                os_cfg_app.o
    0x2000114c   0x00000200   Zero   RW         2120    .bss                os_cfg_app.o
    0x2000134c   0x00000088   Zero   RW         2121    .bss                os_cfg_app.o
    0x200013d4   0x00000200   Zero   RW         2122    .bss                os_cfg_app.o
    0x200015d4   0x00000088   Zero   RW         2123    .bss                os_cfg_app.o
    0x2000165c   0x000000c0   Zero   RW         3169    .bss                os_var.o
    0x2000171c   0x000000c0   Zero   RW         3170    .bss                os_var.o
    0x200017dc   0x0000000c   Zero   RW         3171    .bss                os_var.o
    0x200017e8   0x00000180   Zero   RW         3172    .bss                os_var.o
    0x20001968   0x000000c0   Zero   RW         3173    .bss                os_var.o
    0x20001a28   0x000000c0   Zero   RW         3174    .bss                os_var.o
    0x20001ae8   0x000000c0   Zero   RW         3175    .bss                os_var.o
    0x20001ba8   0x00000400   Zero   RW          283    STACK               startup_stm32f439xx.o


==============================================================================

Image component sizes


      Code (inc. data)   RO Data    RW Data    ZI Data      Debug   Object Name

        52          0          0          0          0        312   cpu_a.o
        56         10          0          4         16       3111   cpu_core.o
       100         18          8         16          0       1679   gpio.o
        84          0          0          0          0      13416   lib_mem.o
       320         38          0          0        512      29567   main.o
         2          0        148          0       5008      20261   os_cfg_app.o
      2150        342          0          0          0      19912   os_core.o
       132         32          0          0          0        344   os_cpu_a.o
       260         32          0          4          0       6852   os_cpu_c.o
         2          0          0          0          0        530   os_dbg.o
       368         28          0          0          0       3080   os_flag.o
       852        202          0          0          0       3814   os_int.o
        24         10          0          0          0        921   os_mem.o
       318         22          0          0          0       4040   os_msg.o
        24         10          0          0          0        927   os_mutex.o
       112         16          0          4          0       3018   os_prio.o
       220         20          0          0          0       2310   os_q.o
       204         16          0          0          0       2094   os_sem.o
       932        178          0          0          0       3406   os_stat.o
      2388        218          0          0          0      12785   os_task.o
       898        128          0          0          0       6061   os_tick.o
       236         26          0          0          0       1809   os_time.o
       692        136          0          0          0       4432   os_tmr.o
         0          0          0        132       1356      18616   os_var.o
        36          8        428          0       1024        960   startup_stm32f439xx.o
        98         10          0          4          0       3188   stm32f4xx_hal.o
       208         16          0          0          0      30208   stm32f4xx_hal_cortex.o
       544         22          0          0          0       2661   stm32f4xx_hal_gpio.o
        32          0          0          0          0      38697   stm32f4xx_hal_msp.o
       160         10          0          0          0       1356   stm32f4xx_hal_pwr_ex.o
      1880         82         16          0          0       6217   stm32f4xx_hal_rcc.o
         0          0          0          0          0     355988   stm32f4xx_it.o
        88         24          0          4          0       1417   system_stm32f4xx.o

    ----------------------------------------------------------------------
     13488       1654        632        188       7916     603989   Object Totals
         0          0         32          0          0          0   (incl. Generated)
        16          0          0         20          0          0   (incl. Padding)

    ----------------------------------------------------------------------

      Code (inc. data)   RO Data    RW Data    ZI Data      Debug   Library Member Name

         0          0          0          0          0          0   entry.o
         0          0          0          0          0          0   entry10a.o
         0          0          0          0          0          0   entry11a.o
         8          4          0          0          0          0   entry2.o
         4          0          0          0          0          0   entry5.o
         0          0          0          0          0          0   entry7b.o
         0          0          0          0          0          0   entry8b.o
         8          4          0          0          0          0   entry9a.o
        30          0          0          0          0          0   handlers.o
        36          8          0          0          0         68   init.o

    ----------------------------------------------------------------------
        88         16          0          0          0         68   Library Totals
         2          0          0          0          0          0   (incl. Padding)

    ----------------------------------------------------------------------

      Code (inc. data)   RO Data    RW Data    ZI Data      Debug   Library Name

        86         16          0          0          0         68   mc_w.l

    ----------------------------------------------------------------------
        88         16          0          0          0         68   Library Totals

    ----------------------------------------------------------------------

==============================================================================


      Code (inc. data)   RO Data    RW Data    ZI Data      Debug   

     13576       1670        632        188       7916     593561   Grand Totals
     13576       1670        632        188       7916     593561   ELF Image Totals
     13576       1670        632        188          0          0   ROM Totals

==============================================================================

    Total RO  Size (Code + RO Data)                14208 (  13.88kB)
    Total RW  Size (RW Data + ZI Data)              8104 (   7.91kB)
    Total ROM Size (Code + RO Data + RW Data)      14396 (  14.06kB)

==============================================================================

