../Drivers/CMSIS/Include/core_cm4.h:1515:22:NVIC_SetPriorityGrouping	24	static
../Drivers/CMSIS/Include/core_cm4.h:1535:26:NVIC_GetPriorityGrouping	4	static
../Drivers/CMSIS/Include/core_cm4.h:1547:22:NVIC_EnableIRQ	16	static
../Drivers/CMSIS/Include/core_cm4.h:1559:22:NVIC_DisableIRQ	16	static
../Drivers/CMSIS/Include/core_cm4.h:1575:26:NVIC_GetPendingIRQ	16	static
../Drivers/CMSIS/Include/core_cm4.h:1587:22:NVIC_SetPendingIRQ	16	static
../Drivers/CMSIS/Include/core_cm4.h:1599:22:NVIC_ClearPendingIRQ	16	static
../Drivers/CMSIS/Include/core_cm4.h:1614:26:NVIC_GetActive	16	static
../Drivers/CMSIS/Include/core_cm4.h:1629:22:NVIC_SetPriority	16	static
../Drivers/CMSIS/Include/core_cm4.h:1651:26:NVIC_GetPriority	16	static
../Drivers/CMSIS/Include/core_cm4.h:1675:26:NVIC_EncodePriority	40	static
../Drivers/CMSIS/Include/core_cm4.h:1703:22:NVIC_DecodePriority	40	static
../Drivers/CMSIS/Include/core_cm4.h:1721:22:NVIC_SystemReset	4	static,ignoring_inline_asm
../Drivers/CMSIS/Include/core_cm4.h:1760:26:SysTick_Config	16	static
../Drivers/STM32F4xx_HAL_Driver/Src/stm32f4xx_hal_cortex.c:161:6:HAL_NVIC_SetPriorityGrouping	16	static
../Drivers/STM32F4xx_HAL_Driver/Src/stm32f4xx_hal_cortex.c:183:6:HAL_NVIC_SetPriority	32	static
../Drivers/STM32F4xx_HAL_Driver/Src/stm32f4xx_hal_cortex.c:205:6:HAL_NVIC_EnableIRQ	16	static
../Drivers/STM32F4xx_HAL_Driver/Src/stm32f4xx_hal_cortex.c:221:6:HAL_NVIC_DisableIRQ	16	static
../Drivers/STM32F4xx_HAL_Driver/Src/stm32f4xx_hal_cortex.c:234:6:HAL_NVIC_SystemReset	8	static
../Drivers/STM32F4xx_HAL_Driver/Src/stm32f4xx_hal_cortex.c:247:10:HAL_SYSTICK_Config	16	static
../Drivers/STM32F4xx_HAL_Driver/Src/stm32f4xx_hal_cortex.c:278:6:HAL_MPU_ConfigRegion	16	static
../Drivers/STM32F4xx_HAL_Driver/Src/stm32f4xx_hal_cortex.c:322:10:HAL_NVIC_GetPriorityGrouping	8	static
../Drivers/STM32F4xx_HAL_Driver/Src/stm32f4xx_hal_cortex.c:349:6:HAL_NVIC_GetPriority	24	static
../Drivers/STM32F4xx_HAL_Driver/Src/stm32f4xx_hal_cortex.c:364:6:HAL_NVIC_SetPendingIRQ	16	static
../Drivers/STM32F4xx_HAL_Driver/Src/stm32f4xx_hal_cortex.c:382:10:HAL_NVIC_GetPendingIRQ	16	static
../Drivers/STM32F4xx_HAL_Driver/Src/stm32f4xx_hal_cortex.c:398:6:HAL_NVIC_ClearPendingIRQ	16	static
../Drivers/STM32F4xx_HAL_Driver/Src/stm32f4xx_hal_cortex.c:415:10:HAL_NVIC_GetActive	16	static
../Drivers/STM32F4xx_HAL_Driver/Src/stm32f4xx_hal_cortex.c:432:6:HAL_SYSTICK_CLKSourceConfig	16	static
../Drivers/STM32F4xx_HAL_Driver/Src/stm32f4xx_hal_cortex.c:450:6:HAL_SYSTICK_IRQHandler	8	static
../Drivers/STM32F4xx_HAL_Driver/Src/stm32f4xx_hal_cortex.c:459:13:HAL_SYSTICK_Callback	4	static
