../Drivers/STM32F4xx_HAL_Driver/Src/stm32f4xx_hal.c:167:19:HAL_Init	8	static
../Drivers/STM32F4xx_HAL_Driver/Src/stm32f4xx_hal.c:200:19:HAL_DeInit	8	static
../Drivers/STM32F4xx_HAL_Driver/Src/stm32f4xx_hal.c:229:13:HAL_MspInit	4	static
../Drivers/STM32F4xx_HAL_Driver/Src/stm32f4xx_hal.c:240:13:HAL_MspDeInit	4	static
../Drivers/STM32F4xx_HAL_Driver/Src/stm32f4xx_hal.c:263:26:HAL_InitTick	16	static
../Drivers/STM32F4xx_HAL_Driver/Src/stm32f4xx_hal.c:311:13:HAL_IncTick	4	static
../Drivers/STM32F4xx_HAL_Driver/Src/stm32f4xx_hal.c:322:17:HAL_GetTick	4	static
../Drivers/STM32F4xx_HAL_Driver/Src/stm32f4xx_hal.c:338:13:HAL_Delay	24	static
../Drivers/STM32F4xx_HAL_Driver/Src/stm32f4xx_hal.c:357:13:HAL_SuspendTick	4	static
../Drivers/STM32F4xx_HAL_Driver/Src/stm32f4xx_hal.c:373:13:HAL_ResumeTick	4	static
../Drivers/STM32F4xx_HAL_Driver/Src/stm32f4xx_hal.c:383:10:HAL_GetHalVersion	4	static
../Drivers/STM32F4xx_HAL_Driver/Src/stm32f4xx_hal.c:392:10:HAL_GetREVID	4	static
../Drivers/STM32F4xx_HAL_Driver/Src/stm32f4xx_hal.c:401:10:HAL_GetDEVID	4	static
../Drivers/STM32F4xx_HAL_Driver/Src/stm32f4xx_hal.c:410:6:HAL_DBGMCU_EnableDBGSleepMode	4	static
../Drivers/STM32F4xx_HAL_Driver/Src/stm32f4xx_hal.c:419:6:HAL_DBGMCU_DisableDBGSleepMode	4	static
../Drivers/STM32F4xx_HAL_Driver/Src/stm32f4xx_hal.c:428:6:HAL_DBGMCU_EnableDBGStopMode	4	static
../Drivers/STM32F4xx_HAL_Driver/Src/stm32f4xx_hal.c:437:6:HAL_DBGMCU_DisableDBGStopMode	4	static
../Drivers/STM32F4xx_HAL_Driver/Src/stm32f4xx_hal.c:446:6:HAL_DBGMCU_EnableDBGStandbyMode	4	static
../Drivers/STM32F4xx_HAL_Driver/Src/stm32f4xx_hal.c:455:6:HAL_DBGMCU_DisableDBGStandbyMode	4	static
../Drivers/STM32F4xx_HAL_Driver/Src/stm32f4xx_hal.c:466:6:HAL_EnableCompensationCell	16	static,ignoring_inline_asm
../Drivers/STM32F4xx_HAL_Driver/Src/stm32f4xx_hal.c:477:6:HAL_DisableCompensationCell	16	static,ignoring_inline_asm
../Drivers/STM32F4xx_HAL_Driver/Src/stm32f4xx_hal.c:494:6:HAL_EnableMemorySwappingBank	16	static,ignoring_inline_asm
../Drivers/STM32F4xx_HAL_Driver/Src/stm32f4xx_hal.c:509:6:HAL_DisableMemorySwappingBank	16	static,ignoring_inline_asm
