<html>
<body>
<pre>
<h1>µVision Build Log</h1>
<h2>Tool Versions:</h2>
IDE-Version: ¦ÌVision V5.15
Copyright (C) 2015 ARM Ltd and ARM Germany GmbH. All rights reserved.
License Information: sky Sky123.Org, Sky123.Org, LIC=P6F63-A5JSF-NTD3G-V0HZ9-EFB8I-J7I5M
 
Tool Versions:
Toolchain:       MDK-ARM Professional  Version: 5.15.0
Toolchain Path:  D:\Keil_v515\ARM\ARMCC\Bin
C Compiler:      Armcc.exe V5.05 update 2 (build 169)
Assembler:       Armasm.exe V5.05 update 2 (build 169)
Linker/Locator:  ArmLink.exe V5.05 update 2 (build 169)
Library Manager: ArmAr.exe V5.05 update 2 (build 169)
Hex Converter:   FromElf.exe V5.05 update 2 (build 169)
CPU DLL:         SARMCM3.DLL V5.15.0
Dialog DLL:      DCM.DLL V1.13.2.0
Target DLL:      STLink\ST-LINKIII-KEIL_SWO.dll V2.0.15.0_KEIL
Dialog DLL:      TCM.DLL V1.14.5.0
 
<h2>Project:</h2>
C:\Users\Administrator\Desktop\stm32cube\STM32F429I\35.ETH\LwIP_TCP_Echo_Client\MDK-ARM\STM32F429I.uvprojx
Project File Date:  11/23/2015

<h2>Output:</h2>
*** Using Compiler 'V5.05 update 2 (build 169)', folder: 'D:\Keil_v515\ARM\ARMCC\Bin'
Build target 'STM32F429I Configuration'
compiling dma2d.c...
compiling stm32f4xx_it.c...
compiling usart.c...
compiling ltdc.c...
compiling stm32f4xx_hal_msp.c...
compiling gpio.c...
compiling main.c...
compiling fmc.c...
compiling dma.c...
compiling ethernetif.c...
compiling lwip.c...
compiling tcp_echoclient.c...
compiling system_stm32f4xx.c...
compiling stm32f4xx_hal_pwr_ex.c...
compiling stm32f4xx_hal_ltdc.c...
compiling stm32f4xx_hal_uart.c...
compiling stm32f4xx_hal_dsi.c...
compiling stm32f4xx_hal_dma.c...
compiling stm32f4xx_hal_rcc_ex.c...
compiling stm32f4xx_hal.c...
compiling stm32f4xx_hal_cortex.c...
compiling stm32f4xx_hal_ltdc_ex.c...
compiling stm32f4xx_hal_flash_ex.c...
compiling stm32f4xx_hal_rcc.c...
compiling stm32f4xx_hal_gpio.c...
compiling stm32f4xx_hal_dma_ex.c...
compiling stm32f4xx_hal_pwr.c...
compiling stm32f4xx_hal_flash_ramfunc.c...
compiling stm32f4xx_hal_flash.c...
compiling stm32f4xx_ll_fmc.c...
compiling stm32f4xx_hal_sdram.c...
compiling stm32f4xx_hal_dma2d.c...
compiling stm32f4xx_hal_eth.c...
compiling stm324x9i_lcd.c...
compiling stm324x9i_sdram.c...
compiling asn1_enc.c...
compiling sys.c...
compiling ip_frag.c...
compiling api_lib.c...
compiling chpms.c...
compiling inet.c...
compiling memp.c...
compiling tcp.c...
compiling ppp_oe.c...
compiling autoip.c...
compiling ip.c...
compiling auth.c...
compiling netbuf.c...
compiling md5.c...
compiling inet_chksum.c...
compiling etharp.c...
compiling init.c...
compiling msg_out.c...
compiling dns.c...
compiling igmp.c...
compiling ip_addr.c...
compiling lcp.c...
compiling netif.c...
compiling err.c...
compiling vj.c...
compiling ipcp.c...
compiling def.c...
compiling tcp_in.c...
compiling tcpip.c...
compiling ppp.c...
compiling magic.c...
compiling sockets.c...
compiling stats.c...
compiling asn1_dec.c...
compiling pap.c...
compiling chap.c...
compiling randm.c...
compiling slipif.c...
compiling mem.c...
compiling netifapi.c...
compiling icmp.c...
compiling mib2.c...
compiling api_msg.c...
compiling pbuf.c...
compiling netdb.c...
compiling dhcp.c...
compiling raw.c...
compiling tcp_out.c...
compiling udp.c...
compiling msg_in.c...
compiling mib_structs.c...
compiling fsm.c...
compiling lwip_timers.c...
linking...
Program Size: Code=30688 RO-data=740 RW-data=196 ZI-data=28028  
"STM32F429I Configuration/\.axf" - 0 Error(s), 0 Warning(s).

<h2>Software Packages used:</h2>

Package Vendor: ARM
                http://www.keil.com/pack/ARM.CMSIS.4.3.0.pack
                ARM::CMSIS:CORE:4.1.0
                CMSIS (Cortex Microcontroller Software Interface Standard)
   * Component: CORE Version: 4.1.0

<h2>Collection of Component include folders:</h2>
  C:\Users\Administrator\Desktop\stm32cube\STM32F429I\35.ETH\LwIP_TCP_Echo_Client\MDK-ARM\RTE
  D:\Keil_v515\ARM\PACK\ARM\CMSIS\4.3.0\CMSIS\Include
  D:\Keil_v515\ARM\PACK\Keil\STM32F4xx_DFP\2.5.0\Drivers\CMSIS\Device\ST\STM32F4xx\Include

<h2>Collection of Component Files used:</h2>

   * Component: ARM::CMSIS:CORE:4.1.0
</pre>
</body>
</html>
