17:47:23 **** Incremental Build of configuration Debug for project Evk407I_Test ****
make -j12 all 
arm-none-eabi-gcc "../Core/Src/main.c" -mcpu=cortex-m4 -std=gnu11 -g3 -DDEBUG -DUSE_HAL_DRIVER -DSTM32F407xx -c -I../Core/Inc -I../Drivers/STM32F4xx_HAL_Driver/Inc -I../Drivers/STM32F4xx_HAL_Driver/Inc/Legacy -I../Drivers/CMSIS/Device/ST/STM32F4xx/Include -I../Drivers/CMSIS/Include -I../LWIP/App -I../LWIP/Target -I../Middlewares/Third_Party/LwIP/src/include -I../Middlewares/Third_Party/LwIP/system -I../Drivers/BSP/Components/lan8742 -I../Middlewares/Third_Party/LwIP/src/include/netif/ppp -I../Middlewares/Third_Party/LwIP/src/include/lwip -I../Middlewares/Third_Party/LwIP/src/include/lwip/apps -I../Middlewares/Third_Party/LwIP/src/include/lwip/priv -I../Middlewares/Third_Party/LwIP/src/include/lwip/prot -I../Middlewares/Third_Party/LwIP/src/include/netif -I../Middlewares/Third_Party/LwIP/src/include/compat/posix -I../Middlewares/Third_Party/LwIP/src/include/compat/posix/arpa -I../Middlewares/Third_Party/LwIP/src/include/compat/posix/net -I../Middlewares/Third_Party/LwIP/src/include/compat/posix/sys -I../Middlewares/Third_Party/LwIP/src/include/compat/stdc -I../Middlewares/Third_Party/LwIP/system/arch -I"F:/7.Sunshine/Waveshare/Evk407I_Test/workspace/Evk407I_Test/User" -I"F:/7.Sunshine/Waveshare/Evk407I_Test/workspace/Evk407I_Test/Utils" -I"F:/7.Sunshine/Waveshare/Evk407I_Test/workspace/Evk407I_Test/Lib" -O0 -ffunction-sections -fdata-sections -Wall -fstack-usage -fcyclomatic-complexity -MMD -MP -MF"Core/Src/main.d" -MT"Core/Src/main.o" --specs=nano.specs -mfpu=fpv4-sp-d16 -mfloat-abi=hard -mthumb -o "Core/Src/main.o"
arm-none-eabi-gcc -o "Evk407I_Test.elf" @"objects.list"   -mcpu=cortex-m4 -T"F:\7.Sunshine\Waveshare\Evk407I_Test\workspace\Evk407I_Test\STM32F407IGTX_FLASH.ld" --specs=nosys.specs -Wl,-Map="Evk407I_Test.map" -Wl,--gc-sections -static --specs=nano.specs -mfpu=fpv4-sp-d16 -mfloat-abi=hard -mthumb -Wl,--start-group -lc -lm -Wl,--end-group
Finished building target: Evk407I_Test.elf
 
arm-none-eabi-size  Evk407I_Test.elf 
arm-none-eabi-objdump -h -S Evk407I_Test.elf  > "Evk407I_Test.list"
   text	   data	    bss	    dec	    hex	filename
  89048	    144	  35952	 125144	  1e8d8	Evk407I_Test.elf
Finished building: default.size.stdout
 
Finished building: Evk407I_Test.list
 
17:47:34 **** Incremental Build of configuration Debug for project Evk407I_Test ****
make -j12 all 
arm-none-eabi-size  Evk407I_Test.elf 
   text	   data	    bss	    dec	    hex	filename
  89048	    144	  35952	 125144	  1e8d8	Evk407I_Test.elf
Finished building: default.size.stdout
 
17:49:53 **** Incremental Build of configuration Debug for project Evk407I_Test ****
make -j12 all 
arm-none-eabi-size  Evk407I_Test.elf 
   text	   data	    bss	    dec	    hex	filename
  89048	    144	  35952	 125144	  1e8d8	Evk407I_Test.elf
Finished building: default.size.stdout
 
17:52:18 **** Incremental Build of configuration Debug for project Evk407I_Test ****
make -j12 all 
arm-none-eabi-size  Evk407I_Test.elf 
   text	   data	    bss	    dec	    hex	filename
  89048	    144	  35952	 125144	  1e8d8	Evk407I_Test.elf
Finished building: default.size.stdout
 
17:53:07 **** Build of configuration Debug for project LEDTest ****
make -j12 all 
arm-none-eabi-size  LEDTest.elf 
   text	   data	    bss	    dec	    hex	filename
   5848	     20	   1572	   7440	   1d10	LEDTest.elf
Finished building: default.size.stdout
 
17:53:30 **** Incremental Build of configuration Debug for project LEDTest ****
make -j12 all 
arm-none-eabi-size  LEDTest.elf 
   text	   data	    bss	    dec	    hex	filename
   5848	     20	   1572	   7440	   1d10	LEDTest.elf
Finished building: default.size.stdout
 
17:58:55 **** Incremental Build of configuration Debug for project Evk407I_Test ****
make -j12 all 
arm-none-eabi-gcc -o "Evk407I_Test.elf" @"objects.list"   -mcpu=cortex-m4 -T"F:\7.Sunshine\Waveshare\Evk407I_Test\workspace\Evk407I_Test\STM32F407IGTX_FLASH.ld" --specs=nosys.specs -Wl,-Map="Evk407I_Test.map" -Wl,--gc-sections -static --specs=nano.specs -mfpu=fpv4-sp-d16 -mfloat-abi=hard -mthumb -Wl,--start-group -lc -lm -Wl,--end-group
Finished building target: Evk407I_Test.elf
 
arm-none-eabi-size  Evk407I_Test.elf 
arm-none-eabi-objdump -h -S Evk407I_Test.elf  > "Evk407I_Test.list"
   text	   data	    bss	    dec	    hex	filename
  89048	    144	  35952	 125144	  1e8d8	Evk407I_Test.elf
Finished building: default.size.stdout
 
Finished building: Evk407I_Test.list
 
17:59:18 **** Incremental Build of configuration Debug for project Evk407I_Test ****
make -j12 all 
arm-none-eabi-size  Evk407I_Test.elf 
   text	   data	    bss	    dec	    hex	filename
  89048	    144	  35952	 125144	  1e8d8	Evk407I_Test.elf
Finished building: default.size.stdout
 
17:59:40 **** Incremental Build of configuration Debug for project Evk407I_Test ****
make -j12 all 
arm-none-eabi-size  Evk407I_Test.elf 
   text	   data	    bss	    dec	    hex	filename
  89048	    144	  35952	 125144	  1e8d8	Evk407I_Test.elf
Finished building: default.size.stdout
 
17:59:53 **** Incremental Build of configuration Debug for project Evk407I_Test ****
make -j12 all 
arm-none-eabi-size  Evk407I_Test.elf 
   text	   data	    bss	    dec	    hex	filename
  89048	    144	  35952	 125144	  1e8d8	Evk407I_Test.elf
Finished building: default.size.stdout
 
18:00:45 **** Incremental Build of configuration Debug for project Evk407I_Test ****
make -j12 all 
arm-none-eabi-gcc -o "Evk407I_Test.elf" @"objects.list"   -mcpu=cortex-m4 -T"F:\7.Sunshine\Waveshare\Evk407I_Test\workspace\Evk407I_Test\STM32F407IGTX_FLASH.ld" --specs=nosys.specs -Wl,-Map="Evk407I_Test.map" -Wl,--gc-sections -static --specs=nano.specs -mfpu=fpv4-sp-d16 -mfloat-abi=hard -mthumb -Wl,--start-group -lc -lm -Wl,--end-group
Finished building target: Evk407I_Test.elf
 
arm-none-eabi-size  Evk407I_Test.elf 
arm-none-eabi-objdump -h -S Evk407I_Test.elf  > "Evk407I_Test.list"
   text	   data	    bss	    dec	    hex	filename
  89048	    144	  35952	 125144	  1e8d8	Evk407I_Test.elf
Finished building: default.size.stdout
 
Finished building: Evk407I_Test.list
 
