Component: ARM Compiler 5.05 update 2 (build 169) Tool: armlink [4d0f33]

==============================================================================

Section Cross References

    usbd_conf.o(i.HAL_PCD_ConnectCallback) refers to usbd_core.o(i.USBD_LL_DevConnected) for USBD_LL_DevConnected
    usbd_conf.o(i.HAL_PCD_DataInStageCallback) refers to usbd_core.o(i.USBD_LL_DataInStage) for USBD_LL_DataInStage
    usbd_conf.o(i.HAL_PCD_DataOutStageCallback) refers to usbd_core.o(i.USBD_LL_DataOutStage) for USBD_LL_DataOutStage
    usbd_conf.o(i.HAL_PCD_DisconnectCallback) refers to usbd_core.o(i.USBD_LL_DevDisconnected) for USBD_LL_DevDisconnected
    usbd_conf.o(i.HAL_PCD_ISOINIncompleteCallback) refers to usbd_core.o(i.USBD_LL_IsoINIncomplete) for USBD_LL_IsoINIncomplete
    usbd_conf.o(i.HAL_PCD_ISOOUTIncompleteCallback) refers to usbd_core.o(i.USBD_LL_IsoOUTIncomplete) for USBD_LL_IsoOUTIncomplete
    usbd_conf.o(i.HAL_PCD_MspDeInit) refers to stm32f4xx_hal_gpio.o(i.HAL_GPIO_DeInit) for HAL_GPIO_DeInit
    usbd_conf.o(i.HAL_PCD_MspDeInit) refers to stm32f4xx_hal_cortex.o(i.HAL_NVIC_DisableIRQ) for HAL_NVIC_DisableIRQ
    usbd_conf.o(i.HAL_PCD_MspInit) refers to stm32f4xx_hal_gpio.o(i.HAL_GPIO_Init) for HAL_GPIO_Init
    usbd_conf.o(i.HAL_PCD_MspInit) refers to stm32f4xx_hal_cortex.o(i.HAL_NVIC_SetPriority) for HAL_NVIC_SetPriority
    usbd_conf.o(i.HAL_PCD_MspInit) refers to stm32f4xx_hal_cortex.o(i.HAL_NVIC_EnableIRQ) for HAL_NVIC_EnableIRQ
    usbd_conf.o(i.HAL_PCD_ResetCallback) refers to usbd_core.o(i.USBD_LL_SetSpeed) for USBD_LL_SetSpeed
    usbd_conf.o(i.HAL_PCD_ResetCallback) refers to usbd_core.o(i.USBD_LL_Reset) for USBD_LL_Reset
    usbd_conf.o(i.HAL_PCD_ResumeCallback) refers to usbd_core.o(i.USBD_LL_Resume) for USBD_LL_Resume
    usbd_conf.o(i.HAL_PCD_SOFCallback) refers to usbd_core.o(i.USBD_LL_SOF) for USBD_LL_SOF
    usbd_conf.o(i.HAL_PCD_SetupStageCallback) refers to usbd_core.o(i.USBD_LL_SetupStage) for USBD_LL_SetupStage
    usbd_conf.o(i.HAL_PCD_SuspendCallback) refers to usbd_core.o(i.USBD_LL_Suspend) for USBD_LL_Suspend
    usbd_conf.o(i.USBD_LL_ClearStallEP) refers to stm32f4xx_hal_pcd.o(i.HAL_PCD_EP_ClrStall) for HAL_PCD_EP_ClrStall
    usbd_conf.o(i.USBD_LL_CloseEP) refers to stm32f4xx_hal_pcd.o(i.HAL_PCD_EP_Close) for HAL_PCD_EP_Close
    usbd_conf.o(i.USBD_LL_DeInit) refers to stm32f4xx_hal_pcd.o(i.HAL_PCD_DeInit) for HAL_PCD_DeInit
    usbd_conf.o(i.USBD_LL_Delay) refers to stm32f4xx_hal.o(i.HAL_Delay) for HAL_Delay
    usbd_conf.o(i.USBD_LL_FlushEP) refers to stm32f4xx_hal_pcd.o(i.HAL_PCD_EP_Flush) for HAL_PCD_EP_Flush
    usbd_conf.o(i.USBD_LL_GetRxDataSize) refers to stm32f4xx_hal_pcd.o(i.HAL_PCD_EP_GetRxCount) for HAL_PCD_EP_GetRxCount
    usbd_conf.o(i.USBD_LL_Init) refers to stm32f4xx_hal_pcd.o(i.HAL_PCD_Init) for HAL_PCD_Init
    usbd_conf.o(i.USBD_LL_Init) refers to main.o(i.Error_Handler) for Error_Handler
    usbd_conf.o(i.USBD_LL_Init) refers to stm32f4xx_hal_pcd_ex.o(i.HAL_PCDEx_SetRxFiFo) for HAL_PCDEx_SetRxFiFo
    usbd_conf.o(i.USBD_LL_Init) refers to stm32f4xx_hal_pcd_ex.o(i.HAL_PCDEx_SetTxFiFo) for HAL_PCDEx_SetTxFiFo
    usbd_conf.o(i.USBD_LL_Init) refers to usbd_conf.o(.bss) for .bss
    usbd_conf.o(i.USBD_LL_OpenEP) refers to stm32f4xx_hal_pcd.o(i.HAL_PCD_EP_Open) for HAL_PCD_EP_Open
    usbd_conf.o(i.USBD_LL_PrepareReceive) refers to stm32f4xx_hal_pcd.o(i.HAL_PCD_EP_Receive) for HAL_PCD_EP_Receive
    usbd_conf.o(i.USBD_LL_SetUSBAddress) refers to stm32f4xx_hal_pcd.o(i.HAL_PCD_SetAddress) for HAL_PCD_SetAddress
    usbd_conf.o(i.USBD_LL_StallEP) refers to stm32f4xx_hal_pcd.o(i.HAL_PCD_EP_SetStall) for HAL_PCD_EP_SetStall
    usbd_conf.o(i.USBD_LL_Start) refers to stm32f4xx_hal_pcd.o(i.HAL_PCD_Start) for HAL_PCD_Start
    usbd_conf.o(i.USBD_LL_Stop) refers to stm32f4xx_hal_pcd.o(i.HAL_PCD_Stop) for HAL_PCD_Stop
    usbd_conf.o(i.USBD_LL_Transmit) refers to stm32f4xx_hal_pcd.o(i.HAL_PCD_EP_Transmit) for HAL_PCD_EP_Transmit
    stm32f4xx_hal_msp.o(i.HAL_MspInit) refers to stm32f4xx_hal_cortex.o(i.HAL_NVIC_SetPriorityGrouping) for HAL_NVIC_SetPriorityGrouping
    stm32f4xx_hal_msp.o(i.HAL_MspInit) refers to stm32f4xx_hal_cortex.o(i.HAL_NVIC_SetPriority) for HAL_NVIC_SetPriority
    usbd_cdc_if.o(i.CDC_Init_FS) refers to usbd_cdc.o(i.USBD_CDC_SetTxBuffer) for USBD_CDC_SetTxBuffer
    usbd_cdc_if.o(i.CDC_Init_FS) refers to usbd_cdc.o(i.USBD_CDC_SetRxBuffer) for USBD_CDC_SetRxBuffer
    usbd_cdc_if.o(i.CDC_Init_FS) refers to usbd_cdc_if.o(.data) for .data
    usbd_cdc_if.o(i.CDC_Init_FS) refers to usb_device.o(.bss) for hUsbDeviceFS
    usbd_cdc_if.o(i.CDC_Receive_FS) refers to malloc.o(i.malloc) for malloc
    usbd_cdc_if.o(i.CDC_Receive_FS) refers to usbd_cdc.o(i.USBD_CDC_ReceivePacket) for USBD_CDC_ReceivePacket
    usbd_cdc_if.o(i.CDC_Receive_FS) refers to printf2.o(i.__0printf$2) for __2printf
    usbd_cdc_if.o(i.CDC_Receive_FS) refers to malloc.o(i.free) for free
    usbd_cdc_if.o(i.CDC_Receive_FS) refers to usb_device.o(.bss) for hUsbDeviceFS
[...]
    i.HAL_RCC_GetHCLKFreq                    0x0800140c   Section        0  stm32f4xx_hal_rcc.o(i.HAL_RCC_GetHCLKFreq)
    i.HAL_RCC_GetSysClockFreq                0x08001418   Section        0  stm32f4xx_hal_rcc.o(i.HAL_RCC_GetSysClockFreq)
    i.HAL_RCC_OscConfig                      0x08001488   Section        0  stm32f4xx_hal_rcc.o(i.HAL_RCC_OscConfig)
    i.HAL_SRAM_Init                          0x0800179c   Section        0  stm32f4xx_hal_sram.o(i.HAL_SRAM_Init)
    i.HAL_SRAM_MspInit                       0x080017f2   Section        0  fsmc.o(i.HAL_SRAM_MspInit)
    i.HAL_SYSTICK_CLKSourceConfig            0x080017f6   Section        0  stm32f4xx_hal_cortex.o(i.HAL_SYSTICK_CLKSourceConfig)
    i.HAL_SYSTICK_Callback                   0x0800180e   Section        0  stm32f4xx_hal_cortex.o(i.HAL_SYSTICK_Callback)
    i.HAL_SYSTICK_Config                     0x08001810   Section        0  stm32f4xx_hal_cortex.o(i.HAL_SYSTICK_Config)
    i.HAL_SYSTICK_IRQHandler                 0x08001838   Section        0  stm32f4xx_hal_cortex.o(i.HAL_SYSTICK_IRQHandler)
    i.HardFault_Handler                      0x08001840   Section        0  stm32f4xx_it.o(i.HardFault_Handler)
    i.LCD_DrawChar                           0x08001844   Section        0  stm32_lcd_bsp.o(i.LCD_DrawChar)
    LCD_DrawChar                             0x08001845   Thumb Code   216  stm32_lcd_bsp.o(i.LCD_DrawChar)
    i.LCD_DrawPixel                          0x08001924   Section        0  stm32_lcd_bsp.o(i.LCD_DrawPixel)
    LCD_DrawPixel                            0x08001925   Thumb Code    14  stm32_lcd_bsp.o(i.LCD_DrawPixel)
    i.LCD_IO_WriteMultipleData               0x08001938   Section        0  ili9325.o(i.LCD_IO_WriteMultipleData)
    i.LCD_LOG_DeInit                         0x08001950   Section        0  lcd_log.o(i.LCD_LOG_DeInit)
    i.LCD_LOG_Init                           0x08001978   Section        0  lcd_log.o(i.LCD_LOG_Init)
    i.LCD_LOG_SetFooter                      0x08001988   Section        0  lcd_log.o(i.LCD_LOG_SetFooter)
    i.LCD_LOG_SetHeader                      0x080019fc   Section        0  lcd_log.o(i.LCD_LOG_SetHeader)
    i.LCD_LOG_UpdateDisplay                  0x08001a60   Section        0  lcd_log.o(i.LCD_LOG_UpdateDisplay)
    i.LCD_SetDisplayWindow                   0x08001ae8   Section        0  stm32_lcd_bsp.o(i.LCD_SetDisplayWindow)
    LCD_SetDisplayWindow                     0x08001ae9   Thumb Code    22  stm32_lcd_bsp.o(i.LCD_SetDisplayWindow)
    i.MX_FSMC_Init                           0x08001b04   Section        0  fsmc.o(i.MX_FSMC_Init)
    i.MX_GPIO_Init                           0x08001b6c   Section        0  gpio.o(i.MX_GPIO_Init)
    i.MX_USB_DEVICE_Init                     0x08001bf4   Section        0  usb_device.o(i.MX_USB_DEVICE_Init)
    i.MemManage_Handler                      0x08001c2c   Section        0  stm32f4xx_it.o(i.MemManage_Handler)
    i.NMI_Handler                            0x08001c2e   Section        0  stm32f4xx_it.o(i.NMI_Handler)
    i.NVIC_SetPriority                       0x08001c30   Section        0  stm32f4xx_hal_cortex.o(i.NVIC_SetPriority)
    NVIC_SetPriority                         0x08001c31   Thumb Code    32  stm32f4xx_hal_cortex.o(i.NVIC_SetPriority)
    i.OTG_FS_IRQHandler                      0x08001c50   Section        0  stm32f4xx_it.o(i.OTG_FS_IRQHandler)
    i.PCD_WriteEmptyTxFifo                   0x08001c5c   Section        0  stm32f4xx_hal_pcd.o(i.PCD_WriteEmptyTxFifo)
    PCD_WriteEmptyTxFifo                     0x08001c5d   Thumb Code   136  stm32f4xx_hal_pcd.o(i.PCD_WriteEmptyTxFifo)
    i.PendSV_Handler                         0x08001ce4   Section        0  stm32f4xx_it.o(i.PendSV_Handler)
    i.SVC_Handler                            0x08001ce6   Section        0  stm32f4xx_it.o(i.SVC_Handler)
    i.SysTick_Handler                        0x08001ce8   Section        0  stm32f4xx_it.o(i.SysTick_Handler)
    i.SystemClock_Config                     0x08001cf8   Section        0  main.o(i.SystemClock_Config)
    i.SystemInit                             0x08001d98   Section        0  system_stm32f4xx.o(i.SystemInit)
    i.USBD_CDC_DataIn                        0x08001dec   Section        0  usbd_cdc.o(i.USBD_CDC_DataIn)
    USBD_CDC_DataIn                          0x08001ded   Thumb Code    20  usbd_cdc.o(i.USBD_CDC_DataIn)
    i.USBD_CDC_DataOut                       0x08001e00   Section        0  usbd_cdc.o(i.USBD_CDC_DataOut)
    USBD_CDC_DataOut                         0x08001e01   Thumb Code    46  usbd_cdc.o(i.USBD_CDC_DataOut)
    i.USBD_CDC_DeInit                        0x08001e2e   Section        0  usbd_cdc.o(i.USBD_CDC_DeInit)
    USBD_CDC_DeInit                          0x08001e2f   Thumb Code    60  usbd_cdc.o(i.USBD_CDC_DeInit)
    i.USBD_CDC_EP0_RxReady                   0x08001e6a   Section        0  usbd_cdc.o(i.USBD_CDC_EP0_RxReady)
    USBD_CDC_EP0_RxReady                     0x08001e6b   Thumb Code    36  usbd_cdc.o(i.USBD_CDC_EP0_RxReady)
    i.USBD_CDC_GetDeviceQualifierDescriptor  0x08001e90   Section        0  usbd_cdc.o(i.USBD_CDC_GetDeviceQualifierDescriptor)
    i.USBD_CDC_GetFSCfgDesc                  0x08001e9c   Section        0  usbd_cdc.o(i.USBD_CDC_GetFSCfgDesc)
    USBD_CDC_GetFSCfgDesc                    0x08001e9d   Thumb Code     8  usbd_cdc.o(i.USBD_CDC_GetFSCfgDesc)
    i.USBD_CDC_GetHSCfgDesc                  0x08001ea8   Section        0  usbd_cdc.o(i.USBD_CDC_GetHSCfgDesc)
    USBD_CDC_GetHSCfgDesc                    0x08001ea9   Thumb Code     8  usbd_cdc.o(i.USBD_CDC_GetHSCfgDesc)
    i.USBD_CDC_GetOtherSpeedCfgDesc          0x08001eb4   Section        0  usbd_cdc.o(i.USBD_CDC_GetOtherSpeedCfgDesc)
    USBD_CDC_GetOtherSpeedCfgDesc            0x08001eb5   Thumb Code     8  usbd_cdc.o(i.USBD_CDC_GetOtherSpeedCfgDesc)
    i.USBD_CDC_Init                          0x08001ec0   Section        0  usbd_cdc.o(i.USBD_CDC_Init)
    USBD_CDC_Init                            0x08001ec1   Thumb Code   136  usbd_cdc.o(i.USBD_CDC_Init)
    i.USBD_CDC_ReceivePacket                 0x08001f48   Section        0  usbd_cdc.o(i.USBD_CDC_ReceivePacket)
    i.USBD_CDC_RegisterInterface             0x08001f70   Section        0  usbd_cdc.o(i.USBD_CDC_RegisterInterface)
    i.USBD_CDC_SetRxBuffer                   0x08001f80   Section        0  usbd_cdc.o(i.USBD_CDC_SetRxBuffer)
    i.USBD_CDC_SetTxBuffer                   0x08001f8c   Section        0  usbd_cdc.o(i.USBD_CDC_SetTxBuffer)
    i.USBD_CDC_Setup                         0x08001f9c   Section        0  usbd_cdc.o(i.USBD_CDC_Setup)
    USBD_CDC_Setup                           0x08001f9d   Thumb Code   106  usbd_cdc.o(i.USBD_CDC_Setup)
    i.USBD_CDC_TransmitPacket                0x0800200c   Section        0  usbd_cdc.o(i.USBD_CDC_TransmitPacket)
    i.USBD_ClrClassConfig                    0x0800203c   Section        0  usbd_core.o(i.USBD_ClrClassConfig)
    i.USBD_CtlContinueRx                     0x0800204a   Section        0  usbd_ioreq.o(i.USBD_CtlContinueRx)
    i.USBD_CtlContinueSendData               0x0800205a   Section        0  usbd_ioreq.o(i.USBD_CtlContinueSendData)
    i.USBD_CtlError                          0x0800206a   Section        0  usbd_ctlreq.o(i.USBD_CtlError)
    i.USBD_CtlPrepareRx                      0x08002080   Section        0  usbd_ioreq.o(i.USBD_CtlPrepareRx)
    i.USBD_CtlReceiveStatus                  0x0800209e   Section        0  usbd_ioreq.o(i.USBD_CtlReceiveStatus)
    i.USBD_CtlSendData                       0x080020b4   Section        0  usbd_ioreq.o(i.USBD_CtlSendData)
    i.USBD_CtlSendStatus                     0x080020ce   Section        0  usbd_ioreq.o(i.USBD_CtlSendStatus)
    i.USBD_FS_ConfigStrDescriptor            0x080020e4   Section        0  usbd_desc.o(i.USBD_FS_ConfigStrDescriptor)
    i.USBD_FS_DeviceDescriptor               0x08002104   Section        0  usbd_desc.o(i.USBD_FS_DeviceDescriptor)
    i.USBD_FS_InterfaceStrDescriptor         0x08002110   Section        0  usbd_desc.o(i.USBD_FS_InterfaceStrDescriptor)
    i.USBD_FS_LangIDStrDescriptor            0x08002134   Section        0  usbd_desc.o(i.USBD_FS_LangIDStrDescriptor)
    i.USBD_FS_ManufacturerStrDescriptor      0x08002140   Section        0  usbd_desc.o(i.USBD_FS_ManufacturerStrDescriptor)
    i.USBD_FS_ProductStrDescriptor           0x08002168   Section        0  usbd_desc.o(i.USBD_FS_ProductStrDescriptor)
    i.USBD_FS_SerialStrDescriptor            0x08002194   Section        0  usbd_desc.o(i.USBD_FS_SerialStrDescriptor)
    i.USBD_GetDescriptor                     0x080021b8   Section        0  usbd_ctlreq.o(i.USBD_GetDescriptor)
    USBD_GetDescriptor                       0x080021b9   Thumb Code   224  usbd_ctlreq.o(i.USBD_GetDescriptor)
    i.USBD_GetString                         0x08002298   Section        0  usbd_ctlreq.o(i.USBD_GetString)
    i.USBD_Init                              0x080022de   Section        0  usbd_core.o(i.USBD_Init)
    i.USBD_LL_ClearStallEP                   0x08002308   Section        0  usbd_conf.o(i.USBD_LL_ClearStallEP)
    i.USBD_LL_CloseEP                        0x08002328   Section        0  usbd_conf.o(i.USBD_LL_CloseEP)
    i.USBD_LL_DataInStage                    0x08002348   Section        0  usbd_core.o(i.USBD_LL_DataInStage)
    i.USBD_LL_DataOutStage                   0x080023f2   Section        0  usbd_core.o(i.USBD_LL_DataOutStage)
    i.USBD_LL_DevConnected                   0x0800245c   Section        0  usbd_core.o(i.USBD_LL_DevConnected)
    i.USBD_LL_DevDisconnected                0x08002460   Section        0  usbd_core.o(i.USBD_LL_DevDisconnected)
    i.USBD_LL_GetRxDataSize                  0x08002476   Section        0  usbd_conf.o(i.USBD_LL_GetRxDataSize)
    i.USBD_LL_Init                           0x08002480   Section        0  usbd_conf.o(i.USBD_LL_Init)
    i.USBD_LL_IsStallEP                      0x080024e4   Section        0  usbd_conf.o(i.USBD_LL_IsStallEP)
    i.USBD_LL_IsoINIncomplete                0x08002504   Section        0  usbd_core.o(i.USBD_LL_IsoINIncomplete)
    i.USBD_LL_IsoOUTIncomplete               0x08002508   Section        0  usbd_core.o(i.USBD_LL_IsoOUTIncomplete)
    i.USBD_LL_OpenEP                         0x0800250c   Section        0  usbd_conf.o(i.USBD_LL_OpenEP)
    i.USBD_LL_PrepareReceive                 0x08002532   Section        0  usbd_conf.o(i.USBD_LL_PrepareReceive)
    i.USBD_LL_Reset                          0x08002552   Section        0  usbd_core.o(i.USBD_LL_Reset)
    i.USBD_LL_Resume                         0x08002590   Section        0  usbd_core.o(i.USBD_LL_Resume)
    i.USBD_LL_SOF                            0x0800259c   Section        0  usbd_core.o(i.USBD_LL_SOF)
    i.USBD_LL_SetSpeed                       0x080025b4   Section        0  usbd_core.o(i.USBD_LL_SetSpeed)
    i.USBD_LL_SetUSBAddress                  0x080025ba   Section        0  usbd_conf.o(i.USBD_LL_SetUSBAddress)
    i.USBD_LL_SetupStage                     0x080025da   Section        0  usbd_core.o(i.USBD_LL_SetupStage)
    i.USBD_LL_StallEP                        0x08002634   Section        0  usbd_conf.o(i.USBD_LL_StallEP)
    i.USBD_LL_Start                          0x08002654   Section        0  usbd_conf.o(i.USBD_LL_Start)
    i.USBD_LL_Suspend                        0x08002674   Section        0  usbd_core.o(i.USBD_LL_Suspend)
    i.USBD_LL_Transmit                       0x08002686   Section        0  usbd_conf.o(i.USBD_LL_Transmit)
    i.USBD_ParseSetupRequest                 0x080026a6   Section        0  usbd_ctlreq.o(i.USBD_ParseSetupRequest)
    i.USBD_RegisterClass                     0x080026ce   Section        0  usbd_core.o(i.USBD_RegisterClass)
    i.USBD_SetClassConfig                    0x080026de   Section        0  usbd_core.o(i.USBD_SetClassConfig)
    i.USBD_SetConfig                         0x080026f4   Section        0  usbd_ctlreq.o(i.USBD_SetConfig)
    USBD_SetConfig                           0x080026f5   Thumb Code   110  usbd_ctlreq.o(i.USBD_SetConfig)
    i.USBD_Start                             0x08002768   Section        0  usbd_core.o(i.USBD_Start)
    i.USBD_StdDevReq                         0x08002772   Section        0  usbd_ctlreq.o(i.USBD_StdDevReq)
    i.USBD_StdEPReq                          0x08002864   Section        0  usbd_ctlreq.o(i.USBD_StdEPReq)
    i.USBD_StdItfReq                         0x08002940   Section        0  usbd_ctlreq.o(i.USBD_StdItfReq)
    i.USB_ActivateEndpoint                   0x08002974   Section        0  stm32f4xx_ll_usb.o(i.USB_ActivateEndpoint)
    i.USB_ActivateSetup                      0x080029f4   Section        0  stm32f4xx_ll_usb.o(i.USB_ActivateSetup)
    i.USB_CoreInit                           0x08002a28   Section        0  stm32f4xx_ll_usb.o(i.USB_CoreInit)
    i.USB_CoreReset                          0x08002a8c   Section        0  stm32f4xx_ll_usb.o(i.USB_CoreReset)
    USB_CoreReset                            0x08002a8d   Thumb Code    50  stm32f4xx_ll_usb.o(i.USB_CoreReset)
    i.USB_DeactivateEndpoint                 0x08002ac4   Section        0  stm32f4xx_ll_usb.o(i.USB_DeactivateEndpoint)
    i.USB_DevConnect                         0x08002b32   Section        0  stm32f4xx_ll_usb.o(i.USB_DevConnect)
    i.USB_DevDisconnect                      0x08002b4a   Section        0  stm32f4xx_ll_usb.o(i.USB_DevDisconnect)
    i.USB_DevInit                            0x08002b64   Section        0  stm32f4xx_ll_usb.o(i.USB_DevInit)
    i.USB_DisableGlobalInt                   0x08002ca8   Section        0  stm32f4xx_ll_usb.o(i.USB_DisableGlobalInt)
    i.USB_EP0StartXfer                       0x08002cb4   Section        0  stm32f4xx_ll_usb.o(i.USB_EP0StartXfer)
    i.USB_EP0_OutStart                       0x08002df4   Section        0  stm32f4xx_ll_usb.o(i.USB_EP0_OutStart)
    i.USB_EPClearStall                       0x08002e32   Section        0  stm32f4xx_ll_usb.o(i.USB_EPClearStall)
    i.USB_EPSetStall                         0x08002e96   Section        0  stm32f4xx_ll_usb.o(i.USB_EPSetStall)
    i.USB_EPStartXfer                        0x08002ef4   Section        0  stm32f4xx_ll_usb.o(i.USB_EPStartXfer)
    i.USB_EnableGlobalInt                    0x08003110   Section        0  stm32f4xx_ll_usb.o(i.USB_EnableGlobalInt)
    i.USB_FlushRxFifo                        0x0800311c   Section        0  stm32f4xx_ll_usb.o(i.USB_FlushRxFifo)
    i.USB_FlushTxFifo                        0x0800313c   Section        0  stm32f4xx_ll_usb.o(i.USB_FlushTxFifo)
    i.USB_GetDevSpeed                        0x08003160   Section        0  stm32f4xx_ll_usb.o(i.USB_GetDevSpeed)
    i.USB_GetMode                            0x0800319c   Section        0  stm32f4xx_ll_usb.o(i.USB_GetMode)
    i.USB_ReadDevAllInEpInterrupt            0x080031a4   Section        0  stm32f4xx_ll_usb.o(i.USB_ReadDevAllInEpInterrupt)
    i.USB_ReadDevAllOutEpInterrupt           0x080031b2   Section        0  stm32f4xx_ll_usb.o(i.USB_ReadDevAllOutEpInterrupt)
    i.USB_ReadDevInEPInterrupt               0x080031c0   Section        0  stm32f4xx_ll_usb.o(i.USB_ReadDevInEPInterrupt)
    i.USB_ReadDevOutEPInterrupt              0x080031de   Section        0  stm32f4xx_ll_usb.o(i.USB_ReadDevOutEPInterrupt)
    i.USB_ReadInterrupts                     0x080031ee   Section        0  stm32f4xx_ll_usb.o(i.USB_ReadInterrupts)
    i.USB_ReadPacket                         0x080031f6   Section        0  stm32f4xx_ll_usb.o(i.USB_ReadPacket)
    i.USB_SetCurrentMode                     0x08003216   Section        0  stm32f4xx_ll_usb.o(i.USB_SetCurrentMode)
    i.USB_SetDevAddress                      0x08003242   Section        0  stm32f4xx_ll_usb.o(i.USB_SetDevAddress)
    i.USB_WritePacket                        0x08003264   Section        0  stm32f4xx_ll_usb.o(i.USB_WritePacket)
    i.UsageFault_Handler                     0x0800328c   Section        0  stm32f4xx_it.o(i.UsageFault_Handler)
    i.__0printf$2                            0x08003290   Section        0  printf2.o(i.__0printf$2)
    i.__scatterload_copy                     0x080032b0   Section       14  handlers.o(i.__scatterload_copy)
    i.__scatterload_null                     0x080032be   Section        2  handlers.o(i.__scatterload_null)
    i.__scatterload_zeroinit                 0x080032c0   Section       14  handlers.o(i.__scatterload_zeroinit)
    i._printf_core                           0x080032ce   Section        0  printf2.o(i._printf_core)
    _printf_core                             0x080032cf   Thumb Code   214  printf2.o(i._printf_core)
    i.fputc                                  0x080033a4   Section        0  lcd_log.o(i.fputc)
    i.free                                   0x080034a8   Section        0  malloc.o(i.free)
    i.ili9325_Clear                          0x080034f8   Section        0  ili9325.o(i.ili9325_Clear)
    i.ili9325_DisplayOff                     0x08003520   Section        0  ili9325.o(i.ili9325_DisplayOff)
    i.ili9325_DisplayOn                      0x08003556   Section        0  ili9325.o(i.ili9325_DisplayOn)
    i.ili9325_DrawBitmap                     0x080035b6   Section        0  ili9325.o(i.ili9325_DrawBitmap)
    i.ili9325_DrawHLine                      0x08003604   Section        0  ili9325.o(i.ili9325_DrawHLine)
    i.ili9325_DrawRGBImage                   0x08003640   Section        0  ili9325.o(i.ili9325_DrawRGBImage)
    i.ili9325_DrawVLine                      0x08003660   Section        0  ili9325.o(i.ili9325_DrawVLine)
    i.ili9325_GetLcdPixelHeight              0x080036b4   Section        0  ili9325.o(i.ili9325_GetLcdPixelHeight)
    i.ili9325_GetLcdPixelWidth               0x080036b8   Section        0  ili9325.o(i.ili9325_GetLcdPixelWidth)
    i.ili9325_Init                           0x080036be   Section        0  ili9325.o(i.ili9325_Init)
    i.ili9325_ReadID                         0x080038a8   Section        0  ili9325.o(i.ili9325_ReadID)
    i.ili9325_ReadPixel                      0x080038b0   Section        0  ili9325.o(i.ili9325_ReadPixel)
    i.ili9325_ReadReg                        0x080038cc   Section        0  ili9325.o(i.ili9325_ReadReg)
    i.ili9325_SetCursor                      0x080038dc   Section        0  ili9325.o(i.ili9325_SetCursor)
    i.ili9325_SetDisplayWindow               0x080038f8   Section        0  ili9325.o(i.ili9325_SetDisplayWindow)
    i.ili9325_WritePixel                     0x08003932   Section        0  ili9325.o(i.ili9325_WritePixel)
    i.ili9325_WriteReg                       0x0800394a   Section        0  ili9325.o(i.ili9325_WriteReg)
    i.main                                   0x0800395c   Section        0  main.o(i.main)
    i.malloc                                 0x080039f0   Section        0  malloc.o(i.malloc)
    .constdata                               0x08003a5c   Section     6840  stm32_lcd_bsp.o(.constdata)
    .constdata                               0x08005514   Section     3040  stm32_lcd_bsp.o(.constdata)
    .constdata                               0x080060f4   Section     1140  stm32_lcd_bsp.o(.constdata)
    .constdata                               0x08006568   Section       16  stm32f4xx_hal_rcc.o(.constdata)
    .data                                    0x20000000   Section       16  usbd_cdc_if.o(.data)
    .data                                    0x20000010   Section        8  usbd_cdc_if.o(.data)
    .data                                    0x20000018   Section       28  usbd_desc.o(.data)
    .data                                    0x20000034   Section       22  usbd_desc.o(.data)
    .data                                    0x2000004c   Section        8  fsmc.o(.data)
    FSMC_Initialized                         0x2000004c   Data           4  fsmc.o(.data)
    FSMC_DeInitialized                       0x20000050   Data           4  fsmc.o(.data)
    .data                                    0x20000054   Section       60  ili9325.o(.data)
    .data                                    0x20000090   Section       12  stm32_lcd_bsp.o(.data)
    lcd_drv                                  0x20000090   Data           4  stm32_lcd_bsp.o(.data)
    .data                                    0x2000009c   Section        8  stm32_lcd_bsp.o(.data)
    .data                                    0x200000a4   Section        8  stm32_lcd_bsp.o(.data)
    .data                                    0x200000ac   Section       20  lcd_log.o(.data)
    .data                                    0x200000c0   Section        4  system_stm32f4xx.o(.data)
    .data                                    0x200000c4   Section      219  usbd_cdc.o(.data)
    ifalt                                    0x200000c4   Data           1  usbd_cdc.o(.data)
    USBD_CDC_DeviceQualifierDesc             0x200000c8   Data          10  usbd_cdc.o(.data)
    .data                                    0x200001a0   Section       56  usbd_cdc.o(.data)
    .data                                    0x200001d8   Section        1  usbd_ctlreq.o(.data)
    cfgidx                                   0x200001d8   Data           1  usbd_ctlreq.o(.data)
    .data                                    0x200001dc   Section        4  stm32f4xx_hal.o(.data)
    .data                                    0x200001e0   Section        4  stdout.o(.data)
    .data                                    0x200001e4   Section        4  mvars.o(.data)
    .data                                    0x200001e8   Section        4  mvars.o(.data)
    .bss                                     0x200001ec   Section     1008  usbd_conf.o(.bss)
    .bss                                     0x200005dc   Section       48  usbd_desc.o(.bss)
    .bss                                     0x2000060c   Section       80  fsmc.o(.bss)
    .bss                                     0x2000065c   Section      548  usb_device.o(.bss)
    .bss                                     0x20000880   Section      640  ili9325.o(.bss)
    ArrayRGB                                 0x20000880   Data         640  ili9325.o(.bss)
    .bss                                     0x20000b00   Section      884  stm32_lcd_bsp.o(.bss)
    bitmap                                   0x20000b00   Data         870  stm32_lcd_bsp.o(.bss)
    .bss                                     0x20000e74   Section    14388  lcd_log.o(.bss)
    HEAP                                     0x200046a8   Section     4096  startup_stm32f407xx.o(HEAP)
    STACK                                    0x200056a8   Section     8192  startup_stm32f407xx.o(STACK)

    Global Symbols

    Symbol Name                              Value     Ov Type        Size  Object(Section)

    BuildAttributes$$THM_ISAv4$E$P$D$K$B$S$7EM$VFPi3$EXTD16$VFPS$VFMA$PE$A:L22UL41UL21$X:L11$S22US41US21$IEEE1$IW$USESV6$~STKCKD$USESV7$~SHL$OSPACE$ROPI$EBA8$MICROLIB$REQ8$PRES8$EABIv2 0x00000000   Number         0  anon$$obj.o ABSOLUTE
    __ARM_use_no_argv                        0x00000000   Number         0  main.o ABSOLUTE
    _printf_a                                0x00000000   Number         0  stubs.o ABSOLUTE
    _printf_c                                0x00000000   Number         0  stubs.o ABSOLUTE
    _printf_charcount                        0x00000000   Number         0  stubs.o ABSOLUTE
    _printf_d                                0x00000000   Number         0  stubs.o ABSOLUTE
    _printf_e                                0x00000000   Number         0  stubs.o ABSOLUTE
    _printf_f                                0x00000000   Number         0  stubs.o ABSOLUTE
    _printf_flags                            0x00000000   Number         0  stubs.o ABSOLUTE
    _printf_fp_dec                           0x00000000   Number         0  stubs.o ABSOLUTE
    _printf_fp_hex                           0x00000000   Number         0  stubs.o ABSOLUTE
    _printf_g                                0x00000000   Number         0  stubs.o ABSOLUTE
    _printf_i                                0x00000000   Number         0  stubs.o ABSOLUTE
    _printf_int_dec                          0x00000000   Number         0  stubs.o ABSOLUTE
    _printf_l                                0x00000000   Number         0  stubs.o ABSOLUTE
    _printf_lc                               0x00000000   Number         0  stubs.o ABSOLUTE
    _printf_ll                               0x00000000   Number         0  stubs.o ABSOLUTE
    _printf_lld                              0x00000000   Number         0  stubs.o ABSOLUTE
    _printf_lli                              0x00000000   Number         0  stubs.o ABSOLUTE
    _printf_llo                              0x00000000   Number         0  stubs.o ABSOLUTE
    _printf_llu                              0x00000000   Number         0  stubs.o ABSOLUTE
    _printf_llx                              0x00000000   Number         0  stubs.o ABSOLUTE
    _printf_longlong_dec                     0x00000000   Number         0  stubs.o ABSOLUTE
    _printf_longlong_hex                     0x00000000   Number         0  stubs.o ABSOLUTE
    _printf_longlong_oct                     0x00000000   Number         0  stubs.o ABSOLUTE
    _printf_ls                               0x00000000   Number         0  stubs.o ABSOLUTE
    _printf_mbtowc                           0x00000000   Number         0  stubs.o ABSOLUTE
    _printf_n                                0x00000000   Number         0  stubs.o ABSOLUTE
    _printf_o                                0x00000000   Number         0  stubs.o ABSOLUTE
    _printf_p                                0x00000000   Number         0  stubs.o ABSOLUTE
    _printf_percent                          0x00000000   Number         0  stubs.o ABSOLUTE
    _printf_pre_padding                      0x00000000   Number         0  stubs.o ABSOLUTE
    _printf_return_value                     0x00000000   Number         0  stubs.o ABSOLUTE
    _printf_s                                0x00000000   Number         0  stubs.o ABSOLUTE
    _printf_sizespec                         0x00000000   Number         0  stubs.o ABSOLUTE
    _printf_str                              0x00000000   Number         0  stubs.o ABSOLUTE
    _printf_truncate_signed                  0x00000000   Number         0  stubs.o ABSOLUTE
    _printf_truncate_unsigned                0x00000000   Number         0  stubs.o ABSOLUTE
    _printf_u                                0x00000000   Number         0  stubs.o ABSOLUTE
    _printf_wc                               0x00000000   Number         0  stubs.o ABSOLUTE
    _printf_wctomb                           0x00000000   Number         0  stubs.o ABSOLUTE
    _printf_widthprec                        0x00000000   Number         0  stubs.o ABSOLUTE
    _printf_x                                0x00000000   Number         0  stubs.o ABSOLUTE
    __cpp_initialize__aeabi_                  - Undefined Weak Reference
    __cxa_finalize                            - Undefined Weak Reference
    _clock_init                               - Undefined Weak Reference
    _microlib_exit                            - Undefined Weak Reference
    __Vectors_Size                           0x00000188   Number         0  startup_stm32f407xx.o ABSOLUTE
    __Vectors                                0x08000000   Data           4  startup_stm32f407xx.o(RESET)
    __Vectors_End                            0x08000188   Data           0  startup_stm32f407xx.o(RESET)
    __main                                   0x08000189   Thumb Code     0  entry.o(.ARM.Collect$$$$00000000)
    _main_stk                                0x08000189   Thumb Code     0  entry2.o(.ARM.Collect$$$$00000001)
    _main_scatterload                        0x0800018d   Thumb Code     0  entry5.o(.ARM.Collect$$$$00000004)
    __main_after_scatterload                 0x08000191   Thumb Code     0  entry5.o(.ARM.Collect$$$$00000004)
    _main_clock                              0x08000191   Thumb Code     0  entry7b.o(.ARM.Collect$$$$00000008)
    _main_cpp_init                           0x08000191   Thumb Code     0  entry8b.o(.ARM.Collect$$$$0000000A)
    _main_init                               0x08000191   Thumb Code     0  entry9a.o(.ARM.Collect$$$$0000000B)
    __rt_final_cpp                           0x08000199   Thumb Code     0  entry10a.o(.ARM.Collect$$$$0000000D)
    __rt_final_exit                          0x08000199   Thumb Code     0  entry11a.o(.ARM.Collect$$$$0000000F)
    Reset_Handler                            0x0800019d   Thumb Code     8  startup_stm32f407xx.o(.text)
    ADC_IRQHandler                           0x080001b7   Thumb Code     0  startup_stm32f407xx.o(.text)
    CAN1_RX0_IRQHandler                      0x080001b7   Thumb Code     0  startup_stm32f407xx.o(.text)
    CAN1_RX1_IRQHandler                      0x080001b7   Thumb Code     0  startup_stm32f407xx.o(.text)
    CAN1_SCE_IRQHandler                      0x080001b7   Thumb Code     0  startup_stm32f407xx.o(.text)
    CAN1_TX_IRQHandler                       0x080001b7   Thumb Code     0  startup_stm32f407xx.o(.text)
    CAN2_RX0_IRQHandler                      0x080001b7   Thumb Code     0  startup_stm32f407xx.o(.text)
    CAN2_RX1_IRQHandler                      0x080001b7   Thumb Code     0  startup_stm32f407xx.o(.text)
    CAN2_SCE_IRQHandler                      0x080001b7   Thumb Code     0  startup_stm32f407xx.o(.text)
    CAN2_TX_IRQHandler                       0x080001b7   Thumb Code     0  startup_stm32f407xx.o(.text)
    DCMI_IRQHandler                          0x080001b7   Thumb Code     0  startup_stm32f407xx.o(.text)
    DMA1_Stream0_IRQHandler                  0x080001b7   Thumb Code     0  startup_stm32f407xx.o(.text)
    DMA1_Stream1_IRQHandler                  0x080001b7   Thumb Code     0  startup_stm32f407xx.o(.text)
    DMA1_Stream2_IRQHandler                  0x080001b7   Thumb Code     0  startup_stm32f407xx.o(.text)
    DMA1_Stream3_IRQHandler                  0x080001b7   Thumb Code     0  startup_stm32f407xx.o(.text)
    DMA1_Stream4_IRQHandler                  0x080001b7   Thumb Code     0  startup_stm32f407xx.o(.text)
    DMA1_Stream5_IRQHandler                  0x080001b7   Thumb Code     0  startup_stm32f407xx.o(.text)
    DMA1_Stream6_IRQHandler                  0x080001b7   Thumb Code     0  startup_stm32f407xx.o(.text)
    DMA1_Stream7_IRQHandler                  0x080001b7   Thumb Code     0  startup_stm32f407xx.o(.text)
    DMA2_Stream0_IRQHandler                  0x080001b7   Thumb Code     0  startup_stm32f407xx.o(.text)
    DMA2_Stream1_IRQHandler                  0x080001b7   Thumb Code     0  startup_stm32f407xx.o(.text)
    DMA2_Stream2_IRQHandler                  0x080001b7   Thumb Code     0  startup_stm32f407xx.o(.text)
    DMA2_Stream3_IRQHandler                  0x080001b7   Thumb Code     0  startup_stm32f407xx.o(.text)
    DMA2_Stream4_IRQHandler                  0x080001b7   Thumb Code     0  startup_stm32f407xx.o(.text)
    DMA2_Stream5_IRQHandler                  0x080001b7   Thumb Code     0  startup_stm32f407xx.o(.text)
    DMA2_Stream6_IRQHandler                  0x080001b7   Thumb Code     0  startup_stm32f407xx.o(.text)
    DMA2_Stream7_IRQHandler                  0x080001b7   Thumb Code     0  startup_stm32f407xx.o(.text)
    ETH_IRQHandler                           0x080001b7   Thumb Code     0  startup_stm32f407xx.o(.text)
    ETH_WKUP_IRQHandler                      0x080001b7   Thumb Code     0  startup_stm32f407xx.o(.text)
    EXTI0_IRQHandler                         0x080001b7   Thumb Code     0  startup_stm32f407xx.o(.text)
    EXTI15_10_IRQHandler                     0x080001b7   Thumb Code     0  startup_stm32f407xx.o(.text)
    EXTI1_IRQHandler                         0x080001b7   Thumb Code     0  startup_stm32f407xx.o(.text)
    EXTI2_IRQHandler                         0x080001b7   Thumb Code     0  startup_stm32f407xx.o(.text)
    EXTI3_IRQHandler                         0x080001b7   Thumb Code     0  startup_stm32f407xx.o(.text)
    EXTI4_IRQHandler                         0x080001b7   Thumb Code     0  startup_stm32f407xx.o(.text)
    EXTI9_5_IRQHandler                       0x080001b7   Thumb Code     0  startup_stm32f407xx.o(.text)
    FLASH_IRQHandler                         0x080001b7   Thumb Code     0  startup_stm32f407xx.o(.text)
    FMC_IRQHandler                           0x080001b7   Thumb Code     0  startup_stm32f407xx.o(.text)
    FPU_IRQHandler                           0x080001b7   Thumb Code     0  startup_stm32f407xx.o(.text)
    HASH_RNG_IRQHandler                      0x080001b7   Thumb Code     0  startup_stm32f407xx.o(.text)
    I2C1_ER_IRQHandler                       0x080001b7   Thumb Code     0  startup_stm32f407xx.o(.text)
    I2C1_EV_IRQHandler                       0x080001b7   Thumb Code     0  startup_stm32f407xx.o(.text)
    I2C2_ER_IRQHandler                       0x080001b7   Thumb Code     0  startup_stm32f407xx.o(.text)
    I2C2_EV_IRQHandler                       0x080001b7   Thumb Code     0  startup_stm32f407xx.o(.text)
    I2C3_ER_IRQHandler                       0x080001b7   Thumb Code     0  startup_stm32f407xx.o(.text)
    I2C3_EV_IRQHandler                       0x080001b7   Thumb Code     0  startup_stm32f407xx.o(.text)
    OTG_FS_WKUP_IRQHandler                   0x080001b7   Thumb Code     0  startup_stm32f407xx.o(.text)
    OTG_HS_EP1_IN_IRQHandler                 0x080001b7   Thumb Code     0  startup_stm32f407xx.o(.text)
    OTG_HS_EP1_OUT_IRQHandler                0x080001b7   Thumb Code     0  startup_stm32f407xx.o(.text)
    OTG_HS_IRQHandler                        0x080001b7   Thumb Code     0  startup_stm32f407xx.o(.text)
    OTG_HS_WKUP_IRQHandler                   0x080001b7   Thumb Code     0  startup_stm32f407xx.o(.text)
    PVD_IRQHandler                           0x080001b7   Thumb Code     0  startup_stm32f407xx.o(.text)
    RCC_IRQHandler                           0x080001b7   Thumb Code     0  startup_stm32f407xx.o(.text)
    RTC_Alarm_IRQHandler                     0x080001b7   Thumb Code     0  startup_stm32f407xx.o(.text)
    RTC_WKUP_IRQHandler                      0x080001b7   Thumb Code     0  startup_stm32f407xx.o(.text)
    SDIO_IRQHandler                          0x080001b7   Thumb Code     0  startup_stm32f407xx.o(.text)
    SPI1_IRQHandler                          0x080001b7   Thumb Code     0  startup_stm32f407xx.o(.text)
    SPI2_IRQHandler                          0x080001b7   Thumb Code     0  startup_stm32f407xx.o(.text)
    SPI3_IRQHandler                          0x080001b7   Thumb Code     0  startup_stm32f407xx.o(.text)
    TAMP_STAMP_IRQHandler                    0x080001b7   Thumb Code     0  startup_stm32f407xx.o(.text)
    TIM1_BRK_TIM9_IRQHandler                 0x080001b7   Thumb Code     0  startup_stm32f407xx.o(.text)
    TIM1_CC_IRQHandler                       0x080001b7   Thumb Code     0  startup_stm32f407xx.o(.text)
    TIM1_TRG_COM_TIM11_IRQHandler            0x080001b7   Thumb Code     0  startup_stm32f407xx.o(.text)
    TIM1_UP_TIM10_IRQHandler                 0x080001b7   Thumb Code     0  startup_stm32f407xx.o(.text)
    TIM2_IRQHandler                          0x080001b7   Thumb Code     0  startup_stm32f407xx.o(.text)
    TIM3_IRQHandler                          0x080001b7   Thumb Code     0  startup_stm32f407xx.o(.text)
    TIM4_IRQHandler                          0x080001b7   Thumb Code     0  startup_stm32f407xx.o(.text)
    TIM5_IRQHandler                          0x080001b7   Thumb Code     0  startup_stm32f407xx.o(.text)
    TIM6_DAC_IRQHandler                      0x080001b7   Thumb Code     0  startup_stm32f407xx.o(.text)
    TIM7_IRQHandler                          0x080001b7   Thumb Code     0  startup_stm32f407xx.o(.text)
    TIM8_BRK_TIM12_IRQHandler                0x080001b7   Thumb Code     0  startup_stm32f407xx.o(.text)
    TIM8_CC_IRQHandler                       0x080001b7   Thumb Code     0  startup_stm32f407xx.o(.text)
    TIM8_TRG_COM_TIM14_IRQHandler            0x080001b7   Thumb Code     0  startup_stm32f407xx.o(.text)
    TIM8_UP_TIM13_IRQHandler                 0x080001b7   Thumb Code     0  startup_stm32f407xx.o(.text)
    UART4_IRQHandler                         0x080001b7   Thumb Code     0  startup_stm32f407xx.o(.text)
    UART5_IRQHandler                         0x080001b7   Thumb Code     0  startup_stm32f407xx.o(.text)
    USART1_IRQHandler                        0x080001b7   Thumb Code     0  startup_stm32f407xx.o(.text)
    USART2_IRQHandler                        0x080001b7   Thumb Code     0  startup_stm32f407xx.o(.text)
    USART3_IRQHandler                        0x080001b7   Thumb Code     0  startup_stm32f407xx.o(.text)
    USART6_IRQHandler                        0x080001b7   Thumb Code     0  startup_stm32f407xx.o(.text)
    WWDG_IRQHandler                          0x080001b7   Thumb Code     0  startup_stm32f407xx.o(.text)
    __aeabi_memcpy                           0x080001c1   Thumb Code    36  memcpya.o(.text)
    __aeabi_memcpy4                          0x080001c1   Thumb Code     0  memcpya.o(.text)
    __aeabi_memcpy8                          0x080001c1   Thumb Code     0  memcpya.o(.text)
    __scatterload                            0x080001e5   Thumb Code    28  init.o(.text)
    __scatterload_rt2                        0x080001e5   Thumb Code     0  init.o(.text)
    __decompress                             0x08000209   Thumb Code     0  __dczerorl2.o(.text)
    __decompress1                            0x08000209   Thumb Code    86  __dczerorl2.o(.text)
    BSP_LCD_Clear                            0x08000261   Thumb Code    42  stm32_lcd_bsp.o(i.BSP_LCD_Clear)
    BSP_LCD_DisplayChar                      0x08000291   Thumb Code    32  stm32_lcd_bsp.o(i.BSP_LCD_DisplayChar)
    BSP_LCD_DisplayStringAt                  0x080002b5   Thumb Code   150  stm32_lcd_bsp.o(i.BSP_LCD_DisplayStringAt)
    BSP_LCD_DisplayStringAtLine              0x08000351   Thumb Code    22  stm32_lcd_bsp.o(i.BSP_LCD_DisplayStringAtLine)
    BSP_LCD_DrawBitmap                       0x0800036d   Thumb Code    78  stm32_lcd_bsp.o(i.BSP_LCD_DrawBitmap)
    BSP_LCD_DrawHLine                        0x080003c1   Thumb Code    68  stm32_lcd_bsp.o(i.BSP_LCD_DrawHLine)
    BSP_LCD_FillRect                         0x0800040d   Thumb Code    44  stm32_lcd_bsp.o(i.BSP_LCD_FillRect)
    BSP_LCD_GetFont                          0x0800043d   Thumb Code     6  stm32_lcd_bsp.o(i.BSP_LCD_GetFont)
    BSP_LCD_GetXSize                         0x08000449   Thumb Code     8  stm32_lcd_bsp.o(i.BSP_LCD_GetXSize)
    BSP_LCD_GetYSize                         0x08000455   Thumb Code     8  stm32_lcd_bsp.o(i.BSP_LCD_GetYSize)
    BSP_LCD_Init                             0x08000461   Thumb Code    54  stm32_lcd_bsp.o(i.BSP_LCD_Init)
    BSP_LCD_SetBackColor                     0x080004a5   Thumb Code     6  stm32_lcd_bsp.o(i.BSP_LCD_SetBackColor)
    BSP_LCD_SetFont                          0x080004b1   Thumb Code     6  stm32_lcd_bsp.o(i.BSP_LCD_SetFont)
    BSP_LCD_SetTextColor                     0x080004bd   Thumb Code     6  stm32_lcd_bsp.o(i.BSP_LCD_SetTextColor)
    BusFault_Handler                         0x080004c9   Thumb Code     2  stm32f4xx_it.o(i.BusFault_Handler)
    CDC_Transmit_FS                          0x08000549   Thumb Code    38  usbd_cdc_if.o(i.CDC_Transmit_FS)
    DebugMon_Handler                         0x08000575   Thumb Code     2  stm32f4xx_it.o(i.DebugMon_Handler)
    Error_Handler                            0x08000577   Thumb Code     2  main.o(i.Error_Handler)
    FSMC_NORSRAM_Extended_Timing_Init        0x08000579   Thumb Code    60  stm32f4xx_ll_fsmc.o(i.FSMC_NORSRAM_Extended_Timing_Init)
    FSMC_NORSRAM_Init                        0x080005b9   Thumb Code    80  stm32f4xx_ll_fsmc.o(i.FSMC_NORSRAM_Init)
    FSMC_NORSRAM_Timing_Init                 0x0800060d   Thumb Code    64  stm32f4xx_ll_fsmc.o(i.FSMC_NORSRAM_Timing_Init)
    HAL_Delay                                0x08000651   Thumb Code    22  stm32f4xx_hal.o(i.HAL_Delay)
    HAL_GPIO_Init                            0x080006ed   Thumb Code   388  stm32f4xx_hal_gpio.o(i.HAL_GPIO_Init)
    HAL_GPIO_WritePin                        0x0800089d   Thumb Code    10  stm32f4xx_hal_gpio.o(i.HAL_GPIO_WritePin)
    HAL_GetTick                              0x080008a9   Thumb Code     6  stm32f4xx_hal.o(i.HAL_GetTick)
    HAL_IncTick                              0x080008b5   Thumb Code    10  stm32f4xx_hal.o(i.HAL_IncTick)
    HAL_Init                                 0x080008c5   Thumb Code    48  stm32f4xx_hal.o(i.HAL_Init)
    HAL_InitTick                             0x080008f9   Thumb Code    34  stm32f4xx_hal.o(i.HAL_InitTick)
    HAL_MspInit                              0x08000921   Thumb Code    88  stm32f4xx_hal_msp.o(i.HAL_MspInit)
    HAL_NVIC_EnableIRQ                       0x08000979   Thumb Code    22  stm32f4xx_hal_cortex.o(i.HAL_NVIC_EnableIRQ)
    HAL_NVIC_SetPriority                     0x08000991   Thumb Code    60  stm32f4xx_hal_cortex.o(i.HAL_NVIC_SetPriority)
    HAL_NVIC_SetPriorityGrouping             0x080009d1   Thumb Code    26  stm32f4xx_hal_cortex.o(i.HAL_NVIC_SetPriorityGrouping)
    HAL_PCDEx_SetRxFiFo                      0x080009f5   Thumb Code     8  stm32f4xx_hal_pcd_ex.o(i.HAL_PCDEx_SetRxFiFo)
    HAL_PCDEx_SetTxFiFo                      0x080009fd   Thumb Code    68  stm32f4xx_hal_pcd_ex.o(i.HAL_PCDEx_SetTxFiFo)
    HAL_PCD_ConnectCallback                  0x08000a41   Thumb Code     8  usbd_conf.o(i.HAL_PCD_ConnectCallback)
    HAL_PCD_DataInStageCallback              0x08000a49   Thumb Code    18  usbd_conf.o(i.HAL_PCD_DataInStageCallback)
    HAL_PCD_DataOutStageCallback             0x08000a5b   Thumb Code    20  usbd_conf.o(i.HAL_PCD_DataOutStageCallback)
    HAL_PCD_DisconnectCallback               0x08000a6f   Thumb Code     8  usbd_conf.o(i.HAL_PCD_DisconnectCallback)
    HAL_PCD_EP_Close                         0x08000a77   Thumb Code    68  stm32f4xx_hal_pcd.o(i.HAL_PCD_EP_Close)
    HAL_PCD_EP_ClrStall                      0x08000abb   Thumb Code    80  stm32f4xx_hal_pcd.o(i.HAL_PCD_EP_ClrStall)
    HAL_PCD_EP_GetRxCount                    0x08000b0b   Thumb Code    20  stm32f4xx_hal_pcd.o(i.HAL_PCD_EP_GetRxCount)
    HAL_PCD_EP_Open                          0x08000b1f   Thumb Code    84  stm32f4xx_hal_pcd.o(i.HAL_PCD_EP_Open)
    HAL_PCD_EP_Receive                       0x08000b75   Thumb Code    94  stm32f4xx_hal_pcd.o(i.HAL_PCD_EP_Receive)
    HAL_PCD_EP_SetStall                      0x08000bd3   Thumb Code    96  stm32f4xx_hal_pcd.o(i.HAL_PCD_EP_SetStall)
    HAL_PCD_EP_Transmit                      0x08000c33   Thumb Code    86  stm32f4xx_hal_pcd.o(i.HAL_PCD_EP_Transmit)
    HAL_PCD_IRQHandler                       0x08000c89   Thumb Code  1022  stm32f4xx_hal_pcd.o(i.HAL_PCD_IRQHandler)
    HAL_PCD_ISOINIncompleteCallback          0x08001087   Thumb Code     8  usbd_conf.o(i.HAL_PCD_ISOINIncompleteCallback)
    HAL_PCD_ISOOUTIncompleteCallback         0x0800108f   Thumb Code     8  usbd_conf.o(i.HAL_PCD_ISOOUTIncompleteCallback)
    HAL_PCD_Init                             0x08001099   Thumb Code   190  stm32f4xx_hal_pcd.o(i.HAL_PCD_Init)
    HAL_PCD_MspInit                          0x08001159   Thumb Code   116  usbd_conf.o(i.HAL_PCD_MspInit)
    HAL_PCD_ResetCallback                    0x080011d5   Thumb Code    32  usbd_conf.o(i.HAL_PCD_ResetCallback)
    HAL_PCD_ResumeCallback                   0x080011f5   Thumb Code     8  usbd_conf.o(i.HAL_PCD_ResumeCallback)
    HAL_PCD_SOFCallback                      0x080011fd   Thumb Code     8  usbd_conf.o(i.HAL_PCD_SOFCallback)
    HAL_PCD_SetAddress                       0x08001205   Thumb Code    36  stm32f4xx_hal_pcd.o(i.HAL_PCD_SetAddress)
    HAL_PCD_SetupStageCallback               0x08001229   Thumb Code    14  usbd_conf.o(i.HAL_PCD_SetupStageCallback)
    HAL_PCD_Start                            0x08001237   Thumb Code    42  stm32f4xx_hal_pcd.o(i.HAL_PCD_Start)
    HAL_PCD_SuspendCallback                  0x08001261   Thumb Code    44  usbd_conf.o(i.HAL_PCD_SuspendCallback)
    HAL_RCC_ClockConfig                      0x08001291   Thumb Code   364  stm32f4xx_hal_rcc.o(i.HAL_RCC_ClockConfig)
    HAL_RCC_GetHCLKFreq                      0x0800140d   Thumb Code     6  stm32f4xx_hal_rcc.o(i.HAL_RCC_GetHCLKFreq)
    HAL_RCC_GetSysClockFreq                  0x08001419   Thumb Code   104  stm32f4xx_hal_rcc.o(i.HAL_RCC_GetSysClockFreq)
    HAL_RCC_OscConfig                        0x08001489   Thumb Code   770  stm32f4xx_hal_rcc.o(i.HAL_RCC_OscConfig)
    HAL_SRAM_Init                            0x0800179d   Thumb Code    86  stm32f4xx_hal_sram.o(i.HAL_SRAM_Init)
    HAL_SRAM_MspInit                         0x080017f3   Thumb Code     4  fsmc.o(i.HAL_SRAM_MspInit)
    HAL_SYSTICK_CLKSourceConfig              0x080017f7   Thumb Code    24  stm32f4xx_hal_cortex.o(i.HAL_SYSTICK_CLKSourceConfig)
    HAL_SYSTICK_Callback                     0x0800180f   Thumb Code     2  stm32f4xx_hal_cortex.o(i.HAL_SYSTICK_Callback)
    HAL_SYSTICK_Config                       0x08001811   Thumb Code    40  stm32f4xx_hal_cortex.o(i.HAL_SYSTICK_Config)
    HAL_SYSTICK_IRQHandler                   0x08001839   Thumb Code     8  stm32f4xx_hal_cortex.o(i.HAL_SYSTICK_IRQHandler)
    HardFault_Handler                        0x08001841   Thumb Code     2  stm32f4xx_it.o(i.HardFault_Handler)
    LCD_IO_WriteMultipleData                 0x08001939   Thumb Code    20  ili9325.o(i.LCD_IO_WriteMultipleData)
    LCD_LOG_DeInit                           0x08001951   Thumb Code    34  lcd_log.o(i.LCD_LOG_DeInit)
    LCD_LOG_Init                             0x08001979   Thumb Code    16  lcd_log.o(i.LCD_LOG_Init)
    LCD_LOG_SetFooter                        0x08001989   Thumb Code   106  lcd_log.o(i.LCD_LOG_SetFooter)
    LCD_LOG_SetHeader                        0x080019fd   Thumb Code    92  lcd_log.o(i.LCD_LOG_SetHeader)
    LCD_LOG_UpdateDisplay                    0x08001a61   Thumb Code   128  lcd_log.o(i.LCD_LOG_UpdateDisplay)
    MX_FSMC_Init                             0x08001b05   Thumb Code    94  fsmc.o(i.MX_FSMC_Init)
    MX_GPIO_Init                             0x08001b6d   Thumb Code   126  gpio.o(i.MX_GPIO_Init)
    MX_USB_DEVICE_Init                       0x08001bf5   Thumb Code    38  usb_device.o(i.MX_USB_DEVICE_Init)
    MemManage_Handler                        0x08001c2d   Thumb Code     2  stm32f4xx_it.o(i.MemManage_Handler)
    NMI_Handler                              0x08001c2f   Thumb Code     2  stm32f4xx_it.o(i.NMI_Handler)
    OTG_FS_IRQHandler                        0x08001c51   Thumb Code     6  stm32f4xx_it.o(i.OTG_FS_IRQHandler)
    PendSV_Handler                           0x08001ce5   Thumb Code     2  stm32f4xx_it.o(i.PendSV_Handler)
    SVC_Handler                              0x08001ce7   Thumb Code     2  stm32f4xx_it.o(i.SVC_Handler)
    SysTick_Handler                          0x08001ce9   Thumb Code    14  stm32f4xx_it.o(i.SysTick_Handler)
    SystemClock_Config                       0x08001cf9   Thumb Code   150  main.o(i.SystemClock_Config)
    SystemInit                               0x08001d99   Thumb Code    66  system_stm32f4xx.o(i.SystemInit)
    USBD_CDC_GetDeviceQualifierDescriptor    0x08001e91   Thumb Code     8  usbd_cdc.o(i.USBD_CDC_GetDeviceQualifierDescriptor)
    USBD_CDC_ReceivePacket                   0x08001f49   Thumb Code    40  usbd_cdc.o(i.USBD_CDC_ReceivePacket)
    USBD_CDC_RegisterInterface               0x08001f71   Thumb Code    16  usbd_cdc.o(i.USBD_CDC_RegisterInterface)
    USBD_CDC_SetRxBuffer                     0x08001f81   Thumb Code    12  usbd_cdc.o(i.USBD_CDC_SetRxBuffer)
    USBD_CDC_SetTxBuffer                     0x08001f8d   Thumb Code    16  usbd_cdc.o(i.USBD_CDC_SetTxBuffer)
    USBD_CDC_TransmitPacket                  0x0800200d   Thumb Code    48  usbd_cdc.o(i.USBD_CDC_TransmitPacket)
    USBD_ClrClassConfig                      0x0800203d   Thumb Code    14  usbd_core.o(i.USBD_ClrClassConfig)
    USBD_CtlContinueRx                       0x0800204b   Thumb Code    16  usbd_ioreq.o(i.USBD_CtlContinueRx)
    USBD_CtlContinueSendData                 0x0800205b   Thumb Code    16  usbd_ioreq.o(i.USBD_CtlContinueSendData)
    USBD_CtlError                            0x0800206b   Thumb Code    22  usbd_ctlreq.o(i.USBD_CtlError)
    USBD_CtlPrepareRx                        0x08002081   Thumb Code    30  usbd_ioreq.o(i.USBD_CtlPrepareRx)
    USBD_CtlReceiveStatus                    0x0800209f   Thumb Code    22  usbd_ioreq.o(i.USBD_CtlReceiveStatus)
    USBD_CtlSendData                         0x080020b5   Thumb Code    26  usbd_ioreq.o(i.USBD_CtlSendData)
    USBD_CtlSendStatus                       0x080020cf   Thumb Code    22  usbd_ioreq.o(i.USBD_CtlSendStatus)
    USBD_FS_ConfigStrDescriptor              0x080020e5   Thumb Code    16  usbd_desc.o(i.USBD_FS_ConfigStrDescriptor)
    USBD_FS_DeviceDescriptor                 0x08002105   Thumb Code     8  usbd_desc.o(i.USBD_FS_DeviceDescriptor)
    USBD_FS_InterfaceStrDescriptor           0x08002111   Thumb Code    16  usbd_desc.o(i.USBD_FS_InterfaceStrDescriptor)
    USBD_FS_LangIDStrDescriptor              0x08002135   Thumb Code     8  usbd_desc.o(i.USBD_FS_LangIDStrDescriptor)
    USBD_FS_ManufacturerStrDescriptor        0x08002141   Thumb Code    16  usbd_desc.o(i.USBD_FS_ManufacturerStrDescriptor)
    USBD_FS_ProductStrDescriptor             0x08002169   Thumb Code    16  usbd_desc.o(i.USBD_FS_ProductStrDescriptor)
    USBD_FS_SerialStrDescriptor              0x08002195   Thumb Code    16  usbd_desc.o(i.USBD_FS_SerialStrDescriptor)
    USBD_GetString                           0x08002299   Thumb Code    70  usbd_ctlreq.o(i.USBD_GetString)
    USBD_Init                                0x080022df   Thumb Code    42  usbd_core.o(i.USBD_Init)
    USBD_LL_ClearStallEP                     0x08002309   Thumb Code    32  usbd_conf.o(i.USBD_LL_ClearStallEP)
    USBD_LL_CloseEP                          0x08002329   Thumb Code    32  usbd_conf.o(i.USBD_LL_CloseEP)
    USBD_LL_DataInStage                      0x08002349   Thumb Code   170  usbd_core.o(i.USBD_LL_DataInStage)
    USBD_LL_DataOutStage                     0x080023f3   Thumb Code   106  usbd_core.o(i.USBD_LL_DataOutStage)
    USBD_LL_DevConnected                     0x0800245d   Thumb Code     4  usbd_core.o(i.USBD_LL_DevConnected)
    USBD_LL_DevDisconnected                  0x08002461   Thumb Code    22  usbd_core.o(i.USBD_LL_DevDisconnected)
    USBD_LL_GetRxDataSize                    0x08002477   Thumb Code     8  usbd_conf.o(i.USBD_LL_GetRxDataSize)
    USBD_LL_Init                             0x08002481   Thumb Code    94  usbd_conf.o(i.USBD_LL_Init)
    USBD_LL_IsStallEP                        0x080024e5   Thumb Code    32  usbd_conf.o(i.USBD_LL_IsStallEP)
    USBD_LL_IsoINIncomplete                  0x08002505   Thumb Code     4  usbd_core.o(i.USBD_LL_IsoINIncomplete)
    USBD_LL_IsoOUTIncomplete                 0x08002509   Thumb Code     4  usbd_core.o(i.USBD_LL_IsoOUTIncomplete)
    USBD_LL_OpenEP                           0x0800250d   Thumb Code    38  usbd_conf.o(i.USBD_LL_OpenEP)
    USBD_LL_PrepareReceive                   0x08002533   Thumb Code    32  usbd_conf.o(i.USBD_LL_PrepareReceive)
    USBD_LL_Reset                            0x08002553   Thumb Code    62  usbd_core.o(i.USBD_LL_Reset)
    USBD_LL_Resume                           0x08002591   Thumb Code    12  usbd_core.o(i.USBD_LL_Resume)
    USBD_LL_SOF                              0x0800259d   Thumb Code    24  usbd_core.o(i.USBD_LL_SOF)
    USBD_LL_SetSpeed                         0x080025b5   Thumb Code     6  usbd_core.o(i.USBD_LL_SetSpeed)
    USBD_LL_SetUSBAddress                    0x080025bb   Thumb Code    32  usbd_conf.o(i.USBD_LL_SetUSBAddress)
    USBD_LL_SetupStage                       0x080025db   Thumb Code    90  usbd_core.o(i.USBD_LL_SetupStage)
    USBD_LL_StallEP                          0x08002635   Thumb Code    32  usbd_conf.o(i.USBD_LL_StallEP)
    USBD_LL_Start                            0x08002655   Thumb Code    32  usbd_conf.o(i.USBD_LL_Start)
    USBD_LL_Suspend                          0x08002675   Thumb Code    18  usbd_core.o(i.USBD_LL_Suspend)
    USBD_LL_Transmit                         0x08002687   Thumb Code    32  usbd_conf.o(i.USBD_LL_Transmit)
    USBD_ParseSetupRequest                   0x080026a7   Thumb Code    40  usbd_ctlreq.o(i.USBD_ParseSetupRequest)
    USBD_RegisterClass                       0x080026cf   Thumb Code    16  usbd_core.o(i.USBD_RegisterClass)
    USBD_SetClassConfig                      0x080026df   Thumb Code    22  usbd_core.o(i.USBD_SetClassConfig)
    USBD_Start                               0x08002769   Thumb Code    10  usbd_core.o(i.USBD_Start)
    USBD_StdDevReq                           0x08002773   Thumb Code   242  usbd_ctlreq.o(i.USBD_StdDevReq)
    USBD_StdEPReq                            0x08002865   Thumb Code   220  usbd_ctlreq.o(i.USBD_StdEPReq)
    USBD_StdItfReq                           0x08002941   Thumb Code    52  usbd_ctlreq.o(i.USBD_StdItfReq)
    USB_ActivateEndpoint                     0x08002975   Thumb Code   122  stm32f4xx_ll_usb.o(i.USB_ActivateEndpoint)
    USB_ActivateSetup                        0x080029f5   Thumb Code    52  stm32f4xx_ll_usb.o(i.USB_ActivateSetup)
    USB_CoreInit                             0x08002a29   Thumb Code    96  stm32f4xx_ll_usb.o(i.USB_CoreInit)
    USB_DeactivateEndpoint                   0x08002ac5   Thumb Code   110  stm32f4xx_ll_usb.o(i.USB_DeactivateEndpoint)
    USB_DevConnect                           0x08002b33   Thumb Code    24  stm32f4xx_ll_usb.o(i.USB_DevConnect)
    USB_DevDisconnect                        0x08002b4b   Thumb Code    24  stm32f4xx_ll_usb.o(i.USB_DevDisconnect)
    USB_DevInit                              0x08002b65   Thumb Code   306  stm32f4xx_ll_usb.o(i.USB_DevInit)
    USB_DisableGlobalInt                     0x08002ca9   Thumb Code    12  stm32f4xx_ll_usb.o(i.USB_DisableGlobalInt)
    USB_EP0StartXfer                         0x08002cb5   Thumb Code   316  stm32f4xx_ll_usb.o(i.USB_EP0StartXfer)
    USB_EP0_OutStart                         0x08002df5   Thumb Code    62  stm32f4xx_ll_usb.o(i.USB_EP0_OutStart)
    USB_EPClearStall                         0x08002e33   Thumb Code   100  stm32f4xx_ll_usb.o(i.USB_EPClearStall)
    USB_EPSetStall                           0x08002e97   Thumb Code    94  stm32f4xx_ll_usb.o(i.USB_EPSetStall)
    USB_EPStartXfer                          0x08002ef5   Thumb Code   534  stm32f4xx_ll_usb.o(i.USB_EPStartXfer)
    USB_EnableGlobalInt                      0x08003111   Thumb Code    12  stm32f4xx_ll_usb.o(i.USB_EnableGlobalInt)
    USB_FlushRxFifo                          0x0800311d   Thumb Code    28  stm32f4xx_ll_usb.o(i.USB_FlushRxFifo)
    USB_FlushTxFifo                          0x0800313d   Thumb Code    32  stm32f4xx_ll_usb.o(i.USB_FlushTxFifo)
    USB_GetDevSpeed                          0x08003161   Thumb Code    60  stm32f4xx_ll_usb.o(i.USB_GetDevSpeed)
    USB_GetMode                              0x0800319d   Thumb Code     8  stm32f4xx_ll_usb.o(i.USB_GetMode)
    USB_ReadDevAllInEpInterrupt              0x080031a5   Thumb Code    14  stm32f4xx_ll_usb.o(i.USB_ReadDevAllInEpInterrupt)
    USB_ReadDevAllOutEpInterrupt             0x080031b3   Thumb Code    14  stm32f4xx_ll_usb.o(i.USB_ReadDevAllOutEpInterrupt)
    USB_ReadDevInEPInterrupt                 0x080031c1   Thumb Code    30  stm32f4xx_ll_usb.o(i.USB_ReadDevInEPInterrupt)
    USB_ReadDevOutEPInterrupt                0x080031df   Thumb Code    16  stm32f4xx_ll_usb.o(i.USB_ReadDevOutEPInterrupt)
    USB_ReadInterrupts                       0x080031ef   Thumb Code     8  stm32f4xx_ll_usb.o(i.USB_ReadInterrupts)
    USB_ReadPacket                           0x080031f7   Thumb Code    32  stm32f4xx_ll_usb.o(i.USB_ReadPacket)
    USB_SetCurrentMode                       0x08003217   Thumb Code    44  stm32f4xx_ll_usb.o(i.USB_SetCurrentMode)
    USB_SetDevAddress                        0x08003243   Thumb Code    34  stm32f4xx_ll_usb.o(i.USB_SetDevAddress)
    USB_WritePacket                          0x08003265   Thumb Code    40  stm32f4xx_ll_usb.o(i.USB_WritePacket)
    UsageFault_Handler                       0x0800328d   Thumb Code     2  stm32f4xx_it.o(i.UsageFault_Handler)
    __0printf$2                              0x08003291   Thumb Code    22  printf2.o(i.__0printf$2)
    __1printf$2                              0x08003291   Thumb Code     0  printf2.o(i.__0printf$2)
    __2printf                                0x08003291   Thumb Code     0  printf2.o(i.__0printf$2)
    __scatterload_copy                       0x080032b1   Thumb Code    14  handlers.o(i.__scatterload_copy)
    __scatterload_null                       0x080032bf   Thumb Code     2  handlers.o(i.__scatterload_null)
    __scatterload_zeroinit                   0x080032c1   Thumb Code    14  handlers.o(i.__scatterload_zeroinit)
    fputc                                    0x080033a5   Thumb Code   252  lcd_log.o(i.fputc)
    free                                     0x080034a9   Thumb Code    76  malloc.o(i.free)
    ili9325_Clear                            0x080034f9   Thumb Code    34  ili9325.o(i.ili9325_Clear)
    ili9325_DisplayOff                       0x08003521   Thumb Code    54  ili9325.o(i.ili9325_DisplayOff)
    ili9325_DisplayOn                        0x08003557   Thumb Code    96  ili9325.o(i.ili9325_DisplayOn)
    ili9325_DrawBitmap                       0x080035b7   Thumb Code    76  ili9325.o(i.ili9325_DrawBitmap)
    ili9325_DrawHLine                        0x08003605   Thumb Code    56  ili9325.o(i.ili9325_DrawHLine)
    ili9325_DrawRGBImage                     0x08003641   Thumb Code    32  ili9325.o(i.ili9325_DrawRGBImage)
    ili9325_DrawVLine                        0x08003661   Thumb Code    78  ili9325.o(i.ili9325_DrawVLine)
    ili9325_GetLcdPixelHeight                0x080036b5   Thumb Code     4  ili9325.o(i.ili9325_GetLcdPixelHeight)
    ili9325_GetLcdPixelWidth                 0x080036b9   Thumb Code     6  ili9325.o(i.ili9325_GetLcdPixelWidth)
    ili9325_Init                             0x080036bf   Thumb Code   490  ili9325.o(i.ili9325_Init)
    ili9325_ReadID                           0x080038a9   Thumb Code     6  ili9325.o(i.ili9325_ReadID)
    ili9325_ReadPixel                        0x080038b1   Thumb Code    22  ili9325.o(i.ili9325_ReadPixel)
    ili9325_ReadReg                          0x080038cd   Thumb Code    12  ili9325.o(i.ili9325_ReadReg)
    ili9325_SetCursor                        0x080038dd   Thumb Code    28  ili9325.o(i.ili9325_SetCursor)
    ili9325_SetDisplayWindow                 0x080038f9   Thumb Code    58  ili9325.o(i.ili9325_SetDisplayWindow)
    ili9325_WritePixel                       0x08003933   Thumb Code    24  ili9325.o(i.ili9325_WritePixel)
    ili9325_WriteReg                         0x0800394b   Thumb Code    18  ili9325.o(i.ili9325_WriteReg)
    main                                     0x0800395d   Thumb Code    72  main.o(i.main)
    malloc                                   0x080039f1   Thumb Code    92  malloc.o(i.malloc)
    Font24_Table                             0x08003a5c   Data        6840  stm32_lcd_bsp.o(.constdata)
    Font16_Table                             0x08005514   Data        3040  stm32_lcd_bsp.o(.constdata)
    Font12_Table                             0x080060f4   Data        1140  stm32_lcd_bsp.o(.constdata)
    APBAHBPrescTable                         0x08006568   Data          16  stm32f4xx_hal_rcc.o(.constdata)
    Region$$Table$$Base                      0x08006578   Number         0  anon$$obj.o(Region$$Table)
    Region$$Table$$Limit                     0x08006598   Number         0  anon$$obj.o(Region$$Table)
    USBD_Interface_fops_FS                   0x20000000   Data          16  usbd_cdc_if.o(.data)
    UserRxBufferFS                           0x20000010   Data           4  usbd_cdc_if.o(.data)
    UserTxBufferFS                           0x20000014   Data           4  usbd_cdc_if.o(.data)
    FS_Desc                                  0x20000018   Data          28  usbd_desc.o(.data)
    USBD_LangIDDesc                          0x20000034   Data           4  usbd_desc.o(.data)
    USBD_FS_DeviceDesc                       0x20000038   Data          18  usbd_desc.o(.data)
    ili9325_drv                              0x20000054   Data          60  ili9325.o(.data)
    Font24                                   0x20000094   Data           8  stm32_lcd_bsp.o(.data)
    Font16                                   0x2000009c   Data           8  stm32_lcd_bsp.o(.data)
    Font12                                   0x200000a4   Data           8  stm32_lcd_bsp.o(.data)
    LCD_CacheBuffer_yptr_invert              0x200000ac   Data           1  lcd_log.o(.data)
    LCD_ScrollActive                         0x200000ad   Data           1  lcd_log.o(.data)
    LCD_Lock                                 0x200000ae   Data           1  lcd_log.o(.data)
    LCD_Scrolled                             0x200000af   Data           1  lcd_log.o(.data)
    LCD_CacheBuffer_xptr                     0x200000b0   Data           2  lcd_log.o(.data)
    LCD_CacheBuffer_yptr_top                 0x200000b2   Data           2  lcd_log.o(.data)
    LCD_CacheBuffer_yptr_bottom              0x200000b4   Data           2  lcd_log.o(.data)
    LCD_CacheBuffer_yptr_top_bak             0x200000b6   Data           2  lcd_log.o(.data)
    LCD_CacheBuffer_yptr_bottom_bak          0x200000b8   Data           2  lcd_log.o(.data)
    LCD_ScrollBackStep                       0x200000ba   Data           2  lcd_log.o(.data)
    LCD_LineColor                            0x200000bc   Data           4  lcd_log.o(.data)
    SystemCoreClock                          0x200000c0   Data           4  system_stm32f4xx.o(.data)
    USBD_CDC_CfgHSDesc                       0x200000d4   Data          67  usbd_cdc.o(.data)
    USBD_CDC_CfgFSDesc                       0x20000118   Data          67  usbd_cdc.o(.data)
    USBD_CDC_OtherSpeedCfgDesc               0x2000015c   Data          67  usbd_cdc.o(.data)
    USBD_CDC                                 0x200001a0   Data          56  usbd_cdc.o(.data)
    uwTick                                   0x200001dc   Data           4  stm32f4xx_hal.o(.data)
    __stdout                                 0x200001e0   Data           4  stdout.o(.data)
    __microlib_freelist                      0x200001e4   Data           4  mvars.o(.data)
    __microlib_freelist_initialised          0x200001e8   Data           4  mvars.o(.data)
    hpcd_USB_OTG_FS                          0x200001ec   Data        1008  usbd_conf.o(.bss)
    USBD_StrDesc                             0x200005dc   Data          48  usbd_desc.o(.bss)
    hsram1                                   0x2000060c   Data          80  fsmc.o(.bss)
    hUsbDeviceFS                             0x2000065c   Data         548  usb_device.o(.bss)
    DrawProp                                 0x20000e68   Data          12  stm32_lcd_bsp.o(.bss)
    LCD_CacheBuffer                          0x20000e74   Data       14388  lcd_log.o(.bss)
    __heap_base                              0x200046a8   Data           0  startup_stm32f407xx.o(HEAP)
    __heap_limit                             0x200056a8   Data           0  startup_stm32f407xx.o(HEAP)
    __initial_sp                             0x200076a8   Data           0  startup_stm32f407xx.o(STACK)



==============================================================================

Memory Map of the image

  Image Entry point : 0x08000189

  Load Region LR_IROM1 (Base: 0x08000000, Size: 0x00006784, Max: 0x00100000, ABSOLUTE, COMPRESSED[0x000066a0])

    Execution Region ER_IROM1 (Base: 0x08000000, Size: 0x00006598, Max: 0x00100000, ABSOLUTE)

    Base Addr    Size         Type   Attr      Idx    E Section Name        Object

    0x08000000   0x00000188   Data   RO         1603    RESET               startup_stm32f407xx.o
    0x08000188   0x00000000   Code   RO         3412  * .ARM.Collect$$$$00000000  mc_w.l(entry.o)
    0x08000188   0x00000004   Code   RO         3708    .ARM.Collect$$$$00000001  mc_w.l(entry2.o)
    0x0800018c   0x00000004   Code   RO         3711    .ARM.Collect$$$$00000004  mc_w.l(entry5.o)
    0x08000190   0x00000000   Code   RO         3713    .ARM.Collect$$$$00000008  mc_w.l(entry7b.o)
    0x08000190   0x00000000   Code   RO         3715    .ARM.Collect$$$$0000000A  mc_w.l(entry8b.o)
    0x08000190   0x00000008   Code   RO         3716    .ARM.Collect$$$$0000000B  mc_w.l(entry9a.o)
    0x08000198   0x00000000   Code   RO         3718    .ARM.Collect$$$$0000000D  mc_w.l(entry10a.o)
    0x08000198   0x00000000   Code   RO         3720    .ARM.Collect$$$$0000000F  mc_w.l(entry11a.o)
    0x08000198   0x00000004   Code   RO         3709    .ARM.Collect$$$$00002712  mc_w.l(entry2.o)
    0x0800019c   0x00000024   Code   RO         1604    .text               startup_stm32f407xx.o
    0x080001c0   0x00000024   Code   RO         3415    .text               mc_w.l(memcpya.o)
    0x080001e4   0x00000024   Code   RO         3740    .text               mc_w.l(init.o)
    0x08000208   0x00000056   Code   RO         3758    .text               mc_w.l(__dczerorl2.o)
    0x0800025e   0x00000002   PAD
    0x08000260   0x00000030   Code   RO          872    i.BSP_LCD_Clear     stm32_lcd_bsp.o
    0x08000290   0x00000024   Code   RO          874    i.BSP_LCD_DisplayChar  stm32_lcd_bsp.o
    0x080002b4   0x0000009c   Code   RO          877    i.BSP_LCD_DisplayStringAt  stm32_lcd_bsp.o
    0x08000350   0x0000001c   Code   RO          878    i.BSP_LCD_DisplayStringAtLine  stm32_lcd_bsp.o
    0x0800036c   0x00000054   Code   RO          879    i.BSP_LCD_DrawBitmap  stm32_lcd_bsp.o
    0x080003c0   0x0000004c   Code   RO          882    i.BSP_LCD_DrawHLine  stm32_lcd_bsp.o
    0x0800040c   0x00000030   Code   RO          890    i.BSP_LCD_FillRect  stm32_lcd_bsp.o
    0x0800043c   0x0000000c   Code   RO          892    i.BSP_LCD_GetFont   stm32_lcd_bsp.o
    0x08000448   0x0000000c   Code   RO          894    i.BSP_LCD_GetXSize  stm32_lcd_bsp.o
    0x08000454   0x0000000c   Code   RO          895    i.BSP_LCD_GetYSize  stm32_lcd_bsp.o
    0x08000460   0x00000044   Code   RO          896    i.BSP_LCD_Init      stm32_lcd_bsp.o
    0x080004a4   0x0000000c   Code   RO          898    i.BSP_LCD_SetBackColor  stm32_lcd_bsp.o
    0x080004b0   0x0000000c   Code   RO          899    i.BSP_LCD_SetFont   stm32_lcd_bsp.o
    0x080004bc   0x0000000c   Code   RO          900    i.BSP_LCD_SetTextColor  stm32_lcd_bsp.o
    0x080004c8   0x00000002   Code   RO          618    i.BusFault_Handler  stm32f4xx_it.o
    0x080004ca   0x00000004   Code   RO          340    i.CDC_Control_FS    usbd_cdc_if.o
    0x080004ce   0x00000004   Code   RO          341    i.CDC_DeInit_FS     usbd_cdc_if.o
    0x080004d2   0x00000002   PAD
    0x080004d4   0x00000024   Code   RO          342    i.CDC_Init_FS       usbd_cdc_if.o
    0x080004f8   0x00000050   Code   RO          343    i.CDC_Receive_FS    usbd_cdc_if.o
    0x08000548   0x0000002c   Code   RO          344    i.CDC_Transmit_FS   usbd_cdc_if.o
    0x08000574   0x00000002   Code   RO          619    i.DebugMon_Handler  stm32f4xx_it.o
    0x08000576   0x00000002   Code   RO          553    i.Error_Handler     main.o
    0x08000578   0x00000040   Code   RO         2588    i.FSMC_NORSRAM_Extended_Timing_Init  stm32f4xx_ll_fsmc.o
    0x080005b8   0x00000054   Code   RO         2589    i.FSMC_NORSRAM_Init  stm32f4xx_ll_fsmc.o
    0x0800060c   0x00000044   Code   RO         2590    i.FSMC_NORSRAM_Timing_Init  stm32f4xx_ll_fsmc.o
    0x08000650   0x00000016   Code   RO         2836    i.HAL_Delay         stm32f4xx_hal.o
    0x08000666   0x00000002   PAD
    0x08000668   0x00000084   Code   RO          464    i.HAL_FSMC_MspInit  fsmc.o
    0x080006ec   0x000001b0   Code   RO         2172    i.HAL_GPIO_Init     stm32f4xx_hal_gpio.o
    0x0800089c   0x0000000a   Code   RO         2176    i.HAL_GPIO_WritePin  stm32f4xx_hal_gpio.o
    0x080008a6   0x00000002   PAD
    0x080008a8   0x0000000c   Code   RO         2842    i.HAL_GetTick       stm32f4xx_hal.o
    0x080008b4   0x00000010   Code   RO         2843    i.HAL_IncTick       stm32f4xx_hal.o
    0x080008c4   0x00000034   Code   RO         2844    i.HAL_Init          stm32f4xx_hal.o
    0x080008f8   0x00000028   Code   RO         2845    i.HAL_InitTick      stm32f4xx_hal.o
    0x08000920   0x00000058   Code   RO          316    i.HAL_MspInit       stm32f4xx_hal_msp.o
    0x08000978   0x00000016   Code   RO         3175    i.HAL_NVIC_EnableIRQ  stm32f4xx_hal_cortex.o
    0x0800098e   0x00000002   PAD
    0x08000990   0x00000040   Code   RO         3181    i.HAL_NVIC_SetPriority  stm32f4xx_hal_cortex.o
    0x080009d0   0x00000024   Code   RO         3182    i.HAL_NVIC_SetPriorityGrouping  stm32f4xx_hal_cortex.o
    0x080009f4   0x00000008   Code   RO         2353    i.HAL_PCDEx_SetRxFiFo  stm32f4xx_hal_pcd_ex.o
    0x080009fc   0x00000044   Code   RO         2354    i.HAL_PCDEx_SetTxFiFo  stm32f4xx_hal_pcd_ex.o
    0x08000a40   0x00000008   Code   RO            4    i.HAL_PCD_ConnectCallback  usbd_conf.o
    0x08000a48   0x00000012   Code   RO            5    i.HAL_PCD_DataInStageCallback  usbd_conf.o
    0x08000a5a   0x00000014   Code   RO            6    i.HAL_PCD_DataOutStageCallback  usbd_conf.o
    0x08000a6e   0x00000008   Code   RO            7    i.HAL_PCD_DisconnectCallback  usbd_conf.o
    0x08000a76   0x00000044   Code   RO         1903    i.HAL_PCD_EP_Close  stm32f4xx_hal_pcd.o
    0x08000aba   0x00000050   Code   RO         1904    i.HAL_PCD_EP_ClrStall  stm32f4xx_hal_pcd.o
    0x08000b0a   0x00000014   Code   RO         1906    i.HAL_PCD_EP_GetRxCount  stm32f4xx_hal_pcd.o
    0x08000b1e   0x00000054   Code   RO         1907    i.HAL_PCD_EP_Open   stm32f4xx_hal_pcd.o
    0x08000b72   0x00000002   PAD
    0x08000b74   0x0000005e   Code   RO         1908    i.HAL_PCD_EP_Receive  stm32f4xx_hal_pcd.o
    0x08000bd2   0x00000060   Code   RO         1909    i.HAL_PCD_EP_SetStall  stm32f4xx_hal_pcd.o
    0x08000c32   0x00000056   Code   RO         1910    i.HAL_PCD_EP_Transmit  stm32f4xx_hal_pcd.o
    0x08000c88   0x000003fe   Code   RO         1912    i.HAL_PCD_IRQHandler  stm32f4xx_hal_pcd.o
    0x08001086   0x00000008   Code   RO            8    i.HAL_PCD_ISOINIncompleteCallback  usbd_conf.o
    0x0800108e   0x00000008   Code   RO            9    i.HAL_PCD_ISOOUTIncompleteCallback  usbd_conf.o
    0x08001096   0x00000002   PAD
    0x08001098   0x000000be   Code   RO         1915    i.HAL_PCD_Init      stm32f4xx_hal_pcd.o
    0x08001156   0x00000002   PAD
    0x08001158   0x0000007c   Code   RO           11    i.HAL_PCD_MspInit   usbd_conf.o
    0x080011d4   0x00000020   Code   RO           12    i.HAL_PCD_ResetCallback  usbd_conf.o
    0x080011f4   0x00000008   Code   RO           13    i.HAL_PCD_ResumeCallback  usbd_conf.o
    0x080011fc   0x00000008   Code   RO           14    i.HAL_PCD_SOFCallback  usbd_conf.o
    0x08001204   0x00000024   Code   RO         1921    i.HAL_PCD_SetAddress  stm32f4xx_hal_pcd.o
    0x08001228   0x0000000e   Code   RO           15    i.HAL_PCD_SetupStageCallback  usbd_conf.o
    0x08001236   0x0000002a   Code   RO         1923    i.HAL_PCD_Start     stm32f4xx_hal_pcd.o
    0x08001260   0x00000030   Code   RO           16    i.HAL_PCD_SuspendCallback  usbd_conf.o
    0x08001290   0x0000017c   Code   RO         2725    i.HAL_RCC_ClockConfig  stm32f4xx_hal_rcc.o
    0x0800140c   0x0000000c   Code   RO         2730    i.HAL_RCC_GetHCLKFreq  stm32f4xx_hal_rcc.o
    0x08001418   0x00000070   Code   RO         2734    i.HAL_RCC_GetSysClockFreq  stm32f4xx_hal_rcc.o
    0x08001488   0x00000314   Code   RO         2737    i.HAL_RCC_OscConfig  stm32f4xx_hal_rcc.o
    0x0800179c   0x00000056   Code   RO         3299    i.HAL_SRAM_Init     stm32f4xx_hal_sram.o
    0x080017f2   0x00000004   Code   RO          466    i.HAL_SRAM_MspInit  fsmc.o
    0x080017f6   0x00000018   Code   RO         3184    i.HAL_SYSTICK_CLKSourceConfig  stm32f4xx_hal_cortex.o
    0x0800180e   0x00000002   Code   RO         3185    i.HAL_SYSTICK_Callback  stm32f4xx_hal_cortex.o
    0x08001810   0x00000028   Code   RO         3186    i.HAL_SYSTICK_Config  stm32f4xx_hal_cortex.o
    0x08001838   0x00000008   Code   RO         3187    i.HAL_SYSTICK_IRQHandler  stm32f4xx_hal_cortex.o
    0x08001840   0x00000002   Code   RO          620    i.HardFault_Handler  stm32f4xx_it.o
    0x08001842   0x00000002   PAD
    0x08001844   0x000000e0   Code   RO          901    i.LCD_DrawChar      stm32_lcd_bsp.o
    0x08001924   0x00000014   Code   RO          902    i.LCD_DrawPixel     stm32_lcd_bsp.o
    0x08001938   0x00000018   Code   RO          726    i.LCD_IO_WriteMultipleData  ili9325.o
    0x08001950   0x00000028   Code   RO         1116    i.LCD_LOG_DeInit    lcd_log.o
    0x08001978   0x00000010   Code   RO         1117    i.LCD_LOG_Init      lcd_log.o
    0x08001988   0x00000074   Code   RO         1120    i.LCD_LOG_SetFooter  lcd_log.o
    0x080019fc   0x00000064   Code   RO         1121    i.LCD_LOG_SetHeader  lcd_log.o
    0x08001a60   0x00000088   Code   RO         1122    i.LCD_LOG_UpdateDisplay  lcd_log.o
    0x08001ae8   0x0000001c   Code   RO          903    i.LCD_SetDisplayWindow  stm32_lcd_bsp.o
    0x08001b04   0x00000068   Code   RO          467    i.MX_FSMC_Init      fsmc.o
    0x08001b6c   0x00000088   Code   RO          700    i.MX_GPIO_Init      gpio.o
    0x08001bf4   0x00000038   Code   RO          515    i.MX_USB_DEVICE_Init  usb_device.o
    0x08001c2c   0x00000002   Code   RO          621    i.MemManage_Handler  stm32f4xx_it.o
    0x08001c2e   0x00000002   Code   RO          622    i.NMI_Handler       stm32f4xx_it.o
    0x08001c30   0x00000020   Code   RO         3188    i.NVIC_SetPriority  stm32f4xx_hal_cortex.o
    0x08001c50   0x0000000c   Code   RO          623    i.OTG_FS_IRQHandler  stm32f4xx_it.o
    0x08001c5c   0x00000088   Code   RO         1926    i.PCD_WriteEmptyTxFifo  stm32f4xx_hal_pcd.o
    0x08001ce4   0x00000002   Code   RO          624    i.PendSV_Handler    stm32f4xx_it.o
    0x08001ce6   0x00000002   Code   RO          625    i.SVC_Handler       stm32f4xx_it.o
    0x08001ce8   0x0000000e   Code   RO          626    i.SysTick_Handler   stm32f4xx_it.o
    0x08001cf6   0x00000002   PAD
    0x08001cf8   0x000000a0   Code   RO          554    i.SystemClock_Config  main.o
    0x08001d98   0x00000054   Code   RO         1198    i.SystemInit        system_stm32f4xx.o
    0x08001dec   0x00000014   Code   RO         1373    i.USBD_CDC_DataIn   usbd_cdc.o
    0x08001e00   0x0000002e   Code   RO         1374    i.USBD_CDC_DataOut  usbd_cdc.o
    0x08001e2e   0x0000003c   Code   RO         1375    i.USBD_CDC_DeInit   usbd_cdc.o
    0x08001e6a   0x00000024   Code   RO         1376    i.USBD_CDC_EP0_RxReady  usbd_cdc.o
    0x08001e8e   0x00000002   PAD
    0x08001e90   0x0000000c   Code   RO         1377    i.USBD_CDC_GetDeviceQualifierDescriptor  usbd_cdc.o
    0x08001e9c   0x0000000c   Code   RO         1378    i.USBD_CDC_GetFSCfgDesc  usbd_cdc.o
    0x08001ea8   0x0000000c   Code   RO         1379    i.USBD_CDC_GetHSCfgDesc  usbd_cdc.o
    0x08001eb4   0x0000000c   Code   RO         1380    i.USBD_CDC_GetOtherSpeedCfgDesc  usbd_cdc.o
    0x08001ec0   0x00000088   Code   RO         1381    i.USBD_CDC_Init     usbd_cdc.o
    0x08001f48   0x00000028   Code   RO         1382    i.USBD_CDC_ReceivePacket  usbd_cdc.o
    0x08001f70   0x00000010   Code   RO         1383    i.USBD_CDC_RegisterInterface  usbd_cdc.o
    0x08001f80   0x0000000c   Code   RO         1384    i.USBD_CDC_SetRxBuffer  usbd_cdc.o
    0x08001f8c   0x00000010   Code   RO         1385    i.USBD_CDC_SetTxBuffer  usbd_cdc.o
    0x08001f9c   0x00000070   Code   RO         1386    i.USBD_CDC_Setup    usbd_cdc.o
    0x0800200c   0x00000030   Code   RO         1387    i.USBD_CDC_TransmitPacket  usbd_cdc.o
    0x0800203c   0x0000000e   Code   RO         1235    i.USBD_ClrClassConfig  usbd_core.o
    0x0800204a   0x00000010   Code   RO         1479    i.USBD_CtlContinueRx  usbd_ioreq.o
    0x0800205a   0x00000010   Code   RO         1480    i.USBD_CtlContinueSendData  usbd_ioreq.o
    0x0800206a   0x00000016   Code   RO         1539    i.USBD_CtlError     usbd_ctlreq.o
    0x08002080   0x0000001e   Code   RO         1481    i.USBD_CtlPrepareRx  usbd_ioreq.o
    0x0800209e   0x00000016   Code   RO         1482    i.USBD_CtlReceiveStatus  usbd_ioreq.o
    0x080020b4   0x0000001a   Code   RO         1483    i.USBD_CtlSendData  usbd_ioreq.o
    0x080020ce   0x00000016   Code   RO         1484    i.USBD_CtlSendStatus  usbd_ioreq.o
    0x080020e4   0x00000020   Code   RO          396    i.USBD_FS_ConfigStrDescriptor  usbd_desc.o
    0x08002104   0x0000000c   Code   RO          397    i.USBD_FS_DeviceDescriptor  usbd_desc.o
    0x08002110   0x00000024   Code   RO          398    i.USBD_FS_InterfaceStrDescriptor  usbd_desc.o
    0x08002134   0x0000000c   Code   RO          399    i.USBD_FS_LangIDStrDescriptor  usbd_desc.o
    0x08002140   0x00000028   Code   RO          400    i.USBD_FS_ManufacturerStrDescriptor  usbd_desc.o
    0x08002168   0x0000002c   Code   RO          401    i.USBD_FS_ProductStrDescriptor  usbd_desc.o
    0x08002194   0x00000024   Code   RO          402    i.USBD_FS_SerialStrDescriptor  usbd_desc.o
    0x080021b8   0x000000e0   Code   RO         1540    i.USBD_GetDescriptor  usbd_ctlreq.o
    0x08002298   0x00000046   Code   RO         1541    i.USBD_GetString    usbd_ctlreq.o
    0x080022de   0x0000002a   Code   RO         1237    i.USBD_Init         usbd_core.o
    0x08002308   0x00000020   Code   RO           17    i.USBD_LL_ClearStallEP  usbd_conf.o
    0x08002328   0x00000020   Code   RO           18    i.USBD_LL_CloseEP   usbd_conf.o
    0x08002348   0x000000aa   Code   RO         1238    i.USBD_LL_DataInStage  usbd_core.o
    0x080023f2   0x0000006a   Code   RO         1239    i.USBD_LL_DataOutStage  usbd_core.o
    0x0800245c   0x00000004   Code   RO         1240    i.USBD_LL_DevConnected  usbd_core.o
    0x08002460   0x00000016   Code   RO         1241    i.USBD_LL_DevDisconnected  usbd_core.o
    0x08002476   0x00000008   Code   RO           22    i.USBD_LL_GetRxDataSize  usbd_conf.o
    0x0800247e   0x00000002   PAD
    0x08002480   0x00000064   Code   RO           23    i.USBD_LL_Init      usbd_conf.o
    0x080024e4   0x00000020   Code   RO           24    i.USBD_LL_IsStallEP  usbd_conf.o
    0x08002504   0x00000004   Code   RO         1242    i.USBD_LL_IsoINIncomplete  usbd_core.o
    0x08002508   0x00000004   Code   RO         1243    i.USBD_LL_IsoOUTIncomplete  usbd_core.o
    0x0800250c   0x00000026   Code   RO           25    i.USBD_LL_OpenEP    usbd_conf.o
    0x08002532   0x00000020   Code   RO           26    i.USBD_LL_PrepareReceive  usbd_conf.o
    0x08002552   0x0000003e   Code   RO         1244    i.USBD_LL_Reset     usbd_core.o
    0x08002590   0x0000000c   Code   RO         1245    i.USBD_LL_Resume    usbd_core.o
    0x0800259c   0x00000018   Code   RO         1246    i.USBD_LL_SOF       usbd_core.o
    0x080025b4   0x00000006   Code   RO         1247    i.USBD_LL_SetSpeed  usbd_core.o
    0x080025ba   0x00000020   Code   RO           27    i.USBD_LL_SetUSBAddress  usbd_conf.o
    0x080025da   0x0000005a   Code   RO         1248    i.USBD_LL_SetupStage  usbd_core.o
    0x08002634   0x00000020   Code   RO           28    i.USBD_LL_StallEP   usbd_conf.o
    0x08002654   0x00000020   Code   RO           29    i.USBD_LL_Start     usbd_conf.o
    0x08002674   0x00000012   Code   RO         1249    i.USBD_LL_Suspend   usbd_core.o
    0x08002686   0x00000020   Code   RO           31    i.USBD_LL_Transmit  usbd_conf.o
    0x080026a6   0x00000028   Code   RO         1542    i.USBD_ParseSetupRequest  usbd_ctlreq.o
    0x080026ce   0x00000010   Code   RO         1250    i.USBD_RegisterClass  usbd_core.o
    0x080026de   0x00000016   Code   RO         1252    i.USBD_SetClassConfig  usbd_core.o
    0x080026f4   0x00000074   Code   RO         1543    i.USBD_SetConfig    usbd_ctlreq.o
    0x08002768   0x0000000a   Code   RO         1253    i.USBD_Start        usbd_core.o
    0x08002772   0x000000f2   Code   RO         1544    i.USBD_StdDevReq    usbd_ctlreq.o
    0x08002864   0x000000dc   Code   RO         1545    i.USBD_StdEPReq     usbd_ctlreq.o
    0x08002940   0x00000034   Code   RO         1546    i.USBD_StdItfReq    usbd_ctlreq.o
    0x08002974   0x00000080   Code   RO         1612    i.USB_ActivateEndpoint  stm32f4xx_ll_usb.o
    0x080029f4   0x00000034   Code   RO         1613    i.USB_ActivateSetup  stm32f4xx_ll_usb.o
    0x08002a28   0x00000064   Code   RO         1615    i.USB_CoreInit      stm32f4xx_ll_usb.o
    0x08002a8c   0x00000038   Code   RO         1616    i.USB_CoreReset     stm32f4xx_ll_usb.o
    0x08002ac4   0x0000006e   Code   RO         1618    i.USB_DeactivateEndpoint  stm32f4xx_ll_usb.o
    0x08002b32   0x00000018   Code   RO         1619    i.USB_DevConnect    stm32f4xx_ll_usb.o
    0x08002b4a   0x00000018   Code   RO         1620    i.USB_DevDisconnect  stm32f4xx_ll_usb.o
    0x08002b62   0x00000002   PAD
    0x08002b64   0x00000144   Code   RO         1621    i.USB_DevInit       stm32f4xx_ll_usb.o
    0x08002ca8   0x0000000c   Code   RO         1622    i.USB_DisableGlobalInt  stm32f4xx_ll_usb.o
    0x08002cb4   0x00000140   Code   RO         1625    i.USB_EP0StartXfer  stm32f4xx_ll_usb.o
    0x08002df4   0x0000003e   Code   RO         1626    i.USB_EP0_OutStart  stm32f4xx_ll_usb.o
    0x08002e32   0x00000064   Code   RO         1627    i.USB_EPClearStall  stm32f4xx_ll_usb.o
    0x08002e96   0x0000005e   Code   RO         1628    i.USB_EPSetStall    stm32f4xx_ll_usb.o
    0x08002ef4   0x0000021c   Code   RO         1629    i.USB_EPStartXfer   stm32f4xx_ll_usb.o
    0x08003110   0x0000000c   Code   RO         1630    i.USB_EnableGlobalInt  stm32f4xx_ll_usb.o
    0x0800311c   0x00000020   Code   RO         1631    i.USB_FlushRxFifo   stm32f4xx_ll_usb.o
    0x0800313c   0x00000024   Code   RO         1632    i.USB_FlushTxFifo   stm32f4xx_ll_usb.o
    0x08003160   0x0000003c   Code   RO         1634    i.USB_GetDevSpeed   stm32f4xx_ll_usb.o
    0x0800319c   0x00000008   Code   RO         1636    i.USB_GetMode       stm32f4xx_ll_usb.o
    0x080031a4   0x0000000e   Code   RO         1643    i.USB_ReadDevAllInEpInterrupt  stm32f4xx_ll_usb.o
    0x080031b2   0x0000000e   Code   RO         1644    i.USB_ReadDevAllOutEpInterrupt  stm32f4xx_ll_usb.o
    0x080031c0   0x0000001e   Code   RO         1645    i.USB_ReadDevInEPInterrupt  stm32f4xx_ll_usb.o
    0x080031de   0x00000010   Code   RO         1646    i.USB_ReadDevOutEPInterrupt  stm32f4xx_ll_usb.o
    0x080031ee   0x00000008   Code   RO         1647    i.USB_ReadInterrupts  stm32f4xx_ll_usb.o
    0x080031f6   0x00000020   Code   RO         1648    i.USB_ReadPacket    stm32f4xx_ll_usb.o
    0x08003216   0x0000002c   Code   RO         1650    i.USB_SetCurrentMode  stm32f4xx_ll_usb.o
    0x08003242   0x00000022   Code   RO         1651    i.USB_SetDevAddress  stm32f4xx_ll_usb.o
    0x08003264   0x00000028   Code   RO         1655    i.USB_WritePacket   stm32f4xx_ll_usb.o
    0x0800328c   0x00000002   Code   RO          627    i.UsageFault_Handler  stm32f4xx_it.o
    0x0800328e   0x00000002   PAD
    0x08003290   0x00000020   Code   RO         3486    i.__0printf$2       mc_w.l(printf2.o)
    0x080032b0   0x0000000e   Code   RO         3752    i.__scatterload_copy  mc_w.l(handlers.o)
    0x080032be   0x00000002   Code   RO         3753    i.__scatterload_null  mc_w.l(handlers.o)
    0x080032c0   0x0000000e   Code   RO         3754    i.__scatterload_zeroinit  mc_w.l(handlers.o)
    0x080032ce   0x000000d6   Code   RO         3493    i._printf_core      mc_w.l(printf2.o)
    0x080033a4   0x00000104   Code   RO         1123    i.fputc             lcd_log.o
    0x080034a8   0x00000050   Code   RO         3680    i.free              mc_w.l(malloc.o)
    0x080034f8   0x00000028   Code   RO          728    i.ili9325_Clear     ili9325.o
    0x08003520   0x00000036   Code   RO          729    i.ili9325_DisplayOff  ili9325.o
    0x08003556   0x00000060   Code   RO          730    i.ili9325_DisplayOn  ili9325.o
    0x080035b6   0x0000004c   Code   RO          731    i.ili9325_DrawBitmap  ili9325.o
    0x08003602   0x00000002   PAD
    0x08003604   0x0000003c   Code   RO          732    i.ili9325_DrawHLine  ili9325.o
    0x08003640   0x00000020   Code   RO          733    i.ili9325_DrawRGBImage  ili9325.o
    0x08003660   0x00000054   Code   RO          734    i.ili9325_DrawVLine  ili9325.o
    0x080036b4   0x00000004   Code   RO          735    i.ili9325_GetLcdPixelHeight  ili9325.o
    0x080036b8   0x00000006   Code   RO          736    i.ili9325_GetLcdPixelWidth  ili9325.o
    0x080036be   0x000001ea   Code   RO          737    i.ili9325_Init      ili9325.o
    0x080038a8   0x00000006   Code   RO          738    i.ili9325_ReadID    ili9325.o
    0x080038ae   0x00000002   PAD
    0x080038b0   0x0000001c   Code   RO          739    i.ili9325_ReadPixel  ili9325.o
    0x080038cc   0x00000010   Code   RO          740    i.ili9325_ReadReg   ili9325.o
    0x080038dc   0x0000001c   Code   RO          741    i.ili9325_SetCursor  ili9325.o
    0x080038f8   0x0000003a   Code   RO          742    i.ili9325_SetDisplayWindow  ili9325.o
    0x08003932   0x00000018   Code   RO          743    i.ili9325_WritePixel  ili9325.o
    0x0800394a   0x00000012   Code   RO          744    i.ili9325_WriteReg  ili9325.o
    0x0800395c   0x00000094   Code   RO          555    i.main              main.o
    0x080039f0   0x0000006c   Code   RO         3681    i.malloc            mc_w.l(malloc.o)
    0x08003a5c   0x00001ab8   Data   RO          905    .constdata          stm32_lcd_bsp.o
    0x08005514   0x00000be0   Data   RO          907    .constdata          stm32_lcd_bsp.o
    0x080060f4   0x00000474   Data   RO          908    .constdata          stm32_lcd_bsp.o
    0x08006568   0x00000010   Data   RO         2738    .constdata          stm32f4xx_hal_rcc.o
    0x08006578   0x00000020   Data   RO         3750    Region$$Table       anon$$obj.o


    Execution Region RW_IRAM1 (Base: 0x20000000, Size: 0x000076a8, Max: 0x00020000, ABSOLUTE, COMPRESSED[0x00000108])

    Base Addr    Size         Type   Attr      Idx    E Section Name        Object

    0x20000000   0x00000010   Data   RW          345    .data               usbd_cdc_if.o
    0x20000010   0x00000008   Data   RW          346    .data               usbd_cdc_if.o
    0x20000018   0x0000001c   Data   RW          404    .data               usbd_desc.o
    0x20000034   0x00000016   Data   RW          405    .data               usbd_desc.o
    0x2000004a   0x00000002   PAD
    0x2000004c   0x00000008   Data   RW          469    .data               fsmc.o
    0x20000054   0x0000003c   Data   RW          746    .data               ili9325.o
    0x20000090   0x0000000c   Data   RW          910    .data               stm32_lcd_bsp.o
    0x2000009c   0x00000008   Data   RW          912    .data               stm32_lcd_bsp.o
    0x200000a4   0x00000008   Data   RW          913    .data               stm32_lcd_bsp.o
    0x200000ac   0x00000014   Data   RW         1125    .data               lcd_log.o
    0x200000c0   0x00000004   Data   RW         1201    .data               system_stm32f4xx.o
    0x200000c4   0x000000db   Data   RW         1388    .data               usbd_cdc.o
    0x2000019f   0x00000001   PAD
    0x200001a0   0x00000038   Data   RW         1389    .data               usbd_cdc.o
    0x200001d8   0x00000001   Data   RW         1547    .data               usbd_ctlreq.o
    0x200001d9   0x00000003   PAD
    0x200001dc   0x00000004   Data   RW         2850    .data               stm32f4xx_hal.o
    0x200001e0   0x00000004   Data   RW         3722    .data               mc_w.l(stdout.o)
    0x200001e4   0x00000004   Data   RW         3727    .data               mc_w.l(mvars.o)
    0x200001e8   0x00000004   Data   RW         3728    .data               mc_w.l(mvars.o)
    0x200001ec   0x000003f0   Zero   RW           32    .bss                usbd_conf.o
    0x200005dc   0x00000030   Zero   RW          403    .bss                usbd_desc.o
    0x2000060c   0x00000050   Zero   RW          468    .bss                fsmc.o
    0x2000065c   0x00000224   Zero   RW          516    .bss                usb_device.o
    0x20000880   0x00000280   Zero   RW          745    .bss                ili9325.o
    0x20000b00   0x00000374   Zero   RW          904    .bss                stm32_lcd_bsp.o
    0x20000e74   0x00003834   Zero   RW         1124    .bss                lcd_log.o
    0x200046a8   0x00001000   Zero   RW         1602    HEAP                startup_stm32f407xx.o
    0x200056a8   0x00002000   Zero   RW         1601    STACK               startup_stm32f407xx.o


==============================================================================

Image component sizes


      Code (inc. data)   RO Data    RW Data    ZI Data      Debug   Object Name

       240         32          0          8         80       2243   fsmc.o
       136         10          0          0          0        987   gpio.o
      1144         30          0         60        640      12564   ili9325.o
       668         40          0         20      14388       5605   lcd_log.o
       310         86          0          0          0       2939   main.o
        36          8        392          0      12288        816   startup_stm32f407xx.o
       888        106      11020         28        884      15976   stm32_lcd_bsp.o
       142         22          0          4          0       4459   stm32f4xx_hal.o
       228         14          0          0          0      32121   stm32f4xx_hal_cortex.o
       442         44          0          0          0       2532   stm32f4xx_hal_gpio.o
        88          0          0          0          0        534   stm32f4xx_hal_msp.o
      1954          0          0          0          0      11113   stm32f4xx_hal_pcd.o
        76          0          0          0          0       1832   stm32f4xx_hal_pcd_ex.o
      1292         48         16          0          0       4789   stm32f4xx_hal_rcc.o
        86          0          0          0          0       1200   stm32f4xx_hal_sram.o
        42          6          0          0          0       4694   stm32f4xx_it.o
       216         12          0          0          0       2607   stm32f4xx_ll_fsmc.o
      2326         52          0          0          0      20472   stm32f4xx_ll_usb.o
        84         18          0          4          0       1191   system_stm32f4xx.o
        56         18          0          0        548        744   usb_device.o
       590         22          0        275          0      13062   usbd_cdc.o
       168         24          0         24          0       5195   usbd_cdc_if.o
       706         18          0          0       1008     682834   usbd_conf.o
       626          0          0          0          0      11958   usbd_core.o
       986         30          0          1          0       7996   usbd_ctlreq.o
       212        116          0         50         48       5151   usbd_desc.o
       132          0          0          0          0       4444   usbd_ioreq.o

    ----------------------------------------------------------------------
     13904        756      11460        480      29884     860058   Object Totals
         0          0         32          0          0          0   (incl. Generated)
        30          0          0          6          0          0   (incl. Padding)

    ----------------------------------------------------------------------

      Code (inc. data)   RO Data    RW Data    ZI Data      Debug   Library Member Name

        86          0          0          0          0          0   __dczerorl2.o
         0          0          0          0          0          0   entry.o
         0          0          0          0          0          0   entry10a.o
         0          0          0          0          0          0   entry11a.o
         8          4          0          0          0          0   entry2.o
         4          0          0          0          0          0   entry5.o
         0          0          0          0          0          0   entry7b.o
         0          0          0          0          0          0   entry8b.o
         8          4          0          0          0          0   entry9a.o
        30          0          0          0          0          0   handlers.o
        36          8          0          0          0         68   init.o
       188         20          0          0          0        160   malloc.o
        36          0          0          0          0         68   memcpya.o
         0          0          0          8          0          0   mvars.o
       246         10          0          0          0        176   printf2.o
         0          0          0          4          0          0   stdout.o

    ----------------------------------------------------------------------
       644         46          0         12          0        472   Library Totals
         2          0          0          0          0          0   (incl. Padding)

    ----------------------------------------------------------------------

      Code (inc. data)   RO Data    RW Data    ZI Data      Debug   Library Name

       642         46          0         12          0        472   mc_w.l

    ----------------------------------------------------------------------
       644         46          0         12          0        472   Library Totals

    ----------------------------------------------------------------------

==============================================================================


      Code (inc. data)   RO Data    RW Data    ZI Data      Debug   

     14548        802      11460        492      29884     840758   Grand Totals
     14548        802      11460        264      29884     840758   ELF Image Totals (compressed)
     14548        802      11460        264          0          0   ROM Totals

==============================================================================

    Total RO  Size (Code + RO Data)                26008 (  25.40kB)
    Total RW  Size (RW Data + ZI Data)             30376 (  29.66kB)
    Total ROM Size (Code + RO Data + RW Data)      26272 (  25.66kB)

==============================================================================

