21:46:32 **** Incremental Build of configuration Debug for project Evk407I_Test ****
make -j12 all 
arm-none-eabi-gcc "../User/pid.c" -mcpu=cortex-m4 -std=gnu11 -g3 -DDEBUG -DUSE_HAL_DRIVER -DSTM32F407xx -c -I../Core/Inc -I../Drivers/STM32F4xx_HAL_Driver/Inc -I../Drivers/STM32F4xx_HAL_Driver/Inc/Legacy -I../Drivers/CMSIS/Device/ST/STM32F4xx/Include -I../Drivers/CMSIS/Include -I../LWIP/App -I../LWIP/Target -I../Middlewares/Third_Party/LwIP/src/include -I../Middlewares/Third_Party/LwIP/system -I../Drivers/BSP/Components/lan8742 -I../Middlewares/Third_Party/LwIP/src/include/netif/ppp -I../Middlewares/Third_Party/LwIP/src/include/lwip -I../Middlewares/Third_Party/LwIP/src/include/lwip/apps -I../Middlewares/Third_Party/LwIP/src/include/lwip/priv -I../Middlewares/Third_Party/LwIP/src/include/lwip/prot -I../Middlewares/Third_Party/LwIP/src/include/netif -I../Middlewares/Third_Party/LwIP/src/include/compat/posix -I../Middlewares/Third_Party/LwIP/src/include/compat/posix/arpa -I../Middlewares/Third_Party/LwIP/src/include/compat/posix/net -I../Middlewares/Third_Party/LwIP/src/include/compat/posix/sys -I../Middlewares/Third_Party/LwIP/src/include/compat/stdc -I../Middlewares/Third_Party/LwIP/system/arch -I"E:/7.Sunshine/Waveshare/Evk407I_Test/workspace/Evk407I_Test/User" -I"E:/7.Sunshine/Waveshare/Evk407I_Test/workspace/Evk407I_Test/Utils" -I"E:/7.Sunshine/Waveshare/Evk407I_Test/workspace/Evk407I_Test/Lib" -O0 -ffunction-sections -fdata-sections -Wall -fstack-usage -fcyclomatic-complexity -MMD -MP -MF"User/pid.d" -MT"User/pid.o" --specs=nano.specs -mfpu=fpv4-sp-d16 -mfloat-abi=hard -mthumb -o "User/pid.o"
arm-none-eabi-gcc -o "Evk407I_Test.elf" @"objects.list"   -mcpu=cortex-m4 -T"E:\7.Sunshine\Waveshare\Evk407I_Test\workspace\Evk407I_Test\STM32F407IGTX_FLASH.ld" --specs=nosys.specs -Wl,-Map="Evk407I_Test.map" -Wl,--gc-sections -static --specs=nano.specs -mfpu=fpv4-sp-d16 -mfloat-abi=hard -mthumb -Wl,--start-group -lc -lm -Wl,--end-group
Finished building target: Evk407I_Test.elf
 
arm-none-eabi-size  Evk407I_Test.elf 
arm-none-eabi-objdump -h -S Evk407I_Test.elf  > "Evk407I_Test.list"
   text	   data	    bss	    dec	    hex	filename
  86892	    144	  35936	 122972	  1e05c	Evk407I_Test.elf
Finished building: default.size.stdout
 
Finished building: Evk407I_Test.list
 
21:46:39 **** Incremental Build of configuration Debug for project Evk407I_Test ****
make -j12 all 
arm-none-eabi-size  Evk407I_Test.elf 
   text	   data	    bss	    dec	    hex	filename
  86892	    144	  35936	 122972	  1e05c	Evk407I_Test.elf
Finished building: default.size.stdout
 
